//my_region/app/Instant/Instant.apk 3-8256
//my_region/app/Instant/lib/arm64/libc++_shared.so 8264-8351
//my_region/app/Instant/lib/arm64/libcanvas.so 8352
//my_region/app/Instant/lib/arm64/libconscrypt_jni.so 8353-8538
//my_region/app/Instant/lib/arm64/libfb.so 8539-8627
//my_region/app/Instant/lib/arm64/libgifimage.so 8628-8657
//my_region/app/Instant/lib/arm64/libhapbridge.so 8658-8746
//my_region/app/Instant/lib/arm64/libimagepipeline.so 8748
//my_region/app/Instant/lib/arm64/libinspector.so 8749-8752
//my_region/app/Instant/lib/arm64/libmmkv.so 8753-8810
//my_region/app/Instant/lib/arm64/libnative-filters.so 8811-8814
//my_region/app/Instant/lib/arm64/libnative-imagetranscoder.so 8815-8871
//my_region/app/Instant/lib/arm64/libnearmelog.so 8872-8880
//my_region/app/Instant/lib/arm64/libopluslog.so 8881-8889
//my_region/app/Instant/lib/arm64/libqjsruntime.so 8890-9086
//my_region/app/Instant/lib/arm64/libstatic-webp.so 9087-9163
//my_region/app/Instant/lib/arm64/libv8runtime.so 9164-10815
//my_region/app/Instant/lib/arm64/libyoga.so 10818-10845
//my_region/app/Instant/oat/arm64/Instant.vdex 10846-10937
//my_region/etc/NOTICE.xml.gz 10938-10943
//my_region/etc/extension/com.oplus.app-features.xml 10948-10949
//my_region/etc/oplus_carrier_config.xml 10950
//my_region/etc/startup/blacklist_default.xml 10951-10954
//my_region/etc/startup/safe_boot_whitelist.xml 10955-10956
//my_region/etc/startup/sys_startup_v3_config_list.xml 10957-10961
//my_region/etc/startup/sys_startupmanager_config_list.xml 10962-10964
//my_region/global/oplus_carrier_list.xml 11130-11133
//my_region/priv-app/OplusCallRecorder/OplusCallRecorder.apk 11134-11656
//my_region/priv-app/OplusCallRecorder/oat/arm64/OplusCallRecorder.vdex 11657-11663
