//my_stock/app/AIMemory/AIMemory.apk 4-14910
//my_stock/app/AIMemory/lib/arm64/libaiunit_sdk_core.so 14922-14923
//my_stock/app/AIMemory/lib/arm64/libnoise.so 14924-14925
//my_stock/app/AIMemory/lib/arm64/libopluslog.so 14926-14934
//my_stock/app/AIMemory/lib/arm64/libscan_engine_decode.so 14935-15404
//my_stock/app/AIMemory/lib/arm64/libscan_engine_detect.so 15405-15747
//my_stock/app/AIMemory/lib/arm64/libtensorflowlite.so 15748-16102
//my_stock/app/AIUnit/AIUnit.apk 16104-32458
//my_stock/app/AIUnit/lib/arm64/libaiunit_framework.so 32469-32568
//my_stock/app/AIUnit/lib/arm64/libaiunit_framework_jni.so 32569-32585
//my_stock/app/AIUnit/lib/arm64/libaiunit_sdk_core.so 32586-32587
//my_stock/app/AIUnit/lib/arm64/libc++.so 32588-32660
//my_stock/app/AIUnit/lib/arm64/libc++_shared.so 32661-32757
//my_stock/app/AIUnit/lib/arm64/libcore_tokenizers.so 32758-33985
//my_stock/app/AIUnit/lib/arm64/libdatastore_shared_counter.so 33986
//my_stock/app/AIUnit/lib/arm64/libdmabufheap.so 33987-33998
//my_stock/app/AIUnit/lib/arm64/libheytaplog.so 33999-34007
//my_stock/app/AIUnit/lib/arm64/libopencv_java4.so 34008-36259
//my_stock/app/AIUnit/lib/arm64/libsqlcipher.so 36260-36749
//my_stock/app/AIUnit/oat/arm64/AIUnit.vdex 36754-36812
//my_stock/app/AIWriter/AIWriter.apk 36813-40218
//my_stock/app/AIWriter/oat/arm64/AIWriter.vdex 40223-40279
//my_stock/app/ARCore/ARCore.apk 40280-40561
//my_stock/app/Aod/Aod.apk 40562-49404
//my_stock/app/Aod/lib/arm64/libVFX.so 49411-49793
//my_stock/app/Aod/lib/arm64/libhandpaintedeffects.so 49794-49843
//my_stock/app/Aod/lib/arm64/liboplus_gifdecoder.so 49844-49870
//my_stock/app/Aod/lib/arm64/liboplus_image_process.so 49871-49872
//my_stock/app/Aod/lib/arm64/liboplusos_lunar.so 49873-49875
//my_stock/app/Aod/oat/arm64/Aod.vdex 49876-49900
//my_stock/app/AssistantScreen/AssistantScreen.apk 49901-58643
//my_stock/app/AssistantScreen/oat/arm64/AssistantScreen.vdex 58652-58746
//my_stock/app/BeaconLink/BeaconLink.apk 58747-62082
//my_stock/app/BeaconLink/oat/arm64/BeaconLink.vdex 62087-62117
//my_stock/app/Browser/Browser.apk 62118-98080
//my_stock/app/COSA/COSA.apk 98111-99588
//my_stock/app/COSA/oat/arm64/COSA.vdex 99591-99620
//my_stock/app/Calculator2/Calculator2.apk 99621-102055
//my_stock/app/Calculator2/oat/arm64/Calculator2.vdex 102059-102084
//my_stock/app/ChildrenSpace/ChildrenSpace.apk 102085-109281
//my_stock/app/ChildrenSpace/oat/arm64/ChildrenSpace.vdex 109287-109312
//my_stock/app/ChromePartnerProvider/ChromePartnerProvider.apk 109313-109502
//my_stock/app/ChromePartnerProvider/oat/arm64/ChromePartnerProvider.vdex 109503-109505
//my_stock/app/Clock/Clock.apk 109506-116712
//my_stock/app/Clock/lib/arm64/libwatergradient.so 116718-116742
//my_stock/app/CloudService/CloudService.apk 116743-122594
//my_stock/app/ColorAccessibilityAssistant/ColorAccessibilityAssistant.apk 122599-128948
//my_stock/app/ColorAccessibilityAssistant/oat/arm64/ColorAccessibilityAssistant.vdex 128956-129017
//my_stock/app/ColorDirectService/ColorDirectService.apk 129018-134050
//my_stock/app/ColorDirectService/oat/arm64/ColorDirectService.vdex 134056-134120
//my_stock/app/Colorx/Colorx.apk 134121-137319
//my_stock/app/Colorx/oat/arm64/Colorx.vdex 137324-137331
//my_stock/app/EmailPartnerProvider/EmailPartnerProvider.apk 137332-137524
//my_stock/app/EmailPartnerProvider/oat/arm64/EmailPartnerProvider.vdex 137525-137527
//my_stock/app/FileEncryption/FileEncryption.apk 137528-139001
//my_stock/app/FileEncryption/oat/arm64/FileEncryption.vdex 139004-139029
//my_stock/app/FileManager/FileManager.apk 139030-144481
//my_stock/app/FileManager/FileManager.apk.prof 144482-144483
//my_stock/app/FileManager/oat/arm64/FileManager.art 144490-144651
//my_stock/app/FileManager/oat/arm64/FileManager.odex 144652-145022
//my_stock/app/FileManager/oat/arm64/FileManager.vdex 145023-145119
//my_stock/app/FloatAssistant/FloatAssistant.apk 145120-150006
//my_stock/app/FloatAssistant/oat/arm64/FloatAssistant.vdex 150013-150038
//my_stock/app/Instant/Instant.apk 150039-158550
//my_stock/app/Instant/lib/arm64/libcanvas.so 158559
//my_stock/app/Instant/lib/arm64/libconscrypt_jni.so 158560-158745
//my_stock/app/Instant/lib/arm64/libfb.so 158746-158834
//my_stock/app/Instant/lib/arm64/libgifimage.so 158835-158864
//my_stock/app/Instant/lib/arm64/libhapbridge.so 158865-158903
//my_stock/app/Instant/lib/arm64/libheytaplog.so 158904-158912
//my_stock/app/Instant/lib/arm64/libimagepipeline.so 158913
//my_stock/app/Instant/lib/arm64/libinfrasjs_snapshot.so 158914-158942
//my_stock/app/Instant/lib/arm64/libinspector.so 158943-158946
//my_stock/app/Instant/lib/arm64/libmmkv.so 158947-159015
//my_stock/app/Instant/lib/arm64/libnative-filters.so 159016-159019
//my_stock/app/Instant/lib/arm64/libnative-imagetranscoder.so 159020-159076
//my_stock/app/Instant/lib/arm64/libnearmelog.so 159077-159085
//my_stock/app/Instant/lib/arm64/libqjsruntime.so 159086-159286
//my_stock/app/Instant/lib/arm64/libsentry-android.so 159287
//my_stock/app/Instant/lib/arm64/libsentry.so 159288-159367
//my_stock/app/Instant/lib/arm64/libspine.so 159368-159439
//my_stock/app/Instant/lib/arm64/libstatic-webp.so 159440-159516
//my_stock/app/Instant/lib/arm64/libv8runtime.so 159517-161487
//my_stock/app/Instant/lib/arm64/libyoga.so 161488-161515
//my_stock/app/Instant/oat/arm64/Instant.vdex 161520-161629
//my_stock/app/KeKePay/KeKePay.apk 161630-166394
//my_stock/app/KeKePay/lib/arm64/libAPSE_8.0.0.so 166399-166761
//my_stock/app/KeKePay/lib/arm64/libDXCaptcha-1.7.2.so 166762-166806
//my_stock/app/KeKePay/lib/arm64/libDXCaptcha-v1.8.1-oppo.ff0703cb.so 166807-166851
//my_stock/app/KeKePay/lib/arm64/libDXRisk-v6.1.7.6r-oppo.74a15db1.so 166852-166894
//my_stock/app/KeKePay/lib/arm64/libDXRiskComm-v6.1.7.6r-oppo.74a15db1.so 166895-167042
//my_stock/app/KeKePay/lib/arm64/libheytaplog.so 167043-167051
//my_stock/app/KeKePay/lib/arm64/libmmkv.so 167052-167125
//my_stock/app/KeKePay/lib/arm64/libmsp-core-lib.so 167126-167147
//my_stock/app/KeKePay/lib/arm64/libnesdk.so 167148-167345
//my_stock/app/KeKePay/lib/arm64/libwb_tables_459410001354613984_1.so 167346-167358
//my_stock/app/KeKePay/lib/arm64/libwbkit-seckit3.so 167359-167373
//my_stock/app/KeKePay/oat/arm64/KeKePay.vdex 167374-167448
//my_stock/app/LocationProxy/LocationProxy.apk 167449-168437
//my_stock/app/LocationProxy/oat/arm64/LocationProxy.vdex 168439-168455
//my_stock/app/MCS/MCS.apk 168456-172011
//my_stock/app/MCS/lib/arm64/libdcc_cipher.so 172016-172017
//my_stock/app/MCS/lib/arm64/libheytap_mcs_cipheralgo_fixed.so 172018-172019
//my_stock/app/MCS/lib/arm64/libmmkv.so 172020-172077
//my_stock/app/MCS/lib/arm64/liboplus_conscrypt_jni.so 172078-172355
//my_stock/app/MCS/oat/arm64/MCS.vdex 172356-172408
//my_stock/app/MSPService/MSPService.apk 172409-177871
//my_stock/app/Melody/Melody.apk 177876-181925
//my_stock/app/Melody/oat/arm64/Melody.vdex 181930-181967
//my_stock/app/OcrScanner/OcrScanner.apk 181968-190940
//my_stock/app/OcrScanner/oat/arm64/OcrScanner.vdex 190949-190983
//my_stock/app/OpenCapabilityService/OpenCapabilityService.apk 190984-191805
//my_stock/app/OpenCapabilityService/oat/arm64/OpenCapabilityService.vdex 191806-191823
//my_stock/app/OplusOperationManual/OplusOperationManual.apk 191824-195395
//my_stock/app/OplusOperationManual/oat/arm64/OplusOperationManual.vdex 195400-195444
//my_stock/app/OplusPhoneActivation/OplusPhoneActivation.apk 195445-196590
//my_stock/app/OplusPhoneActivation/oat/arm64/OplusPhoneActivation.vdex 196593-196610
//my_stock/app/OplusSecurityKeyboard/OplusSecurityKeyboard.apk 196611-196697
//my_stock/app/OppoCompass2/OppoCompass2.apk 196698-198270
//my_stock/app/OppoCompass2/oat/arm64/OppoCompass2.vdex 198273-198288
//my_stock/app/OppoWeather2/OppoWeather2.apk 198289-205686
//my_stock/app/OppoWeather2/oat/arm64/OppoWeather2.vdex 205693-205742
//my_stock/app/OppoWeatherService/OppoWeatherService.apk 205743-207241
//my_stock/app/OppoWeatherService/oat/arm64/OppoWeatherService.vdex 207244-207265
//my_stock/app/PhoneNOAreaInquireProvider/PhoneNOAreaInquireProvider.apk 207266-208003
//my_stock/app/PhoneNOAreaInquireProvider/oat/arm64/PhoneNOAreaInquireProvider.vdex 208004-208006
//my_stock/app/RomUpdate/RomUpdate.apk 208007-208358
//my_stock/app/RomUpdate/oat/arm64/RomUpdate.vdex 208359-208365
//my_stock/app/SceneMode/SceneMode.apk 208366-210766
//my_stock/app/SceneMode/oat/arm64/SceneMode.vdex 210769-210798
//my_stock/app/SecurePay/SecurePay.apk 210799-212824
//my_stock/app/SecurePay/oat/arm64/SecurePay.vdex 212827-212848
//my_stock/app/SecurityGuard/SecurityGuard.apk 212849-213560
//my_stock/app/SecurityGuard/oat/arm64/SecurityGuard.vdex 213561-213565
//my_stock/app/SmartEngine/SmartEngine.apk 213566-217601
//my_stock/app/SmartEngine/lib/arm64/libETC2Loader.so 217605
//my_stock/app/SmartEngine/oat/arm64/SmartEngine.vdex 217606-217636
//my_stock/app/SmartSideBar/SmartSideBar.apk 217637-221179
//my_stock/app/SmartSideBar/oat/arm64/SmartSideBar.vdex 221184-221235
//my_stock/app/SoftsimRedteaRoaming/SoftsimRedteaRoaming.apk 221236-227895
//my_stock/app/SoftsimRedteaRoaming/oat/arm64/SoftsimRedteaRoaming.vdex 227901-227944
//my_stock/app/VariUIEngine/VariUIEngine.apk 227945-229737
//my_stock/app/VariUIEngine/lib/arm64/libVFX.so 229740-230122
//my_stock/app/VariUIEngine/lib/arm64/libffavc.so 230123-230253
//my_stock/app/VariUIEngine/lib/arm64/libfilament-jni.so 230254-230467
//my_stock/app/VariUIEngine/lib/arm64/libfilament-utils-jni.so 230468-230524
//my_stock/app/VariUIEngine/lib/arm64/libglide-webp.so 230525-230584
//my_stock/app/VariUIEngine/lib/arm64/libgltfio-jni.so 230585-231142
//my_stock/app/VariUIEngine/lib/arm64/libhandpaintedeffects.so 231143-231192
//my_stock/app/VariUIEngine/lib/arm64/libliquidfun.so 231193-231235
//my_stock/app/VariUIEngine/lib/arm64/libliquidfun_jni.so 231236-231267
//my_stock/app/VariUIEngine/lib/arm64/liboplus_gifdecoder.so 231268-231294
//my_stock/app/VariUIEngine/lib/arm64/liboplusos_lunar.so 231295-231297
//my_stock/app/VariUIEngine/lib/arm64/libpag.so 231298-231632
//my_stock/app/VariUIEngine/oat/arm64/VariUIEngine.vdex 231633-231660
//my_stock/app/WallpaperChooser/WallpaperChooser.apk 231661-243222
//my_stock/app/WallpaperChooser/oat/arm64/WallpaperChooser.vdex 243230-243263
//my_stock/app/WifiBackupRestore/WifiBackupRestore.apk 243264-244901
//my_stock/app/ambientalert/ambientalert.apk 244904-245514
//my_stock/app/ambientalert/oat/arm64/ambientalert.vdex 245515-245526
//my_stock/applist/applist.txt 245527
//my_stock/del-app/BackupAndRestore/BackupAndRestore.apk 245528-250376
//my_stock/del-app/INOnePlusStore/INOnePlusStore.apk 250381-261564
//my_stock/del-app/NewSoundRecorder/NewSoundRecorder.apk 261572-268937
//my_stock/del-app/OPBreathMode/OPBreathMode.apk 268945-283272
//my_stock/del-app/OPForum/OPForum.apk 283282-289123
//my_stock/del-app/OPWidget/OPWidget.apk 289128-289282
//my_stock/del-app/OppoNote2/OppoNote2.apk 289283-310208
//my_stock/del-app/OppoTranslation/OppoTranslation.apk 310222-320635
//my_stock/del-app/Pictorial/Pictorial.apk 320645-328570
//my_stock/del-app/RiderMode/RiderMode.apk 328579-330188
//my_stock/etc/NOTICE.xml.gz 330191-330227
//my_stock/etc/Operator_Ringback_Tone_List.xml 330228
//my_stock/etc/string_super_computing.zip 330229-330247
//my_stock/etc/sys_alipay_model_list.json 330248
//my_stock/etc/extension/com.oplus.app-features.xml 330249
//my_stock/etc/extension/config_clear_settings_provider_key_settings_app_op.xml 330250
//my_stock/etc/extension/config_processor_com.android.settings.xml 330251
//my_stock/etc/extension/sys_memory_nirvana_config.xml 330252
//my_stock/etc/extension/sys_osense_appmng_decisionmaker_config.xml 330253
//my_stock/etc/extension/sys_osense_feature_common_config.xml 330254
//my_stock/etc/extension/sys_osense_memory_config.xml 330255
//my_stock/etc/extension/sys_osense_memory_decisionmaker_config.xml 330256
//my_stock/etc/extension/sys_preload_config.xml 330257
//my_stock/etc/permissions/default_grant_permissions_list.xml 330258
//my_stock/etc/permissions/privapp-permissions-oplus-legacy.xml 330259
//my_stock/etc/permissions/privapp-permissions-oplus-product.xml 330260
//my_stock/etc/permissions/privapp-permissions-oplus.xml 330261
//my_stock/media/audio/alarms/Dynamic_Weather.ogg 330262-330429
//my_stock/media/audio/alarms/Rise.ogg 330430-330595
//my_stock/media/audio/dynamic/notifications/ClassElectronic1_1.ogg 330597-330600
//my_stock/media/audio/dynamic/notifications/ClassElectronic1_10.ogg 330601-330604
//my_stock/media/audio/dynamic/notifications/ClassElectronic1_11.ogg 330605-330608
//my_stock/media/audio/dynamic/notifications/ClassElectronic1_12.ogg 330609-330612
//my_stock/media/audio/dynamic/notifications/ClassElectronic1_13.ogg 330613-330616
//my_stock/media/audio/dynamic/notifications/ClassElectronic1_14.ogg 330617-330620
//my_stock/media/audio/dynamic/notifications/ClassElectronic1_2.ogg 330621-330624
//my_stock/media/audio/dynamic/notifications/ClassElectronic1_3.ogg 330625-330628
//my_stock/media/audio/dynamic/notifications/ClassElectronic1_4.ogg 330629-330632
//my_stock/media/audio/dynamic/notifications/ClassElectronic1_5.ogg 330633-330636
//my_stock/media/audio/dynamic/notifications/ClassElectronic1_6.ogg 330637-330640
//my_stock/media/audio/dynamic/notifications/ClassElectronic1_7.ogg 330641-330644
//my_stock/media/audio/dynamic/notifications/ClassElectronic1_8.ogg 330645-330648
//my_stock/media/audio/dynamic/notifications/ClassElectronic1_9.ogg 330649-330652
//my_stock/media/audio/dynamic/notifications/ClassElectronicPreview.ogg 330653-330706
//my_stock/media/audio/dynamic/notifications/Drop1_1.ogg 330707
//my_stock/media/audio/dynamic/notifications/Drop1_10.ogg 330708
//my_stock/media/audio/dynamic/notifications/Drop1_11.ogg 330709
//my_stock/media/audio/dynamic/notifications/Drop1_12.ogg 330710
//my_stock/media/audio/dynamic/notifications/Drop1_2.ogg 330711
//my_stock/media/audio/dynamic/notifications/Drop1_3.ogg 330712
//my_stock/media/audio/dynamic/notifications/Drop1_4.ogg 330713
//my_stock/media/audio/dynamic/notifications/Drop1_5.ogg 330714
//my_stock/media/audio/dynamic/notifications/Drop1_6.ogg 330715
//my_stock/media/audio/dynamic/notifications/Drop1_7.ogg 330716
//my_stock/media/audio/dynamic/notifications/Drop1_8.ogg 330717
//my_stock/media/audio/dynamic/notifications/Drop1_9.ogg 330718
//my_stock/media/audio/dynamic/notifications/DropPreview.ogg 330719-330743
//my_stock/media/audio/dynamic/notifications/Harp1_1.ogg 330744-330756
//my_stock/media/audio/dynamic/notifications/Harp1_10.ogg 330757-330771
//my_stock/media/audio/dynamic/notifications/Harp1_11.ogg 330772-330785
//my_stock/media/audio/dynamic/notifications/Harp1_12.ogg 330786-330800
//my_stock/media/audio/dynamic/notifications/Harp1_13.ogg 330801-330810
//my_stock/media/audio/dynamic/notifications/Harp1_14.ogg 330811-330821
//my_stock/media/audio/dynamic/notifications/Harp1_15.ogg 330822-330836
//my_stock/media/audio/dynamic/notifications/Harp1_16.ogg 330837-330845
//my_stock/media/audio/dynamic/notifications/Harp1_2.ogg 330846-330855
//my_stock/media/audio/dynamic/notifications/Harp1_3.ogg 330856-330868
//my_stock/media/audio/dynamic/notifications/Harp1_4.ogg 330869-330878
//my_stock/media/audio/dynamic/notifications/Harp1_5.ogg 330879-330891
//my_stock/media/audio/dynamic/notifications/Harp1_6.ogg 330892-330903
//my_stock/media/audio/dynamic/notifications/Harp1_7.ogg 330904-330913
//my_stock/media/audio/dynamic/notifications/Harp1_8.ogg 330914-330926
//my_stock/media/audio/dynamic/notifications/Harp1_9.ogg 330927-330939
//my_stock/media/audio/dynamic/notifications/HarpPreview.ogg 330940-331021
//my_stock/media/audio/dynamic/notifications/MusicBox1_1.ogg 331022-331029
//my_stock/media/audio/dynamic/notifications/MusicBox1_10.ogg 331030-331039
//my_stock/media/audio/dynamic/notifications/MusicBox1_2.ogg 331040-331048
//my_stock/media/audio/dynamic/notifications/MusicBox1_3.ogg 331049-331057
//my_stock/media/audio/dynamic/notifications/MusicBox1_4.ogg 331058-331065
//my_stock/media/audio/dynamic/notifications/MusicBox1_5.ogg 331066-331074
//my_stock/media/audio/dynamic/notifications/MusicBox1_6.ogg 331075-331082
//my_stock/media/audio/dynamic/notifications/MusicBox1_7.ogg 331083-331089
//my_stock/media/audio/dynamic/notifications/MusicBox1_8.ogg 331090-331098
//my_stock/media/audio/dynamic/notifications/MusicBox1_9.ogg 331099-331106
//my_stock/media/audio/dynamic/notifications/MusicBoxPreview.ogg 331107-331140
//my_stock/media/audio/easter_egg_call/mysterious.ogg 331170-331195
//my_stock/media/audio/notifications/A_gust_of_wind.ogg 331197-331201
//my_stock/media/audio/notifications/Allay.ogg 331202-331203
//my_stock/media/audio/notifications/Allusion.ogg 331204-331208
//my_stock/media/audio/notifications/Amiable.ogg 331209-331216
//my_stock/media/audio/notifications/Blare.ogg 331217-331222
//my_stock/media/audio/notifications/Blink.ogg 331223-331229
//my_stock/media/audio/notifications/Blissful.ogg 331230-331238
//my_stock/media/audio/notifications/Brisk.ogg 331239-331241
//my_stock/media/audio/notifications/Bubble.ogg 331242-331243
//my_stock/media/audio/notifications/Cheerful.ogg 331244-331246
//my_stock/media/audio/notifications/Clear.ogg 331247-331249
//my_stock/media/audio/notifications/Clouds.ogg 331250-331259
//my_stock/media/audio/notifications/Comely.ogg 331260-331266
//my_stock/media/audio/notifications/Cozy.ogg 331267-331276
//my_stock/media/audio/notifications/Crystal.ogg 331277-331284
//my_stock/media/audio/notifications/Dew_on_the_bamboo.ogg 331285-331290
//my_stock/media/audio/notifications/Ding.ogg 331291-331297
//my_stock/media/audio/notifications/Dragonfly.ogg 331298-331302
//my_stock/media/audio/notifications/Droplets.ogg 331303-331307
//my_stock/media/audio/notifications/Effervesce.ogg 331308-331311
//my_stock/media/audio/notifications/Elegant.ogg 331312-331319
//my_stock/media/audio/notifications/Fairy_realm.ogg 331320-331330
//my_stock/media/audio/notifications/Free.ogg 331331-331337
//my_stock/media/audio/notifications/Full_moon.ogg 331338-331344
//my_stock/media/audio/notifications/Glistening.ogg 331345-331353
//my_stock/media/audio/notifications/Hallucination.ogg 331354-331359
//my_stock/media/audio/notifications/Inbound.ogg 331360-331366
//my_stock/media/audio/notifications/Light.ogg 331367-331369
//my_stock/media/audio/notifications/Meet.ogg 331370-331374 331375
//my_stock/media/audio/notifications/Naivety.ogg 331376-331383
//my_stock/media/audio/notifications/Quickly.ogg 331384-331386
//my_stock/media/audio/notifications/Raindrop.ogg 331387-331394
//my_stock/media/audio/notifications/Reverberation.ogg 331395-331405
//my_stock/media/audio/notifications/Rhythm.ogg 331406-331409
//my_stock/media/audio/notifications/Serenity.ogg 331410-331417
//my_stock/media/audio/notifications/Shooting_star.ogg 331418-331427
//my_stock/media/audio/notifications/Slipping.ogg 331428-331433
//my_stock/media/audio/notifications/Sliver_of_light.ogg 331434-331441
//my_stock/media/audio/notifications/Snow_underfoot.ogg 331442-331449
//my_stock/media/audio/notifications/Snowflake.ogg 331450-331455
//my_stock/media/audio/notifications/Splash.ogg 331456-331464
//my_stock/media/audio/notifications/Surprise.ogg 331465-331469
//my_stock/media/audio/notifications/Twinkle.ogg 331470-331478
//my_stock/media/audio/notifications/Warming_sun.ogg 331479-331485
//my_stock/media/audio/notifications/Whoop_doop.ogg 331486-331488
//my_stock/media/audio/notifications/Wind_chime.ogg 331489-331495
//my_stock/media/audio/ringtones/Alacrity.ogg 331508-331603
//my_stock/media/audio/ringtones/Alarm_clock.ogg 331604-331612
//my_stock/media/audio/ringtones/Amenity.ogg 331613-331660
//my_stock/media/audio/ringtones/Beep.ogg 331661-331669
//my_stock/media/audio/ringtones/Blanket_of_snow.ogg 331670-331736
//my_stock/media/audio/ringtones/Blues.ogg 331737-331807
//my_stock/media/audio/ringtones/Bounce.ogg 331808-331843
//my_stock/media/audio/ringtones/Breeze.ogg 331844-331965
//my_stock/media/audio/ringtones/Calm.ogg 331966-331991
//my_stock/media/audio/ringtones/Chase.ogg 331992-332186
//my_stock/media/audio/ringtones/Climber.ogg 332187-332688
//my_stock/media/audio/ringtones/Cloud.ogg 332689-332755
//my_stock/media/audio/ringtones/Cloudscape.ogg 332756-332855
//my_stock/media/audio/ringtones/Cyclotron.ogg 332856-332917
//my_stock/media/audio/ringtones/Dawn.ogg 332918-333048
//my_stock/media/audio/ringtones/Distinct.ogg 333049-333071
//my_stock/media/audio/ringtones/Dream.ogg 333072-333205
//my_stock/media/audio/ringtones/Drizzling.ogg 333206-333303
//my_stock/media/audio/ringtones/Dynamic.ogg 333304-333375
//my_stock/media/audio/ringtones/Eager.ogg 333376-333464
//my_stock/media/audio/ringtones/Ebullition.ogg 333465-333525
//my_stock/media/audio/ringtones/Echo.ogg 333526-333586
//my_stock/media/audio/ringtones/Expect.ogg 333587-333617
//my_stock/media/audio/ringtones/Fanatical.ogg 333618-333707
//my_stock/media/audio/ringtones/Far_away.ogg 333708-333807
//my_stock/media/audio/ringtones/First_rays.ogg 333808-333854
//my_stock/media/audio/ringtones/Fluttering.ogg 333855-333938
//my_stock/media/audio/ringtones/Flyer.ogg 333939-334014
//my_stock/media/audio/ringtones/Forest_morning.ogg 334015-334106
//my_stock/media/audio/ringtones/Friendship.ogg 334107-334195
//my_stock/media/audio/ringtones/Funky.ogg 334196-334229
//my_stock/media/audio/ringtones/Good_energy.ogg 334230-334330
//my_stock/media/audio/ringtones/Guitar.ogg 334331-334391
//my_stock/media/audio/ringtones/Harping.ogg 334392-334442
//my_stock/media/audio/ringtones/Highlight.ogg 334443-334474
//my_stock/media/audio/ringtones/Idyl.ogg 334475-334540
//my_stock/media/audio/ringtones/Innocence.ogg 334541-334618
//my_stock/media/audio/ringtones/Interesting.ogg 334619-334727
//my_stock/media/audio/ringtones/Jazz_life.ogg 334728-334803
//my_stock/media/audio/ringtones/Journey.ogg 334804-334894
//my_stock/media/audio/ringtones/Joyous.ogg 334895-334917
//my_stock/media/audio/ringtones/Lazy.ogg 334918-334986
//my_stock/media/audio/ringtones/Leisurely.ogg 334987-335050
//my_stock/media/audio/ringtones/Lotus_by_moonlight.ogg 335051-335134
//my_stock/media/audio/ringtones/Marimba.ogg 335135-335166
//my_stock/media/audio/ringtones/Meditation.ogg 335167-335248
//my_stock/media/audio/ringtones/Memory.ogg 335249-335351
//my_stock/media/audio/ringtones/Mystical.ogg 335352-335417
//my_stock/media/audio/ringtones/Nature.ogg 335418-335480
//my_stock/media/audio/ringtones/Night_sky.ogg 335481-335552
//my_stock/media/audio/ringtones/Old_telephone.ogg 335553-335571
//my_stock/media/audio/ringtones/OnePlus_new_feeling.ogg 335572-335641
//my_stock/media/audio/ringtones/OnePlus_tune.ogg 335642-335699
//my_stock/media/audio/ringtones/OnePlus_tune_rhythm.ogg 335700-335777
//my_stock/media/audio/ringtones/Optimistic.ogg 335778-335855
//my_stock/media/audio/ringtones/Piano.ogg 335856-335937
//my_stock/media/audio/ringtones/Rainforest.ogg 335938-336016
//my_stock/media/audio/ringtones/Relieved.ogg 336017-336115
//my_stock/media/audio/ringtones/Ripple.ogg 336116-336145
//my_stock/media/audio/ringtones/Shimmer.ogg 336146-336177
//my_stock/media/audio/ringtones/Slowly.ogg 336178-336712
//my_stock/media/audio/ringtones/Snow_falling.ogg 336713-336788
//my_stock/media/audio/ringtones/Spring.ogg 336789-336959
//my_stock/media/audio/ringtones/Stars.ogg 336960-337048
//my_stock/media/audio/ringtones/Summer_beach.ogg 337049-337106
//my_stock/media/audio/ringtones/Summer_night.ogg 337107-337183
//my_stock/media/audio/ringtones/Sun_glittering.ogg 337184-337252
//my_stock/media/audio/ringtones/Sunlight_on_snow.ogg 337253-337311
//my_stock/media/audio/ringtones/Sunrise.ogg 337312-337335
//my_stock/media/audio/ringtones/Sunset.ogg 337336-337448
//my_stock/media/audio/ringtones/Surging.ogg 337449-337497
//my_stock/media/audio/ringtones/Tactfully.ogg 337498-337697
//my_stock/media/audio/ringtones/The_wind.ogg 337698-337784
//my_stock/media/audio/ringtones/Tranquil.ogg 337785-337875
//my_stock/media/audio/ringtones/Twinkling_stars.ogg 337876-337954
//my_stock/media/audio/ringtones/Verdant_lotus_pond.ogg 337955-338008
//my_stock/media/audio/ringtones/Waking_city.ogg 338009-338081
//my_stock/media/audio/ringtones/Walking_in_the_rain.ogg 338082-338158
//my_stock/media/audio/ringtones/Whirl.ogg 338159-338200
//my_stock/media/audio/ui/Usb.ogg 338214-338216
//my_stock/media/audio/ui/VolumePanelSound.ogg 338217
//my_stock/media/audio/ui/WheelPicker.ogg 338218
//my_stock/media/audio/ui/camera_click.wav 338219-338241
//my_stock/media/audio/ui/charge.mp3 338242-338243
//my_stock/media/audio/ui/cover.mp3 338244-338246
//my_stock/media/audio/ui/critical_lowbattery.ogg 338247-338250
//my_stock/media/audio/ui/delete.mp3 338251
//my_stock/media/audio/ui/delete3.mp3 338252-338256
//my_stock/media/audio/ui/dew.wav 338257
//my_stock/media/audio/ui/ebook_open.mp3 338258-338261
//my_stock/media/audio/ui/ebook_open2.mp3 338262-338263
//my_stock/media/audio/ui/ebook_page1.mp3 338264-338276
//my_stock/media/audio/ui/ebook_page3.mp3 338277-338284
//my_stock/media/audio/ui/error.mp3 338285-338286
//my_stock/media/audio/ui/extended_effect_a.ogg 338287-338291
//my_stock/media/audio/ui/extended_effect_b.ogg 338292-338299
//my_stock/media/audio/ui/full_battery.ogg 338300-338302
//my_stock/media/audio/ui/global_delete.ogg 338303 338304
//my_stock/media/audio/ui/inefficacy.mp3 338305-338306
//my_stock/media/audio/ui/lomo_click.mp3 338307-338308
//my_stock/media/audio/ui/lowbattery.mp3 338309-338315
//my_stock/media/audio/ui/machine.mp3 338316-338320
//my_stock/media/audio/ui/mechanism_down.ogg 338321-338326
//my_stock/media/audio/ui/mechanism_up.ogg 338327-338331
//my_stock/media/audio/ui/normal_lowbattery.ogg 338332-338336
//my_stock/media/audio/ui/numberpicker_click.ogg 338337
//my_stock/media/audio/ui/powerlow.mp3 338338-338344
//my_stock/media/audio/ui/poweroff.mp3 338345-338390
//my_stock/media/audio/ui/poweron.mp3 338391-338436
//my_stock/media/audio/ui/pure_music_down.ogg 338437-338442
//my_stock/media/audio/ui/pure_music_up.ogg 338443-338447
//my_stock/media/audio/ui/slight_feedback.ogg 338448
//my_stock/media/audio/ui/sound_10s.mp3 338449-338498
//my_stock/media/audio/ui/sound_5s.mp3 338499-338521
//my_stock/media/audio/ui/technology_down.ogg 338522-338525
//my_stock/media/audio/ui/technology_up.ogg 338526-338530
//my_stock/media/audio/ui/touch.mp3 338531
//my_stock/media/audio/ui/touch2.mp3 338532-338533
//my_stock/media/audio/ui/touch3.mp3 338534-338536
//my_stock/media/audio/ui/uncover.mp3 338537-338539
//my_stock/media/audio/ui/warning3.mp3 338540-338541
//my_stock/media/audio/ui/warrning.mp3 338542-338543
//my_stock/media/audio/ui/weather_alarm_cloud.ogg 338544-338628
//my_stock/media/audio/ui/weather_alarm_cloud2.ogg 338629-338713
//my_stock/media/audio/ui/weather_alarm_cloud3.ogg 338714-338793
//my_stock/media/audio/ui/weather_alarm_cloud4.ogg 338794-338855
//my_stock/media/audio/ui/weather_alarm_default.ogg 338856-338978
//my_stock/media/audio/ui/weather_alarm_haze.ogg 338979-339046
//my_stock/media/audio/ui/weather_alarm_haze2.ogg 339047-339111
//my_stock/media/audio/ui/weather_alarm_rain.ogg 339112-339178
//my_stock/media/audio/ui/weather_alarm_rain2.ogg 339179-339239
//my_stock/media/audio/ui/weather_alarm_snow.ogg 339240-339313
//my_stock/media/audio/ui/weather_alarm_snow2.ogg 339314-339455
//my_stock/media/audio/ui/weather_alarm_sun.ogg 339456-339542
//my_stock/media/audio/ui/weather_alarm_sun2.ogg 339543-339627
//my_stock/media/audio/ui/weather_alarm_sun3.ogg 339628-339791
//my_stock/media/audio/ui/weather_alarm_sun4.ogg 339792-339876
//my_stock/media/audio/ui/weather_alarm_thunderstorm.ogg 339877-339941
//my_stock/media/audio/ui/weather_alarm_thunderstorm2.ogg 339942-340057
//my_stock/media/audio/ui/weather_alarm_thunderstorm3.ogg 340058-340118
//my_stock/media/audio/ui/weather_alarm_wind.ogg 340119-340191
//my_stock/media/audio/ui/weather_alarm_wind2.ogg 340192-340276
//my_stock/media/theme/uxicons/morph_icons_whitelist.xml 340290-340291
//my_stock/non_overlay/app/OBrain/OBrain.apk 340293-340817
//my_stock/opex/Omoji.opex 340818-366941
//my_stock/oplus/startup_config.xml 366959
//my_stock/oplus/startup_manager.xml 366960-366962
//my_stock/oplus/sys_alarm_filterpackages_list.xml 366963
//my_stock/overlay/market_exp_overlay.apk 366964-367002
//my_stock/overlay/OplusFwkResOverlay/OplusFwkResOverlay.apk 367003-367010
//my_stock/overlay/OplusSystemuiResOverlay/OplusSystemuiResOverlay.apk 367011-367019
//my_stock/priv-app/AccessoryFramework/AccessoryFramework.apk 367021-374329
//my_stock/priv-app/AccessoryFramework/oat/arm64/AccessoryFramework.vdex 374337-374429
//my_stock/priv-app/BlackListApp/BlackListApp.apk 374430-376230
//my_stock/priv-app/BlackListApp/oat/arm64/BlackListApp.vdex 376233-376264
//my_stock/priv-app/ColorfulEngine/ColorfulEngine.apk 376265-380933
//my_stock/priv-app/ColorfulEngine/oat/arm64/ColorfulEngine.vdex 380938-380981
//my_stock/priv-app/Contacts/Contacts.apk 380982-389838
//my_stock/priv-app/Contacts/Contacts.apk.prof 389839-389842
//my_stock/priv-app/Contacts/oat/arm64/Contacts.art 389851-390060
//my_stock/priv-app/Contacts/oat/arm64/Contacts.odex 390061-390678
//my_stock/priv-app/Contacts/oat/arm64/Contacts.vdex 390679-390751
//my_stock/priv-app/Cota/Cota.apk 390753-392279
//my_stock/priv-app/Cota/oat/arm64/Cota.vdex 392282-392304
//my_stock/priv-app/DCS/DCS.apk 392305-394067
//my_stock/priv-app/DCS/oat/arm64/DCS.vdex 394070-394099
//my_stock/priv-app/DSF/DSF.apk 394100-396033
//my_stock/priv-app/DSF/oat/arm64/DSF.vdex 396036-396061
//my_stock/priv-app/DeviceIntegrationService/DeviceIntegrationService.apk 396062-396492
//my_stock/priv-app/DeviceIntegrationService/oat/arm64/DeviceIntegrationService.vdex 396493-396500
//my_stock/priv-app/GlobalSearch/GlobalSearch.apk 396501-406842
//my_stock/priv-app/GlobalSearch/oat/arm64/GlobalSearch.vdex 406853-407007
//my_stock/priv-app/HeyCast/HeyCast.apk 407008-408586
//my_stock/priv-app/HeyCast/oat/arm64/HeyCast.vdex 408589-408610
//my_stock/priv-app/InCallUI/InCallUI.apk 408611-411563
//my_stock/priv-app/InCallUI/oat/arm64/InCallUI.vdex 411567-411604
//my_stock/priv-app/KeKeMarket/KeKeMarket.apk 411605-422647
//my_stock/priv-app/KeKeMarket/oat/arm64/KeKeMarket.vdex 422659-422819
//my_stock/priv-app/KeKeThemeSpace/KeKeThemeSpace.apk 422820-440375
//my_stock/priv-app/KeKeThemeSpace/oat/arm64/KeKeThemeSpace.vdex 440392-440615
//my_stock/priv-app/KeKeUserCenter/KeKeUserCenter.apk 440616-450975
//my_stock/priv-app/KeKeUserCenter/oat/arm64/KeKeUserCenter.vdex 450983-451044
//my_stock/priv-app/LinktoWindows/LinktoWindows.apk 451045-462976
//my_stock/priv-app/LinktoWindows/oat/arm64/LinktoWindows.vdex 462989-463168
//my_stock/priv-app/LockAssistant/LockAssistant.apk 463169-464662
//my_stock/priv-app/LockAssistant/oat/arm64/LockAssistant.vdex 464665-464695
//my_stock/priv-app/MDSService/MDSService.apk 464696-465593
//my_stock/priv-app/MDSService/oat/arm64/MDSService.vdex 465594-465605
//my_stock/priv-app/MediaTurbo/MediaTurbo.apk 465606-466462
//my_stock/priv-app/MediaTurbo/oat/arm64/MediaTurbo.vdex 466464-466477
//my_stock/priv-app/Metis/Metis.apk 466478-468836
//my_stock/priv-app/Metis/oat/arm64/Metis.vdex 468840-468890
//my_stock/priv-app/Mms/Mms.apk 468891-478716
//my_stock/priv-app/Mms/Mms.apk.prof 478717-478720
//my_stock/priv-app/Mms/oat/arm64/Mms.art 478731-478812
//my_stock/priv-app/Mms/oat/arm64/Mms.odex 478813-479301
//my_stock/priv-app/Mms/oat/arm64/Mms.vdex 479302-479394
//my_stock/priv-app/MyDevices/MyDevices.apk 479395-483672
//my_stock/priv-app/MyDevices/oat/arm64/MyDevices.vdex 483677-483718
//my_stock/priv-app/NumberRecognition/NumberRecognition.apk 483719-485204
//my_stock/priv-app/NumberRecognition/oat/arm64/NumberRecognition.vdex 485207-485224
//my_stock/priv-app/OPMemberShip/OPMemberShip.apk 485225-490985
//my_stock/priv-app/OPMemberShip/oat/arm64/OPMemberShip.vdex 490992-491071
//my_stock/priv-app/OPSynergy/OPSynergy.apk 491072-497264
//my_stock/priv-app/OPSynergy/oat/arm64/OPSynergy.vdex 497272-497353
//my_stock/priv-app/OShare/OShare.apk 497354-500273
//my_stock/priv-app/OShare/oat/arm64/OShare.vdex 500277-500325
//my_stock/priv-app/Omacp/Omacp.apk 500326-501201
//my_stock/priv-app/Omacp/oat/arm64/Omacp.vdex 501202-501216
//my_stock/priv-app/OplusBootReg/OplusBootReg.apk 501217-507526
//my_stock/priv-app/OplusBootReg/OplusBootReg.apk.prof 507527
//my_stock/priv-app/OplusBootReg/oat/arm64/OplusBootReg.art 507535-507589
//my_stock/priv-app/OplusBootReg/oat/arm64/OplusBootReg.odex 507590-507767
//my_stock/priv-app/OplusBootReg/oat/arm64/OplusBootReg.vdex 507768-507815
//my_stock/priv-app/OplusGames/OplusGames.apk 507816-524707
//my_stock/priv-app/OplusGames/oat/arm64/OplusGames.vdex 524724-524939
//my_stock/priv-app/OplusScreenRecorder/OplusScreenRecorder.apk 524940-527195
//my_stock/priv-app/OplusScreenRecorder/oat/arm64/OplusScreenRecorder.vdex 527199-527226
//my_stock/priv-app/OppoGallery2/OppoGallery2.apk 527227-572399
//my_stock/priv-app/OppoGallery2/OppoGallery2.apk.prof 572400-572404
//my_stock/priv-app/OppoGallery2/oat/arm64/OppoGallery2.art 572442-572915
//my_stock/priv-app/OppoGallery2/oat/arm64/OppoGallery2.odex 572916-573212
//my_stock/priv-app/OppoGallery2/oat/arm64/OppoGallery2.vdex 573213-573496
//my_stock/priv-app/OppoTranslationService/OppoTranslationService.apk 573497-573504
//my_stock/priv-app/PhoneManager/PhoneManager.apk 573505-585941
//my_stock/priv-app/PhoneManager/lib/arm64/libaiunit_sdk_core.so 585953-585954
//my_stock/priv-app/PhoneManager/lib/arm64/libcrypto.so 585955-585977
//my_stock/priv-app/PhoneManager/lib/arm64/libdcc_cipher.so 585978-585979
//my_stock/priv-app/PhoneManager/lib/arm64/libmmkv.so 585980-586061
//my_stock/priv-app/SandboxRuntime/SandboxRuntime.apk 586062-586094
//my_stock/priv-app/SandboxRuntime/oat/arm64/SandboxRuntime.vdex 586095
//my_stock/priv-app/SceneService/SceneService.apk 586096-590190
//my_stock/priv-app/Screenshot/Screenshot.apk 590195-595975
//my_stock/priv-app/Screenshot/oat/arm64/Screenshot.vdex 595981-596023
//my_stock/priv-app/StdSP/StdSP.apk 596024-615932
//my_stock/priv-app/StdSP/oat/arm64/StdSP.vdex 615947-615965
//my_stock/priv-app/UMS/UMS.apk 615966-624121
//my_stock/priv-app/UMS/oat/arm64/UMS.vdex 624128-624185
//my_stock/priv-app/VideoGallery/VideoGallery.apk 624186-636661
//my_stock/priv-app/Wallpapers/Wallpapers.apk 636672-651050
//my_stock/priv-app/Wallpapers/oat/arm64/Wallpapers.vdex 651062-651168
//my_stock/priv-app/dmp/dmp.apk 651169-658672
//my_stock/priv-app/dmp/oat/arm64/dmp.vdex 658681-658836
