//my_stock/app/AIMemory/AIMemory.apk 1-10070
//my_stock/app/AIMemory/lib/arm64/libaiunit_sdk_core.so 10079-10080
//my_stock/app/AIMemory/lib/arm64/libscan_engine_decode.so 10081-10550
//my_stock/app/AIMemory/lib/arm64/libscan_engine_detect.so 10551-10893
//my_stock/app/AIMemory/lib/arm64/libtensorflowlite.so 10895-11249
//my_stock/app/AIUnit/AIUnit.apk 11250-31141
//my_stock/app/AIUnit/lib/arm64/libQnnDsp.so 31154-31326
//my_stock/app/AIUnit/lib/arm64/libQnnDspV65Stub.so 31327-31368
//my_stock/app/AIUnit/lib/arm64/libQnnDspV66Stub.so 31369-31401
//my_stock/app/AIUnit/lib/arm64/libQnnHtp.so 31402-31655
//my_stock/app/AIUnit/lib/arm64/libQnnHtpNetRunExtensions.so 31656-31738
//my_stock/app/AIUnit/lib/arm64/libQnnHtpPrepare.so 31739-38176
//my_stock/app/AIUnit/lib/arm64/libQnnHtpV68Stub.so 38184-38234
//my_stock/app/AIUnit/lib/arm64/libQnnHtpV69Stub.so 38235-38286
//my_stock/app/AIUnit/lib/arm64/libQnnHtpV73Stub.so 38287-38339
//my_stock/app/AIUnit/lib/arm64/libQnnHtpV75Stub.so 38340-38392
//my_stock/app/AIUnit/lib/arm64/libQnnHtpV79Stub.so 38393-38445
//my_stock/app/AIUnit/lib/arm64/libQnnSystem.so 38446-38662
//my_stock/app/AIUnit/lib/arm64/libaiboost.so 38663-39756
//my_stock/app/AIUnit/lib/arm64/libaiboost_llm.so 39759-39825
//my_stock/app/AIUnit/lib/arm64/libaiboost_neuron_delegate.so 39826-39915
//my_stock/app/AIUnit/lib/arm64/libaiboost_qnn_external_delegate.so 39916-40033
//my_stock/app/AIUnit/lib/arm64/libaiunit_framework.so 40034-40126
//my_stock/app/AIUnit/lib/arm64/libaiunit_framework_jni.so 40127-40138
//my_stock/app/AIUnit/lib/arm64/libaiunit_sdk_core.so 40139-40140
//my_stock/app/AIUnit/lib/arm64/libc++.so 40141-40213
//my_stock/app/AIUnit/lib/arm64/libc++_shared.so 40214-40310
//my_stock/app/AIUnit/lib/arm64/libcore_tokenizers.so 40311-41538
//my_stock/app/AIUnit/lib/arm64/libdatastore_shared_counter.so 41540
//my_stock/app/AIUnit/lib/arm64/libdmabufheap.so 41541-41552
//my_stock/app/AIUnit/lib/arm64/libheytaplog.so 41553-41561
//my_stock/app/AIUnit/lib/arm64/libmtk_llm.so 41562-41862
//my_stock/app/AIUnit/lib/arm64/libopencv_java4.so 41863-44113
//my_stock/app/AIUnit/lib/arm64/libqcom_llm.so 44117-44412
//my_stock/app/AIUnit/lib/arm64/libsqlcipher.so 44413-44902
//my_stock/app/AIUnit/lib/arm64/libtransformer_lite.so 44903-45395
//my_stock/app/AIUnit/oat/arm64/AIUnit.vdex 45397-45448
//my_stock/app/ARCore/ARCore.apk 45449-45730
//my_stock/app/Aod/Aod.apk 45731-54705
//my_stock/app/Aod/lib/arm64/libVFX.so 54712-55094
//my_stock/app/Aod/lib/arm64/libhandpaintedeffects.so 55095-55144
//my_stock/app/Aod/lib/arm64/liboplus_gifdecoder.so 55145-55171
//my_stock/app/Aod/lib/arm64/liboplus_image_process.so 55172-55173
//my_stock/app/Aod/lib/arm64/liboplusos_lunar.so 55174-55176
//my_stock/app/Aod/oat/arm64/Aod.vdex 55177-55201
//my_stock/app/AssistantScreen/AssistantScreen.apk 55202-64599
//my_stock/app/AssistantScreen/oat/arm64/AssistantScreen.vdex 64608-64723
//my_stock/app/BeaconLink/BeaconLink.apk 64724-68050
//my_stock/app/BeaconLink/oat/arm64/BeaconLink.vdex 68055-68085
//my_stock/app/Browser/Browser.apk 68086-103614
//my_stock/app/COSA/COSA.apk 103644-108839
//my_stock/app/COSA/oat/arm64/COSA.vdex 108845-108869
//my_stock/app/Calculator2/Calculator2.apk 108870-111305
//my_stock/app/Calculator2/oat/arm64/Calculator2.vdex 111309-111334
//my_stock/app/ChildrenSpace/ChildrenSpace.apk 111335-118711
//my_stock/app/ChildrenSpace/oat/arm64/ChildrenSpace.vdex 118717-118743
//my_stock/app/ChromePartnerProvider/ChromePartnerProvider.apk 118744-118933
//my_stock/app/ChromePartnerProvider/oat/arm64/ChromePartnerProvider.vdex 118934-118936
//my_stock/app/Clock/Clock.apk 118937-124192
//my_stock/app/Clock/lib/arm64/libwatergradient.so 124197-124221
//my_stock/app/CloudService/CloudService.apk 124222-130257
//my_stock/app/ColorAccessibilityAssistant/ColorAccessibilityAssistant.apk 130262-134957
//my_stock/app/ColorAccessibilityAssistant/oat/arm64/ColorAccessibilityAssistant.vdex 134963-135003
//my_stock/app/ColorDirectService/ColorDirectService.apk 135004-139105
//my_stock/app/ColorDirectService/oat/arm64/ColorDirectService.vdex 139110-139159
//my_stock/app/EmailPartnerProvider/EmailPartnerProvider.apk 139160-139352
//my_stock/app/EmailPartnerProvider/oat/arm64/EmailPartnerProvider.vdex 139353-139355
//my_stock/app/FileEncryption/FileEncryption.apk 139356-140813
//my_stock/app/FileEncryption/oat/arm64/FileEncryption.vdex 140816-140841
//my_stock/app/FileManager/FileManager.apk 140842-146016
//my_stock/app/FileManager/FileManager.apk.prof 146022-146023
//my_stock/app/FileManager/oat/arm64/FileManager.art 146024-146184
//my_stock/app/FileManager/oat/arm64/FileManager.odex 146185-146491
//my_stock/app/FileManager/oat/arm64/FileManager.vdex 146492-146582
//my_stock/app/FloatAssistant/FloatAssistant.apk 146583-151462
//my_stock/app/FloatAssistant/oat/arm64/FloatAssistant.vdex 151469-151494
//my_stock/app/KeKePay/KeKePay.apk 151495-156045
//my_stock/app/KeKePay/lib/arm64/libAPSE_8.0.0.so 156050-156412
//my_stock/app/KeKePay/lib/arm64/libDXCaptcha-1.7.2.so 156413-156457
//my_stock/app/KeKePay/lib/arm64/libDXCaptcha-v1.8.0-oppo.a568ba6d.so 156458-156502
//my_stock/app/KeKePay/lib/arm64/libDXRisk-v6.1.7.5r-oppo.dda1a1a5.so 156503-156545
//my_stock/app/KeKePay/lib/arm64/libDXRiskComm-v6.1.7.5r-oppo.dda1a1a5.so 156546-156713
//my_stock/app/KeKePay/lib/arm64/libheytaplog.so 156714-156722
//my_stock/app/KeKePay/lib/arm64/libmmkv.so 156723-156796
//my_stock/app/KeKePay/lib/arm64/libmsp-core-lib.so 156797-156818
//my_stock/app/KeKePay/lib/arm64/libnesdk.so 156819-157016
//my_stock/app/KeKePay/lib/arm64/libopluslog.so 157017-157025
//my_stock/app/KeKePay/lib/arm64/libwb_tables_459410001354613984_1.so 157026-157038
//my_stock/app/KeKePay/lib/arm64/libwbkit-seckit3.so 157039-157053
//my_stock/app/KeKePay/oat/arm64/KeKePay.vdex 157054-157120
//my_stock/app/LocationProxy/LocationProxy.apk 157121-158109
//my_stock/app/LocationProxy/oat/arm64/LocationProxy.vdex 158111-158127
//my_stock/app/MCS/MCS.apk 158128-161020
//my_stock/app/MCS/lib/arm64/libdcc_cipher.so 161024-161025
//my_stock/app/MCS/lib/arm64/libheytap_mcs_cipheralgo_fixed.so 161026-161027
//my_stock/app/MCS/lib/arm64/libmmkv.so 161028-161085
//my_stock/app/MCS/oat/arm64/MCS.vdex 161086-161134
//my_stock/app/MSPService/MSPService.apk 161135-165873
//my_stock/app/Melody/Melody.apk 165878-169883
//my_stock/app/Melody/oat/arm64/Melody.vdex 169888-169924
//my_stock/app/OcrScanner/OcrScanner.apk 169925-178783
//my_stock/app/OcrScanner/oat/arm64/OcrScanner.vdex 178792-178828
//my_stock/app/OpenCapabilityService/OpenCapabilityService.apk 178829-180290
//my_stock/app/OpenCapabilityService/oat/arm64/OpenCapabilityService.vdex 180293-180317
//my_stock/app/OplusOperationManual/OplusOperationManual.apk 180318-184138
//my_stock/app/OplusOperationManual/oat/arm64/OplusOperationManual.vdex 184143-184188
//my_stock/app/OplusPhoneActivation/OplusPhoneActivation.apk 184189-185417
//my_stock/app/OplusPhoneActivation/oat/arm64/OplusPhoneActivation.vdex 185420-185438
//my_stock/app/OplusSecurityKeyboard/OplusSecurityKeyboard.apk 185439-185525
//my_stock/app/OppoWeather2/OppoWeather2.apk 185526-191154
//my_stock/app/OppoWeather2/oat/arm64/OppoWeather2.vdex 191160-191208
//my_stock/app/OppoWeatherService/OppoWeatherService.apk 191209-192629
//my_stock/app/OppoWeatherService/oat/arm64/OppoWeatherService.vdex 192632-192652
//my_stock/app/PhoneNOAreaInquireProvider/PhoneNOAreaInquireProvider.apk 192653-193381
//my_stock/app/PhoneNOAreaInquireProvider/oat/arm64/PhoneNOAreaInquireProvider.vdex 193382-193384
//my_stock/app/Portrait/Portrait.apk 193385-203669
//my_stock/app/Portrait/lib/arm64/libAncSegBaseJni.so 203676-203717
//my_stock/app/Portrait/lib/arm64/libAncSegBaseSdk.so 203718-204243
//my_stock/app/Portrait/lib/arm64/libCaptureBokeh.so 204244-204351
//my_stock/app/Portrait/lib/arm64/libMNN.so 204352-204521
//my_stock/app/Portrait/lib/arm64/libNvEffectSdkCore.so 204522-205621
//my_stock/app/Portrait/lib/arm64/libancbase_segbase.so 205624-207214
//my_stock/app/Portrait/lib/arm64/libc++_shared.so 207217-207304
//my_stock/app/Portrait/lib/arm64/libcvface_api.so 207305-210605
//my_stock/app/Portrait/lib/arm64/libgraphics-lib.so 210609-210633
//my_stock/app/Portrait/lib/arm64/libimageProcessing.so 210634-210646
//my_stock/app/Portrait/lib/arm64/libjni_cvface_api.so 210647-210675
//my_stock/app/Portrait/lib/arm64/libmsai.so 210676-211036
//my_stock/app/Portrait/lib/arm64/libop-aod-bokeh-jni.qti.so 211037-211058
//my_stock/app/Portrait/lib/arm64/libopencv_java4.so 211059-213214
//my_stock/app/Portrait/lib/arm64/liboplus_image_process.so 213218-213219
//my_stock/app/Portrait/lib/arm64/libyuv2.so 213220-213258
//my_stock/app/Portrait/oat/arm64/Portrait.vdex 213259-213273
//my_stock/app/RomUpdate/RomUpdate.apk 213274-213631
//my_stock/app/SceneMode/SceneMode.apk 213632-215572
//my_stock/app/SceneMode/oat/arm64/SceneMode.vdex 215575-215605
//my_stock/app/SecurePay/SecurePay.apk 215606-217704
//my_stock/app/SecurePay/oat/arm64/SecurePay.vdex 217707-217728
//my_stock/app/SmartEngine/SmartEngine.apk 217729-221685
//my_stock/app/SmartEngine/lib/arm64/libETC2Loader.so 221689
//my_stock/app/SmartEngine/oat/arm64/SmartEngine.vdex 221690-221720
//my_stock/app/SmartSideBar/SmartSideBar.apk 221721-224790
//my_stock/app/SmartSideBar/oat/arm64/SmartSideBar.vdex 224795-224848
//my_stock/app/SoftsimRedteaRoaming/SoftsimRedteaRoaming.apk 224849-231774
//my_stock/app/SoftsimRedteaRoaming/oat/arm64/SoftsimRedteaRoaming.vdex 231780-231825
//my_stock/app/StdSP/StdSP.apk 231826-251038
//my_stock/app/StdSP/oat/arm64/StdSP.vdex 251052-251058
//my_stock/app/VariUIEngine/VariUIEngine.apk 251059-252841
//my_stock/app/VariUIEngine/lib/arm64/libVFX.so 252844-253226
//my_stock/app/VariUIEngine/lib/arm64/libffavc.so 253227-253357
//my_stock/app/VariUIEngine/lib/arm64/libfilament-jni.so 253358-253571
//my_stock/app/VariUIEngine/lib/arm64/libfilament-utils-jni.so 253572-253628
//my_stock/app/VariUIEngine/lib/arm64/libglide-webp.so 253629-253688
//my_stock/app/VariUIEngine/lib/arm64/libgltfio-jni.so 253689-254246
//my_stock/app/VariUIEngine/lib/arm64/libhandpaintedeffects.so 254247-254296
//my_stock/app/VariUIEngine/lib/arm64/libliquidfun.so 254297-254339
//my_stock/app/VariUIEngine/lib/arm64/libliquidfun_jni.so 254340-254371
//my_stock/app/VariUIEngine/lib/arm64/liboplus_gifdecoder.so 254372-254398
//my_stock/app/VariUIEngine/lib/arm64/liboplusos_lunar.so 254399-254401
//my_stock/app/VariUIEngine/lib/arm64/libpag.so 254402-254736
//my_stock/app/VariUIEngine/oat/arm64/VariUIEngine.vdex 254737-254763
//my_stock/app/WifiBackupRestore/WifiBackupRestore.apk 254764-256393
//my_stock/del-app/BackupAndRestore/BackupAndRestore.apk 256396-261010
//my_stock/del-app/INOnePlusStore/INOnePlusStore.apk 261015-273409
//my_stock/del-app/NewSoundRecorder/NewSoundRecorder.apk 273417-277096
//my_stock/del-app/OPBreathMode/OPBreathMode.apk 277101-291608
//my_stock/del-app/OPForum/OPForum.apk 291619-296844
//my_stock/del-app/OPWidget/OPWidget.apk 296849-297003
//my_stock/del-app/OppoNote2/OppoNote2.apk 297004-313204
//my_stock/del-app/OppoTranslation/OppoTranslation.apk 313216-320016
//my_stock/del-app/Pictorial/Pictorial.apk 320024-329199
//my_stock/etc/NOTICE.xml.gz 329209-329235
//my_stock/etc/Operator_Ringback_Tone_List.xml 329236
//my_stock/etc/extension/com.oplus.app-features.xml 329237
//my_stock/etc/extension/config_clear_settings_provider_key_settings_app_op.xml 329238
//my_stock/etc/extension/config_processor_com.android.settings.xml 329239
//my_stock/etc/extension/sys_memory_nirvana_config.xml 329240
//my_stock/etc/extension/sys_osense_appmng_decisionmaker_config.xml 329241
//my_stock/etc/extension/sys_osense_feature_common_config.xml 329242
//my_stock/etc/extension/sys_osense_memory_config.xml 329243
//my_stock/etc/extension/sys_osense_memory_decisionmaker_config.xml 329244
//my_stock/etc/extension/sys_preload_config.xml 329245
//my_stock/etc/permissions/default_grant_permissions_list.xml 329246
//my_stock/etc/permissions/privapp-permissions-oplus-legacy.xml 329247
//my_stock/etc/permissions/privapp-permissions-oplus.xml 329248
//my_stock/etc/string_super_computing.zip 329249-329267
//my_stock/etc/sys_alipay_model_list.json 329268
//my_stock/media/audio/alarms/Dynamic_Weather.ogg 329269-329436
//my_stock/media/audio/alarms/Rise.ogg 329437-329602
//my_stock/media/audio/dynamic/notifications/ClassElectronic1_1.ogg 329604-329607
//my_stock/media/audio/dynamic/notifications/ClassElectronic1_10.ogg 329608-329611
//my_stock/media/audio/dynamic/notifications/ClassElectronic1_11.ogg 329612-329615
//my_stock/media/audio/dynamic/notifications/ClassElectronic1_12.ogg 329616-329619
//my_stock/media/audio/dynamic/notifications/ClassElectronic1_13.ogg 329620-329623
//my_stock/media/audio/dynamic/notifications/ClassElectronic1_14.ogg 329624-329627
//my_stock/media/audio/dynamic/notifications/ClassElectronic1_2.ogg 329628-329631
//my_stock/media/audio/dynamic/notifications/ClassElectronic1_3.ogg 329632-329635
//my_stock/media/audio/dynamic/notifications/ClassElectronic1_4.ogg 329636-329639
//my_stock/media/audio/dynamic/notifications/ClassElectronic1_5.ogg 329640-329643
//my_stock/media/audio/dynamic/notifications/ClassElectronic1_6.ogg 329644-329647
//my_stock/media/audio/dynamic/notifications/ClassElectronic1_7.ogg 329648-329651
//my_stock/media/audio/dynamic/notifications/ClassElectronic1_8.ogg 329652-329655
//my_stock/media/audio/dynamic/notifications/ClassElectronic1_9.ogg 329656-329659
//my_stock/media/audio/dynamic/notifications/ClassElectronicPreview.ogg 329660-329713
//my_stock/media/audio/dynamic/notifications/Drop1_1.ogg 329714
//my_stock/media/audio/dynamic/notifications/Drop1_10.ogg 329716
//my_stock/media/audio/dynamic/notifications/Drop1_11.ogg 329718
//my_stock/media/audio/dynamic/notifications/Drop1_12.ogg 329720
//my_stock/media/audio/dynamic/notifications/Drop1_2.ogg 329722
//my_stock/media/audio/dynamic/notifications/Drop1_3.ogg 329724
//my_stock/media/audio/dynamic/notifications/Drop1_4.ogg 329726
//my_stock/media/audio/dynamic/notifications/Drop1_5.ogg 329728
//my_stock/media/audio/dynamic/notifications/Drop1_6.ogg 329730
//my_stock/media/audio/dynamic/notifications/Drop1_7.ogg 329732
//my_stock/media/audio/dynamic/notifications/Drop1_8.ogg 329734
//my_stock/media/audio/dynamic/notifications/Drop1_9.ogg 329736
//my_stock/media/audio/dynamic/notifications/DropPreview.ogg 329738-329762
//my_stock/media/audio/dynamic/notifications/Harp1_1.ogg 329764-329776
//my_stock/media/audio/dynamic/notifications/Harp1_10.ogg 329778-329792
//my_stock/media/audio/dynamic/notifications/Harp1_11.ogg 329793-329806
//my_stock/media/audio/dynamic/notifications/Harp1_12.ogg 329807-329821
//my_stock/media/audio/dynamic/notifications/Harp1_13.ogg 329822-329831
//my_stock/media/audio/dynamic/notifications/Harp1_14.ogg 329832-329842
//my_stock/media/audio/dynamic/notifications/Harp1_15.ogg 329843-329857
//my_stock/media/audio/dynamic/notifications/Harp1_16.ogg 329858-329866
//my_stock/media/audio/dynamic/notifications/Harp1_2.ogg 329867-329876
//my_stock/media/audio/dynamic/notifications/Harp1_3.ogg 329878-329890
//my_stock/media/audio/dynamic/notifications/Harp1_4.ogg 329892-329901
//my_stock/media/audio/dynamic/notifications/Harp1_5.ogg 329903-329915
//my_stock/media/audio/dynamic/notifications/Harp1_6.ogg 329917-329928
//my_stock/media/audio/dynamic/notifications/Harp1_7.ogg 329930-329939
//my_stock/media/audio/dynamic/notifications/Harp1_8.ogg 329941-329953
//my_stock/media/audio/dynamic/notifications/Harp1_9.ogg 329954-329966
//my_stock/media/audio/dynamic/notifications/HarpPreview.ogg 329968-330049
//my_stock/media/audio/dynamic/notifications/MusicBox1_1.ogg 330051-330058
//my_stock/media/audio/dynamic/notifications/MusicBox1_10.ogg 330059-330068
//my_stock/media/audio/dynamic/notifications/MusicBox1_2.ogg 330069-330077
//my_stock/media/audio/dynamic/notifications/MusicBox1_3.ogg 330079-330087
//my_stock/media/audio/dynamic/notifications/MusicBox1_4.ogg 330088-330095
//my_stock/media/audio/dynamic/notifications/MusicBox1_5.ogg 330097-330105
//my_stock/media/audio/dynamic/notifications/MusicBox1_6.ogg 330107-330114
//my_stock/media/audio/dynamic/notifications/MusicBox1_7.ogg 330116-330122
//my_stock/media/audio/dynamic/notifications/MusicBox1_8.ogg 330124-330132
//my_stock/media/audio/dynamic/notifications/MusicBox1_9.ogg 330134-330141
//my_stock/media/audio/dynamic/notifications/MusicBoxPreview.ogg 330143-330176
//my_stock/media/audio/notifications/A_gust_of_wind.ogg 330177-330181
//my_stock/media/audio/notifications/Allay.ogg 330183
//my_stock/media/audio/notifications/Allusion.ogg 330185-330189
//my_stock/media/audio/notifications/Amiable.ogg 330190-330197
//my_stock/media/audio/notifications/Blare.ogg 330198-330203
//my_stock/media/audio/notifications/Blink.ogg 330204-330210
//my_stock/media/audio/notifications/Blissful.ogg 330212-330220
//my_stock/media/audio/notifications/Brisk.ogg 330221-330223
//my_stock/media/audio/notifications/Bubble.ogg 330224
//my_stock/media/audio/notifications/Cheerful.ogg 330226-330227
//my_stock/media/audio/notifications/Clear.ogg 330228-330230
//my_stock/media/audio/notifications/Clouds.ogg 330231-330240
//my_stock/media/audio/notifications/Comely.ogg 330241-330247
//my_stock/media/audio/notifications/Cozy.ogg 330248-330257
//my_stock/media/audio/notifications/Crystal.ogg 330258-330265
//my_stock/media/audio/notifications/Dew_on_the_bamboo.ogg 330266-330271
//my_stock/media/audio/notifications/Ding.ogg 330273-330279
//my_stock/media/audio/notifications/Dragonfly.ogg 330280-330284
//my_stock/media/audio/notifications/Droplets.ogg 330286-330290
//my_stock/media/audio/notifications/Effervesce.ogg 330292-330295
//my_stock/media/audio/notifications/Elegant.ogg 330296-330303
//my_stock/media/audio/notifications/Fairy_realm.ogg 330305-330315
//my_stock/media/audio/notifications/Free.ogg 330316-330322
//my_stock/media/audio/notifications/Full_moon.ogg 330324-330330
//my_stock/media/audio/notifications/Glistening.ogg 330331-330339
//my_stock/media/audio/notifications/Hallucination.ogg 330340-330345
//my_stock/media/audio/notifications/Inbound.ogg 330347-330353
//my_stock/media/audio/notifications/Light.ogg 330354-330356
//my_stock/media/audio/notifications/Meet.ogg 330358-330362 330363
//my_stock/media/audio/notifications/Naivety.ogg 330364-330371
//my_stock/media/audio/notifications/Quickly.ogg 330372-330374
//my_stock/media/audio/notifications/Raindrop.ogg 330375-330382
//my_stock/media/audio/notifications/Reverberation.ogg 330383-330393
//my_stock/media/audio/notifications/Rhythm.ogg 330394-330396
//my_stock/media/audio/notifications/Serenity.ogg 330397-330404
//my_stock/media/audio/notifications/Shooting_star.ogg 330405-330414
//my_stock/media/audio/notifications/Slipping.ogg 330415-330420
//my_stock/media/audio/notifications/Sliver_of_light.ogg 330421-330428
//my_stock/media/audio/notifications/Snow_underfoot.ogg 330430-330437
//my_stock/media/audio/notifications/Snowflake.ogg 330438-330443
//my_stock/media/audio/notifications/Splash.ogg 330444-330452
//my_stock/media/audio/notifications/Surprise.ogg 330454-330458
//my_stock/media/audio/notifications/Twinkle.ogg 330459-330467
//my_stock/media/audio/notifications/Warming_sun.ogg 330468-330474
//my_stock/media/audio/notifications/Whoop_doop.ogg 330475
//my_stock/media/audio/notifications/Wind_chime.ogg 330477-330483
//my_stock/media/audio/ringtones/Alacrity.ogg 330484-330579
//my_stock/media/audio/ringtones/Alarm_clock.ogg 330580-330588
//my_stock/media/audio/ringtones/Amenity.ogg 330589-330636
//my_stock/media/audio/ringtones/Beep.ogg 330638-330646
//my_stock/media/audio/ringtones/Blanket_of_snow.ogg 330647-330713
//my_stock/media/audio/ringtones/Blues.ogg 330714-330784
//my_stock/media/audio/ringtones/Bounce.ogg 330786-330821
//my_stock/media/audio/ringtones/Breeze.ogg 330822-330943
//my_stock/media/audio/ringtones/Calm.ogg 330944-330969
//my_stock/media/audio/ringtones/Chase.ogg 330970-331164
//my_stock/media/audio/ringtones/Climber.ogg 331165-331666
//my_stock/media/audio/ringtones/Cloud.ogg 331667-331733
//my_stock/media/audio/ringtones/Cloudscape.ogg 331734-331833
//my_stock/media/audio/ringtones/Cyclotron.ogg 331834-331895
//my_stock/media/audio/ringtones/Dawn.ogg 331896-332026
//my_stock/media/audio/ringtones/Distinct.ogg 332027-332049
//my_stock/media/audio/ringtones/Dream.ogg 332050-332183
//my_stock/media/audio/ringtones/Drizzling.ogg 332184-332281
//my_stock/media/audio/ringtones/Dynamic.ogg 332282-332353
//my_stock/media/audio/ringtones/Eager.ogg 332354-332442
//my_stock/media/audio/ringtones/Ebullition.ogg 332443-332503
//my_stock/media/audio/ringtones/Echo.ogg 332505-332565
//my_stock/media/audio/ringtones/Expect.ogg 332566-332596
//my_stock/media/audio/ringtones/Fanatical.ogg 332597-332686
//my_stock/media/audio/ringtones/Far_away.ogg 332687-332786
//my_stock/media/audio/ringtones/First_rays.ogg 332787-332833
//my_stock/media/audio/ringtones/Fluttering.ogg 332834-332917
//my_stock/media/audio/ringtones/Flyer.ogg 332918-332993
//my_stock/media/audio/ringtones/Forest_morning.ogg 332994-333085
//my_stock/media/audio/ringtones/Friendship.ogg 333086-333174
//my_stock/media/audio/ringtones/Funky.ogg 333175-333208
//my_stock/media/audio/ringtones/Good_energy.ogg 333209-333309
//my_stock/media/audio/ringtones/Guitar.ogg 333310-333370
//my_stock/media/audio/ringtones/Harping.ogg 333372-333422
//my_stock/media/audio/ringtones/Highlight.ogg 333423-333454
//my_stock/media/audio/ringtones/Idyl.ogg 333455-333520
//my_stock/media/audio/ringtones/Innocence.ogg 333521-333598
//my_stock/media/audio/ringtones/Interesting.ogg 333600-333708
//my_stock/media/audio/ringtones/Jazz_life.ogg 333709-333784
//my_stock/media/audio/ringtones/Journey.ogg 333785-333875
//my_stock/media/audio/ringtones/Joyous.ogg 333876-333898
//my_stock/media/audio/ringtones/Lazy.ogg 333899-333967
//my_stock/media/audio/ringtones/Leisurely.ogg 333968-334031
//my_stock/media/audio/ringtones/Lotus_by_moonlight.ogg 334032-334115
//my_stock/media/audio/ringtones/Marimba.ogg 334116-334147
//my_stock/media/audio/ringtones/Meditation.ogg 334148-334229
//my_stock/media/audio/ringtones/Memory.ogg 334230-334332
//my_stock/media/audio/ringtones/Mystical.ogg 334333-334398
//my_stock/media/audio/ringtones/Nature.ogg 334399-334461
//my_stock/media/audio/ringtones/Night_sky.ogg 334462-334533
//my_stock/media/audio/ringtones/Old_telephone.ogg 334534-334552
//my_stock/media/audio/ringtones/OnePlus_new_feeling.ogg 334553-334622
//my_stock/media/audio/ringtones/OnePlus_tune.ogg 334624-334681
//my_stock/media/audio/ringtones/OnePlus_tune_rhythm.ogg 334682-334759
//my_stock/media/audio/ringtones/Optimistic.ogg 334761-334838
//my_stock/media/audio/ringtones/Piano.ogg 334839-334920
//my_stock/media/audio/ringtones/Rainforest.ogg 334921-334999
//my_stock/media/audio/ringtones/Relieved.ogg 335000-335098
//my_stock/media/audio/ringtones/Ripple.ogg 335100-335129
//my_stock/media/audio/ringtones/Shimmer.ogg 335130-335161
//my_stock/media/audio/ringtones/Slowly.ogg 335162-335696
//my_stock/media/audio/ringtones/Snow_falling.ogg 335697-335772
//my_stock/media/audio/ringtones/Spring.ogg 335774-335944
//my_stock/media/audio/ringtones/Stars.ogg 335946-336034
//my_stock/media/audio/ringtones/Summer_beach.ogg 336035-336092
//my_stock/media/audio/ringtones/Summer_night.ogg 336093-336169
//my_stock/media/audio/ringtones/Sun_glittering.ogg 336171-336239
//my_stock/media/audio/ringtones/Sunlight_on_snow.ogg 336240-336298
//my_stock/media/audio/ringtones/Sunrise.ogg 336299-336322
//my_stock/media/audio/ringtones/Sunset.ogg 336323-336435
//my_stock/media/audio/ringtones/Surging.ogg 336436-336484
//my_stock/media/audio/ringtones/Tactfully.ogg 336485-336684
//my_stock/media/audio/ringtones/The_wind.ogg 336685-336771
//my_stock/media/audio/ringtones/Tranquil.ogg 336773-336863
//my_stock/media/audio/ringtones/Twinkling_stars.ogg 336864-336942
//my_stock/media/audio/ringtones/Verdant_lotus_pond.ogg 336943-336996
//my_stock/media/audio/ringtones/Waking_city.ogg 336997-337069
//my_stock/media/audio/ringtones/Walking_in_the_rain.ogg 337070-337146
//my_stock/media/audio/ringtones/Whirl.ogg 337148-337189
//my_stock/media/audio/ui/Usb.ogg 337191-337193
//my_stock/media/audio/ui/VolumePanelSound.ogg 337194
//my_stock/media/audio/ui/WheelPicker.ogg 337196
//my_stock/media/audio/ui/camera_click.wav 337198-337220
//my_stock/media/audio/ui/charge.mp3 337221-337222
//my_stock/media/audio/ui/cover.mp3 337223-337225
//my_stock/media/audio/ui/critical_lowbattery.ogg 337226-337229
//my_stock/media/audio/ui/delete.mp3 337231
//my_stock/media/audio/ui/delete3.mp3 337232-337236
//my_stock/media/audio/ui/dew.wav 337237
//my_stock/media/audio/ui/ebook_open.mp3 337238-337241
//my_stock/media/audio/ui/ebook_open2.mp3 337242-337243
//my_stock/media/audio/ui/ebook_page1.mp3 337244-337256
//my_stock/media/audio/ui/ebook_page3.mp3 337257-337264
//my_stock/media/audio/ui/error.mp3 337265-337266
//my_stock/media/audio/ui/extended_effect_a.ogg 337267-337271
//my_stock/media/audio/ui/extended_effect_b.ogg 337272-337279
//my_stock/media/audio/ui/full_battery.ogg 337283-337285
//my_stock/media/audio/ui/global_delete.ogg 337287 337288
//my_stock/media/audio/ui/inefficacy.mp3 337289-337290
//my_stock/media/audio/ui/lomo_click.mp3 337291-337292
//my_stock/media/audio/ui/lowbattery.mp3 337294-337300
//my_stock/media/audio/ui/machine.mp3 337301-337305
//my_stock/media/audio/ui/mechanism_down.ogg 337306-337311
//my_stock/media/audio/ui/mechanism_up.ogg 337313-337317
//my_stock/media/audio/ui/normal_lowbattery.ogg 337319-337323
//my_stock/media/audio/ui/numberpicker_click.ogg 337324
//my_stock/media/audio/ui/powerlow.mp3 337325-337331
//my_stock/media/audio/ui/poweroff.mp3 337332-337377
//my_stock/media/audio/ui/poweron.mp3 337378-337423
//my_stock/media/audio/ui/pure_music_down.ogg 337424-337429
//my_stock/media/audio/ui/pure_music_up.ogg 337430-337434
//my_stock/media/audio/ui/slight_feedback.ogg 337436
//my_stock/media/audio/ui/sound_10s.mp3 337437-337486
//my_stock/media/audio/ui/sound_5s.mp3 337487-337509
//my_stock/media/audio/ui/technology_down.ogg 337510-337513
//my_stock/media/audio/ui/technology_up.ogg 337515-337519
//my_stock/media/audio/ui/touch.mp3 337520
//my_stock/media/audio/ui/touch2.mp3 337521-337522
//my_stock/media/audio/ui/touch3.mp3 337523-337525
//my_stock/media/audio/ui/uncover.mp3 337526-337528
//my_stock/media/audio/ui/warning3.mp3 337529-337530
//my_stock/media/audio/ui/warrning.mp3 337531-337532
//my_stock/media/audio/ui/weather_alarm_cloud.ogg 337533-337617
//my_stock/media/audio/ui/weather_alarm_cloud2.ogg 337618-337702
//my_stock/media/audio/ui/weather_alarm_cloud3.ogg 337703-337782
//my_stock/media/audio/ui/weather_alarm_cloud4.ogg 337783-337844
//my_stock/media/audio/ui/weather_alarm_default.ogg 337845-337967
//my_stock/media/audio/ui/weather_alarm_haze.ogg 337968-338035
//my_stock/media/audio/ui/weather_alarm_haze2.ogg 338036-338100
//my_stock/media/audio/ui/weather_alarm_rain.ogg 338101-338167
//my_stock/media/audio/ui/weather_alarm_rain2.ogg 338168-338228
//my_stock/media/audio/ui/weather_alarm_snow.ogg 338229-338302
//my_stock/media/audio/ui/weather_alarm_snow2.ogg 338303-338444
//my_stock/media/audio/ui/weather_alarm_sun.ogg 338445-338531
//my_stock/media/audio/ui/weather_alarm_sun2.ogg 338532-338616
//my_stock/media/audio/ui/weather_alarm_sun3.ogg 338617-338780
//my_stock/media/audio/ui/weather_alarm_sun4.ogg 338781-338865
//my_stock/media/audio/ui/weather_alarm_thunderstorm.ogg 338866-338930
//my_stock/media/audio/ui/weather_alarm_thunderstorm2.ogg 338931-339046
//my_stock/media/audio/ui/weather_alarm_thunderstorm3.ogg 339047-339107
//my_stock/media/audio/ui/weather_alarm_wind.ogg 339108-339180
//my_stock/media/audio/ui/weather_alarm_wind2.ogg 339181-339265
//my_stock/media/theme/allApps.xml 339267-339269
//my_stock/media/theme/uxicons/xhdpi/andes.oplus.documentsreader/day.png 339271-339272
//my_stock/media/theme/uxicons/xhdpi/com.airbnb.android/art_off.png 339280-339282
//my_stock/media/theme/uxicons/xhdpi/com.airbnb.android/mat.png 339284-339286
//my_stock/media/theme/uxicons/xhdpi/com.airbnb.android/recfg.png 339287-339288
//my_stock/media/theme/uxicons/xhdpi/com.android.contacts/day.png 339293-339294
//my_stock/media/theme/uxicons/xhdpi/com.android.contacts/dialer_day.png 339296-339297
//my_stock/media/theme/uxicons/xhdpi/com.android.contacts/dialer_recbg.png 339300-339301
//my_stock/media/theme/uxicons/xhdpi/com.android.contacts/dialer_recfg.png 339303
//my_stock/media/theme/uxicons/xhdpi/com.android.contacts/recbg.png 339305-339306
//my_stock/media/theme/uxicons/xhdpi/com.android.contacts/recfg.png 339308
//my_stock/media/theme/uxicons/xhdpi/com.android.email/day.png 339310-339312
//my_stock/media/theme/uxicons/xhdpi/com.android.fmradio/day.png 339313-339315
//my_stock/media/theme/uxicons/xhdpi/com.android.mms/day.png 339317-339318
//my_stock/media/theme/uxicons/xhdpi/com.android.mms/recbg.png 339321-339322
//my_stock/media/theme/uxicons/xhdpi/com.android.mms/recfg.png 339324-339325
//my_stock/media/theme/uxicons/xhdpi/com.android.settings/day.png 339328-339330
//my_stock/media/theme/uxicons/xhdpi/com.android.settings/mat.png 339331-339332
//my_stock/media/theme/uxicons/xhdpi/com.android.settings/recbg.png 339335-339337
//my_stock/media/theme/uxicons/xhdpi/com.android.settings/recfg.png 339338
//my_stock/media/theme/uxicons/xhdpi/com.android.stk/day.png 339340
//my_stock/media/theme/uxicons/xhdpi/com.caf.fmradio/day.png 339349-339351
//my_stock/media/theme/uxicons/xhdpi/com.coloros.alarmclock/day.png 339355-339356
//my_stock/media/theme/uxicons/xhdpi/com.coloros.backuprestore/day.png 339358
//my_stock/media/theme/uxicons/xhdpi/com.coloros.calculator/day.png 339361-339364
//my_stock/media/theme/uxicons/xhdpi/com.coloros.calendar/day.png 339366-339367
//my_stock/media/theme/uxicons/xhdpi/com.coloros.compass/day.png 339368-339370
//my_stock/media/theme/uxicons/xhdpi/com.coloros.compass2/day.png 339372-339374
//my_stock/media/theme/uxicons/xhdpi/com.coloros.familyguard/day.png 339377-339378
//my_stock/media/theme/uxicons/xhdpi/com.coloros.filemanager/day.png 339380-339381
//my_stock/media/theme/uxicons/xhdpi/com.coloros.findmyphone/day.png 339382-339385
//my_stock/media/theme/uxicons/xhdpi/com.coloros.findmyphone/mat.png 339386-339388
//my_stock/media/theme/uxicons/xhdpi/com.coloros.findmyphone/peb.png 339391
//my_stock/media/theme/uxicons/xhdpi/com.coloros.findmyphone/recbg.png 339393-339395
//my_stock/media/theme/uxicons/xhdpi/com.coloros.findmyphone/recfg.png 339396-339401
//my_stock/media/theme/uxicons/xhdpi/com.coloros.findphone.client2/day.png 339402-339405
//my_stock/media/theme/uxicons/xhdpi/com.coloros.gallery3d/day.png 339407-339409
//my_stock/media/theme/uxicons/xhdpi/com.coloros.musiclink/day.png 339410-339411
//my_stock/media/theme/uxicons/xhdpi/com.coloros.note/day.png 339413
//my_stock/media/theme/uxicons/xhdpi/com.coloros.ocrscanner/day.png 339415-339416
//my_stock/media/theme/uxicons/xhdpi/com.coloros.phonemanager/day.png 339418-339419
//my_stock/media/theme/uxicons/xhdpi/com.coloros.shortcuts/day.png 339421-339423
//my_stock/media/theme/uxicons/xhdpi/com.coloros.soundrecorder/day.png 339425-339426
//my_stock/media/theme/uxicons/xhdpi/com.coloros.video/day.png 339428-339429 339430
//my_stock/media/theme/uxicons/xhdpi/com.coloros.weather/day.png 339431-339433
//my_stock/media/theme/uxicons/xhdpi/com.coloros.weather2/day.png 339436-339438
//my_stock/media/theme/uxicons/xhdpi/com.ebay.mobile/art_off.png 339444-339445
//my_stock/media/theme/uxicons/xhdpi/com.ebay.mobile/recfg.png 339446
//my_stock/media/theme/uxicons/xhdpi/com.facebook.katana/art_off.png 339448
//my_stock/media/theme/uxicons/xhdpi/com.finshell.wallet/day.png 339452-339454
//my_stock/media/theme/uxicons/xhdpi/com.heytap.book/day.png 339457-339458
//my_stock/media/theme/uxicons/xhdpi/com.heytap.browser/day.png 339460-339462
//my_stock/media/theme/uxicons/xhdpi/com.heytap.browser/mat.png 339463
//my_stock/media/theme/uxicons/xhdpi/com.heytap.browser/recfg.png 339464
//my_stock/media/theme/uxicons/xhdpi/com.heytap.cloud/day.png 339466-339468
//my_stock/media/theme/uxicons/xhdpi/com.heytap.cloud/recbg.png 339470
//my_stock/media/theme/uxicons/xhdpi/com.heytap.health/day.png 339473
//my_stock/media/theme/uxicons/xhdpi/com.heytap.lock/day.png 339475-339477
//my_stock/media/theme/uxicons/xhdpi/com.heytap.market/day.png 339479-339480
//my_stock/media/theme/uxicons/xhdpi/com.heytap.music/day.png 339482-339483
//my_stock/media/theme/uxicons/xhdpi/com.heytap.quicksearchbox/day.png 339486-339488
//my_stock/media/theme/uxicons/xhdpi/com.heytap.reader/day.png 339490-339491
//my_stock/media/theme/uxicons/xhdpi/com.heytap.smarthome/day.png 339494-339495
//my_stock/media/theme/uxicons/xhdpi/com.heytap.themestore/day.png 339499-339500 339501
//my_stock/media/theme/uxicons/xhdpi/com.heytap.themestore/mat.png 339502-339504
//my_stock/media/theme/uxicons/xhdpi/com.heytap.themestore/recbg.png 339507-339509
//my_stock/media/theme/uxicons/xhdpi/com.heytap.yoli/day.png 339510-339511 339512
//my_stock/media/theme/uxicons/xhdpi/com.instagram.android/art_off.png 339518-339520
//my_stock/media/theme/uxicons/xhdpi/com.instagram.android/mat.png 339522
//my_stock/media/theme/uxicons/xhdpi/com.instagram.android/recbg.png 339523
//my_stock/media/theme/uxicons/xhdpi/com.microsoft.office.outlook/art_off.png 339532-339535
//my_stock/media/theme/uxicons/xhdpi/com.microsoft.office.outlook/mat.png 339536
//my_stock/media/theme/uxicons/xhdpi/com.microsoft.office.outlook/recfg.png 339538
//my_stock/media/theme/uxicons/xhdpi/com.nearme.gamecenter/day.png 339541-339542
//my_stock/media/theme/uxicons/xhdpi/com.nearme.instant.platform/day.png 339545
//my_stock/media/theme/uxicons/xhdpi/com.oneplus.backuprestore/day.png 339548
//my_stock/media/theme/uxicons/xhdpi/com.oneplus.backuprestore/mat.png 339550-339552
//my_stock/media/theme/uxicons/xhdpi/com.oneplus.backuprestore/recbg.png 339555-339556
//my_stock/media/theme/uxicons/xhdpi/com.oneplus.backuprestore/recfg.png 339557
//my_stock/media/theme/uxicons/xhdpi/com.oneplus.brickmode/day.png 339558-339560
//my_stock/media/theme/uxicons/xhdpi/com.oneplus.brickmode/recbg.png 339563-339565
//my_stock/media/theme/uxicons/xhdpi/com.oneplus.brickmode/recfg.png 339566-339570
//my_stock/media/theme/uxicons/xhdpi/com.oneplus.calculator/day.png 339572-339575
//my_stock/media/theme/uxicons/xhdpi/com.oneplus.calculator/mat.png 339576-339577
//my_stock/media/theme/uxicons/xhdpi/com.oneplus.calculator/recbg.png 339580-339582
//my_stock/media/theme/uxicons/xhdpi/com.oneplus.calculator/recfg.png 339583-339585
//my_stock/media/theme/uxicons/xhdpi/com.oneplus.camera/mat.png 339586-339588
//my_stock/media/theme/uxicons/xhdpi/com.oneplus.camera/peb.png 339590
//my_stock/media/theme/uxicons/xhdpi/com.oneplus.camera/recbg.png 339591
//my_stock/media/theme/uxicons/xhdpi/com.oneplus.camera/recfg.png 339593-339595
//my_stock/media/theme/uxicons/xhdpi/com.oneplus.deskclock/day.png 339597-339598
//my_stock/media/theme/uxicons/xhdpi/com.oneplus.deskclock/mat.png 339600-339601
//my_stock/media/theme/uxicons/xhdpi/com.oneplus.deskclock/recbg.png 339604-339605
//my_stock/media/theme/uxicons/xhdpi/com.oneplus.filemanager/day.png 339607-339608
//my_stock/media/theme/uxicons/xhdpi/com.oneplus.filemanager/mat.png 339609-339610
//my_stock/media/theme/uxicons/xhdpi/com.oneplus.filemanager/recbg.png 339614-339616
//my_stock/media/theme/uxicons/xhdpi/com.oneplus.filemanager/recfg.png 339617-339618
//my_stock/media/theme/uxicons/xhdpi/com.oneplus.gallery/day.png 339619-339621
//my_stock/media/theme/uxicons/xhdpi/com.oneplus.gallery/mat.png 339622-339623
//my_stock/media/theme/uxicons/xhdpi/com.oneplus.gallery/recbg.png 339627-339628
//my_stock/media/theme/uxicons/xhdpi/com.oneplus.gallery/recfg.png 339630-339631
//my_stock/media/theme/uxicons/xhdpi/com.oneplus.mall/recbg.png 339632-339634
//my_stock/media/theme/uxicons/xhdpi/com.oneplus.member/recbg.png 339635-339636
//my_stock/media/theme/uxicons/xhdpi/com.oneplus.member/recfg.png 339638-339639
//my_stock/media/theme/uxicons/xhdpi/com.oneplus.mms/recbg.png 339642-339643
//my_stock/media/theme/uxicons/xhdpi/com.oneplus.mms/recfg.png 339645-339646
//my_stock/media/theme/uxicons/xhdpi/com.oneplus.note/day.png 339648
//my_stock/media/theme/uxicons/xhdpi/com.oneplus.note/mat.png 339650-339651
//my_stock/media/theme/uxicons/xhdpi/com.oneplus.note/recbg.png 339653-339655
//my_stock/media/theme/uxicons/xhdpi/com.oneplus.note/recfg.png 339656
//my_stock/media/theme/uxicons/xhdpi/com.oneplus.soundrecorder/day.png 339658-339659
//my_stock/media/theme/uxicons/xhdpi/com.oneplus.soundrecorder/mat.png 339661-339662
//my_stock/media/theme/uxicons/xhdpi/com.oneplus.soundrecorder/recbg.png 339665-339666
//my_stock/media/theme/uxicons/xhdpi/com.oneplus.store/recbg.png 339668-339670
//my_stock/media/theme/uxicons/xhdpi/com.oplus.calendar/day.png 339672-339673
//my_stock/media/theme/uxicons/xhdpi/com.oplus.camera/day.png 339674-339676
//my_stock/media/theme/uxicons/xhdpi/com.oplus.camera/recbg.png 339679-339681
//my_stock/media/theme/uxicons/xhdpi/com.oplus.camera/recfg.png 339682-339685
//my_stock/media/theme/uxicons/xhdpi/com.oplus.consumerIRApp/day.png 339686
//my_stock/media/theme/uxicons/xhdpi/com.oplus.consumerIRApp/mat.png 339688
//my_stock/media/theme/uxicons/xhdpi/com.oplus.consumerIRApp/recbg.png 339692-339693
//my_stock/media/theme/uxicons/xhdpi/com.oplus.consumerIRApp/recfg.png 339695
//my_stock/media/theme/uxicons/xhdpi/com.oplus.games/mat.png 339696-339697
//my_stock/media/theme/uxicons/xhdpi/com.oplus.games/recbg.png 339700-339702
//my_stock/media/theme/uxicons/xhdpi/com.oplus.games/recfg.png 339703-339706
//my_stock/media/theme/uxicons/xhdpi/com.oplus.logkit/recfg.png 339708
//my_stock/media/theme/uxicons/xhdpi/com.oplus.member/day.png 339710
//my_stock/media/theme/uxicons/xhdpi/com.oplus.phonemanager/day.png 339712-339713
//my_stock/media/theme/uxicons/xhdpi/com.oplus.phonemanager/mat.png 339715
//my_stock/media/theme/uxicons/xhdpi/com.oplus.phonemanager/peb.png 339717
//my_stock/media/theme/uxicons/xhdpi/com.oplus.phonemanager/recbg.png 339719-339720
//my_stock/media/theme/uxicons/xhdpi/com.oplus.phonemanager/recfg.png 339722
//my_stock/media/theme/uxicons/xhdpi/com.oplus.play/day.png 339723-339724
//my_stock/media/theme/uxicons/xhdpi/com.oplus.themestore/mat.png 339728-339729
//my_stock/media/theme/uxicons/xhdpi/com.oplus.themestore/recbg.png 339730-339731
//my_stock/media/theme/uxicons/xhdpi/com.oplus.themestore/recfg.png 339733-339734
//my_stock/media/theme/uxicons/xhdpi/com.oplus.vip/recbg.png 339735-339736
//my_stock/media/theme/uxicons/xhdpi/com.oplus.vip/recfg.png 339738-339739
//my_stock/media/theme/uxicons/xhdpi/com.opluskgd.onetaplocking/day.png 339741-339743
//my_stock/media/theme/uxicons/xhdpi/com.opluskgd.onetaplocking/mat.png 339744-339746
//my_stock/media/theme/uxicons/xhdpi/com.opluskgd.onetaplocking/peb.png 339749
//my_stock/media/theme/uxicons/xhdpi/com.opluskgd.onetaplocking/recbg.png 339750-339752
//my_stock/media/theme/uxicons/xhdpi/com.opluskgd.onetaplocking/recfg.png 339753-339757
//my_stock/media/theme/uxicons/xhdpi/com.oppo.community/day.png 339758-339760
//my_stock/media/theme/uxicons/xhdpi/com.paypal.android.p2pmobile/art_off.png 339762-339768
//my_stock/media/theme/uxicons/xhdpi/com.paypal.android.p2pmobile/mat.png 339769
//my_stock/media/theme/uxicons/xhdpi/com.paypal.android.p2pmobile/recbg.png 339770-339777
//my_stock/media/theme/uxicons/xhdpi/com.paypal.android.p2pmobile/recfg.png 339779
//my_stock/media/theme/uxicons/xhdpi/com.pinterest/art_off.png 339782
//my_stock/media/theme/uxicons/xhdpi/com.redteamobile.roaming/day.png 339787-339789
//my_stock/media/theme/uxicons/xhdpi/com.spotify.music/mat.png 339797-339798
//my_stock/media/theme/uxicons/xhdpi/com.spotify.music/recfg.png 339799-339800
//my_stock/media/theme/uxicons/xhdpi/com.xyyzsgxyl.traceless/day.png 339836-339838
//my_stock/media/theme/uxicons/xhdpi/icons-daylight 339843-339847
//my_stock/media/theme/uxicons/xhdpi/icons-meterial 339848-339851
//my_stock/media/theme/uxicons/xhdpi/icons-nightshadow 339852
//my_stock/media/theme/uxicons/xhdpi/icons-pebble 339853-339856
//my_stock/media/theme/uxicons/xhdpi/icons-rectangle 339857-339865
//my_stock/media/theme/uxicons/xhdpi/in.amazon.mShop.android.shopping/mat.png 339866
//my_stock/media/theme/uxicons/xhdpi/in.amazon.mShop.android.shopping/recbg.png 339868-339869
//my_stock/media/theme/uxicons/xhdpi/net.oneplus.forums/mat.png 339871-339873
//my_stock/media/theme/uxicons/xhdpi/net.oneplus.forums/recbg.png 339875-339876
//my_stock/media/theme/uxicons/xhdpi/net.oneplus.forums/recfg.png 339877-339879
//my_stock/media/theme/uxicons/xhdpi/net.oneplus.weather/day.png 339880-339882
//my_stock/media/theme/uxicons/xhdpi/net.oneplus.weather/mat.png 339884-339885
//my_stock/media/theme/uxicons/xhdpi/net.oneplus.weather/recbg.png 339889-339891
//my_stock/media/theme/uxicons/xhdpi/net.oneplus.weather/recfg.png 339892
//my_stock/media/theme/uxicons/xhdpi/tv.danmaku.bili/mat.png 339895-339897
//my_stock/media/theme/uxicons/xhdpi/tv.danmaku.bili/nsd.png 339898
//my_stock/media/theme/uxicons/xhdpi/tv.danmaku.bili/recbg.png 339899
//my_stock/media/theme/uxicons/xxhdpi/andes.oplus.documentsreader/day.png 339902-339906
//my_stock/media/theme/uxicons/xxhdpi/cmb.pb/nsd.png 339907
//my_stock/media/theme/uxicons/xxhdpi/com.Qunar/nsd.png 339910
//my_stock/media/theme/uxicons/xxhdpi/com.airbnb.android/art_off.png 339913-339915
//my_stock/media/theme/uxicons/xxhdpi/com.airbnb.android/mat.png 339917-339919
//my_stock/media/theme/uxicons/xxhdpi/com.airbnb.android/recfg.png 339920-339921
//my_stock/media/theme/uxicons/xxhdpi/com.android.bankabc/nsd.png 339925
//my_stock/media/theme/uxicons/xxhdpi/com.android.contacts/day.png 339927-339931
//my_stock/media/theme/uxicons/xxhdpi/com.android.contacts/dialer_day.png 339933-339937
//my_stock/media/theme/uxicons/xxhdpi/com.android.contacts/dialer_mat.png 339939
//my_stock/media/theme/uxicons/xxhdpi/com.android.contacts/dialer_recbg.png 339941-339945
//my_stock/media/theme/uxicons/xxhdpi/com.android.contacts/dialer_recfg.png 339946-339947
//my_stock/media/theme/uxicons/xxhdpi/com.android.contacts/recbg.png 339950-339953
//my_stock/media/theme/uxicons/xxhdpi/com.android.contacts/recfg.png 339955-339957
//my_stock/media/theme/uxicons/xxhdpi/com.android.email/day.png 339958-339963
//my_stock/media/theme/uxicons/xxhdpi/com.android.fmradio/day.png 339965-339970
//my_stock/media/theme/uxicons/xxhdpi/com.android.mms/day.png 339974-339978
//my_stock/media/theme/uxicons/xxhdpi/com.android.mms/recbg.png 339981-339986
//my_stock/media/theme/uxicons/xxhdpi/com.android.mms/recfg.png 339987-339991
//my_stock/media/theme/uxicons/xxhdpi/com.android.permissioncontroller/nsd.png 339993
//my_stock/media/theme/uxicons/xxhdpi/com.android.settings/day.png 339994-339999
//my_stock/media/theme/uxicons/xxhdpi/com.android.settings/mat.png 340000-340003
//my_stock/media/theme/uxicons/xxhdpi/com.android.settings/peb.png 340006
//my_stock/media/theme/uxicons/xxhdpi/com.android.settings/recbg.png 340007-340013
//my_stock/media/theme/uxicons/xxhdpi/com.android.settings/recfg.png 340014-340015
//my_stock/media/theme/uxicons/xxhdpi/com.android.stk/day.png 340017-340019
//my_stock/media/theme/uxicons/xxhdpi/com.baidu.netdisk/nsd.png 340025
//my_stock/media/theme/uxicons/xxhdpi/com.baidu.searchbox.lite/nsd.png 340027
//my_stock/media/theme/uxicons/xxhdpi/com.bankcomm.Bankcomm/nsd.png 340028
//my_stock/media/theme/uxicons/xxhdpi/com.caf.fmradio/day.png 340029-340034
//my_stock/media/theme/uxicons/xxhdpi/com.chinamworld.bocmbci/nsd.png 340038
//my_stock/media/theme/uxicons/xxhdpi/com.chinamworld.main/nsd.png 340039
//my_stock/media/theme/uxicons/xxhdpi/com.coloros.alarmclock/day.png 340040-340044
//my_stock/media/theme/uxicons/xxhdpi/com.coloros.backuprestore/day.png 340046-340048
//my_stock/media/theme/uxicons/xxhdpi/com.coloros.calculator/day.png 340050-340057
//my_stock/media/theme/uxicons/xxhdpi/com.coloros.calculator/nsd.png 340059
//my_stock/media/theme/uxicons/xxhdpi/com.coloros.calendar/day.png 340060-340063
//my_stock/media/theme/uxicons/xxhdpi/com.coloros.compass/day.png 340064-340070
//my_stock/media/theme/uxicons/xxhdpi/com.coloros.compass2/day.png 340072-340078
//my_stock/media/theme/uxicons/xxhdpi/com.coloros.familyguard/day.png 340080-340084
//my_stock/media/theme/uxicons/xxhdpi/com.coloros.filemanager/day.png 340087-340090
//my_stock/media/theme/uxicons/xxhdpi/com.coloros.findmyphone/day.png 340092-340099
//my_stock/media/theme/uxicons/xxhdpi/com.coloros.findphone.client2/day.png 340102-340109
//my_stock/media/theme/uxicons/xxhdpi/com.coloros.gallery3d/day.png 340112-340117
//my_stock/media/theme/uxicons/xxhdpi/com.coloros.musiclink/day.png 340120-340125
//my_stock/media/theme/uxicons/xxhdpi/com.coloros.note/day.png 340126-340128
//my_stock/media/theme/uxicons/xxhdpi/com.coloros.ocrscanner/day.png 340129-340133
//my_stock/media/theme/uxicons/xxhdpi/com.coloros.phonemanager/day.png 340136-340140
//my_stock/media/theme/uxicons/xxhdpi/com.coloros.shortcuts/day.png 340142-340147
//my_stock/media/theme/uxicons/xxhdpi/com.coloros.soundrecorder/day.png 340149-340153
//my_stock/media/theme/uxicons/xxhdpi/com.coloros.video/day.png 340154-340159
//my_stock/media/theme/uxicons/xxhdpi/com.coloros.weather/day.png 340161-340167
//my_stock/media/theme/uxicons/xxhdpi/com.coloros.weather2/day.png 340169-340175
//my_stock/media/theme/uxicons/xxhdpi/com.dianping.v1/nsd.png 340177
//my_stock/media/theme/uxicons/xxhdpi/com.dragon.read/nsd.png 340179
//my_stock/media/theme/uxicons/xxhdpi/com.ebay.mobile/art_off.png 340180-340181
//my_stock/media/theme/uxicons/xxhdpi/com.ebay.mobile/mat.png 340182-340183
//my_stock/media/theme/uxicons/xxhdpi/com.ebay.mobile/recfg.png 340184
//my_stock/media/theme/uxicons/xxhdpi/com.facebook.katana/art_off.png 340186-340188
//my_stock/media/theme/uxicons/xxhdpi/com.facebook.katana/mat.png 340190
//my_stock/media/theme/uxicons/xxhdpi/com.facebook.katana/recbg.png 340191
//my_stock/media/theme/uxicons/xxhdpi/com.finshell.wallet/day.png 340193-340198
//my_stock/media/theme/uxicons/xxhdpi/com.greenpoint.android.mc10086.activity/nsd.png 340201
//my_stock/media/theme/uxicons/xxhdpi/com.heytap.book/day.png 340202-340206
//my_stock/media/theme/uxicons/xxhdpi/com.heytap.browser/day.png 340208-340213
//my_stock/media/theme/uxicons/xxhdpi/com.heytap.browser/mat.png 340215-340216
//my_stock/media/theme/uxicons/xxhdpi/com.heytap.browser/recfg.png 340218-340219
//my_stock/media/theme/uxicons/xxhdpi/com.heytap.cloud/day.png 340221-340226 340227
//my_stock/media/theme/uxicons/xxhdpi/com.heytap.cloud/mat.png 340228-340233
//my_stock/media/theme/uxicons/xxhdpi/com.heytap.cloud/peb.png 340235 340236
//my_stock/media/theme/uxicons/xxhdpi/com.heytap.cloud/recbg.png 340237-340242
//my_stock/media/theme/uxicons/xxhdpi/com.heytap.cloud/recfg.png 340243-340244
//my_stock/media/theme/uxicons/xxhdpi/com.heytap.health/day.png 340245-340246
//my_stock/media/theme/uxicons/xxhdpi/com.heytap.lock/day.png 340249-340254
//my_stock/media/theme/uxicons/xxhdpi/com.heytap.market/day.png 340257-340260
//my_stock/media/theme/uxicons/xxhdpi/com.heytap.music/day.png 340262-340266
//my_stock/media/theme/uxicons/xxhdpi/com.heytap.music/mat.png 340268
//my_stock/media/theme/uxicons/xxhdpi/com.heytap.quicksearchbox/day.png 340270-340275
//my_stock/media/theme/uxicons/xxhdpi/com.heytap.reader/day.png 340277-340281
//my_stock/media/theme/uxicons/xxhdpi/com.heytap.smarthome/day.png 340284-340288
//my_stock/media/theme/uxicons/xxhdpi/com.heytap.smarthome/recfg.png 340292
//my_stock/media/theme/uxicons/xxhdpi/com.heytap.themestore/day.png 340294-340299
//my_stock/media/theme/uxicons/xxhdpi/com.heytap.themestore/mat.png 340300-340305
//my_stock/media/theme/uxicons/xxhdpi/com.heytap.themestore/peb.png 340307
//my_stock/media/theme/uxicons/xxhdpi/com.heytap.themestore/recbg.png 340308-340313
//my_stock/media/theme/uxicons/xxhdpi/com.heytap.yoli/day.png 340314-340319
//my_stock/media/theme/uxicons/xxhdpi/com.icbc/nsd.png 340323
//my_stock/media/theme/uxicons/xxhdpi/com.instagram.android/art_off.png 340325-340331
//my_stock/media/theme/uxicons/xxhdpi/com.instagram.android/mat.png 340332
//my_stock/media/theme/uxicons/xxhdpi/com.instagram.android/recbg.png 340334-340337
//my_stock/media/theme/uxicons/xxhdpi/com.kugou.android.lite/nsd.png 340344
//my_stock/media/theme/uxicons/xxhdpi/com.lemon.lv/nsd.png 340346
//my_stock/media/theme/uxicons/xxhdpi/com.miHoYo.Yuanshen/nsd.png 340349
//my_stock/media/theme/uxicons/xxhdpi/com.miHoYo.hkrpg/nsd.png 340350
//my_stock/media/theme/uxicons/xxhdpi/com.microsoft.office.outlook/art_off.png 340351-340354
//my_stock/media/theme/uxicons/xxhdpi/com.microsoft.office.outlook/mat.png 340355
//my_stock/media/theme/uxicons/xxhdpi/com.nearme.gamecenter/day.png 340359-340362
//my_stock/media/theme/uxicons/xxhdpi/com.nearme.gamecenter/recfg.png 340367
//my_stock/media/theme/uxicons/xxhdpi/com.nearme.instant.platform/day.png 340368-340370
//my_stock/media/theme/uxicons/xxhdpi/com.netease.cloudmusic/nsd.png 340373
//my_stock/media/theme/uxicons/xxhdpi/com.oneplus.backuprestore/day.png 340374-340376
//my_stock/media/theme/uxicons/xxhdpi/com.oneplus.backuprestore/mat.png 340378-340384
//my_stock/media/theme/uxicons/xxhdpi/com.oneplus.backuprestore/peb.png 340386
//my_stock/media/theme/uxicons/xxhdpi/com.oneplus.backuprestore/recbg.png 340387-340390
//my_stock/media/theme/uxicons/xxhdpi/com.oneplus.backuprestore/recfg.png 340392-340393
//my_stock/media/theme/uxicons/xxhdpi/com.oneplus.brickmode/day.png 340395-340401
//my_stock/media/theme/uxicons/xxhdpi/com.oneplus.brickmode/nsd.png 340404
//my_stock/media/theme/uxicons/xxhdpi/com.oneplus.brickmode/recbg.png 340405-340410
//my_stock/media/theme/uxicons/xxhdpi/com.oneplus.brickmode/recfg.png 340412-340421
//my_stock/media/theme/uxicons/xxhdpi/com.oneplus.calculator/day.png 340423-340430
//my_stock/media/theme/uxicons/xxhdpi/com.oneplus.calculator/mat.png 340432-340435
//my_stock/media/theme/uxicons/xxhdpi/com.oneplus.calculator/nsd.png 340437
//my_stock/media/theme/uxicons/xxhdpi/com.oneplus.calculator/peb.png 340438
//my_stock/media/theme/uxicons/xxhdpi/com.oneplus.calculator/recbg.png 340439-340444
//my_stock/media/theme/uxicons/xxhdpi/com.oneplus.calculator/recfg.png 340446-340450
//my_stock/media/theme/uxicons/xxhdpi/com.oneplus.camera/mat.png 340452-340457
//my_stock/media/theme/uxicons/xxhdpi/com.oneplus.camera/peb.png 340459
//my_stock/media/theme/uxicons/xxhdpi/com.oneplus.camera/recbg.png 340461-340464
//my_stock/media/theme/uxicons/xxhdpi/com.oneplus.camera/recfg.png 340465-340471
//my_stock/media/theme/uxicons/xxhdpi/com.oneplus.deskclock/day.png 340472-340476
//my_stock/media/theme/uxicons/xxhdpi/com.oneplus.deskclock/mat.png 340477-340480
//my_stock/media/theme/uxicons/xxhdpi/com.oneplus.deskclock/peb.png 340483
//my_stock/media/theme/uxicons/xxhdpi/com.oneplus.deskclock/recbg.png 340484-340487
//my_stock/media/theme/uxicons/xxhdpi/com.oneplus.deskclock/recfg.png 340489
//my_stock/media/theme/uxicons/xxhdpi/com.oneplus.filemanager/day.png 340490-340493
//my_stock/media/theme/uxicons/xxhdpi/com.oneplus.filemanager/mat.png 340495-340498
//my_stock/media/theme/uxicons/xxhdpi/com.oneplus.filemanager/monochrome.png 340500
//my_stock/media/theme/uxicons/xxhdpi/com.oneplus.filemanager/recbg.png 340503-340508
//my_stock/media/theme/uxicons/xxhdpi/com.oneplus.filemanager/recfg.png 340509-340512
//my_stock/media/theme/uxicons/xxhdpi/com.oneplus.gallery/day.png 340514-340519
//my_stock/media/theme/uxicons/xxhdpi/com.oneplus.gallery/mat.png 340520-340524
//my_stock/media/theme/uxicons/xxhdpi/com.oneplus.gallery/peb.png 340527
//my_stock/media/theme/uxicons/xxhdpi/com.oneplus.gallery/recbg.png 340528-340533
//my_stock/media/theme/uxicons/xxhdpi/com.oneplus.gallery/recfg.png 340534-340537
//my_stock/media/theme/uxicons/xxhdpi/com.oneplus.mall/recbg.png 340539-340544
//my_stock/media/theme/uxicons/xxhdpi/com.oneplus.member/recbg.png 340547-340551
//my_stock/media/theme/uxicons/xxhdpi/com.oneplus.member/recfg.png 340553-340557
//my_stock/media/theme/uxicons/xxhdpi/com.oneplus.mms/recbg.png 340560-340565
//my_stock/media/theme/uxicons/xxhdpi/com.oneplus.mms/recfg.png 340566-340570
//my_stock/media/theme/uxicons/xxhdpi/com.oneplus.note/day.png 340572-340574
//my_stock/media/theme/uxicons/xxhdpi/com.oneplus.note/mat.png 340575-340579
//my_stock/media/theme/uxicons/xxhdpi/com.oneplus.note/recbg.png 340581-340586
//my_stock/media/theme/uxicons/xxhdpi/com.oneplus.note/recfg.png 340588-340590
//my_stock/media/theme/uxicons/xxhdpi/com.oneplus.soundrecorder/day.png 340591-340595
//my_stock/media/theme/uxicons/xxhdpi/com.oneplus.soundrecorder/mat.png 340596-340600
//my_stock/media/theme/uxicons/xxhdpi/com.oneplus.soundrecorder/recbg.png 340603-340606
//my_stock/media/theme/uxicons/xxhdpi/com.oneplus.soundrecorder/recfg.png 340608
//my_stock/media/theme/uxicons/xxhdpi/com.oneplus.store/recbg.png 340610-340615
//my_stock/media/theme/uxicons/xxhdpi/com.oplus.calendar/day.png 340618-340621
//my_stock/media/theme/uxicons/xxhdpi/com.oplus.camera/day.png 340622-340628
//my_stock/media/theme/uxicons/xxhdpi/com.oplus.camera/mat.png 340629
//my_stock/media/theme/uxicons/xxhdpi/com.oplus.camera/recbg.png 340631-340636
//my_stock/media/theme/uxicons/xxhdpi/com.oplus.camera/recfg.png 340638-340645
//my_stock/media/theme/uxicons/xxhdpi/com.oplus.consumerIRApp/day.png 340646-340648
//my_stock/media/theme/uxicons/xxhdpi/com.oplus.consumerIRApp/mat.png 340649-340651
//my_stock/media/theme/uxicons/xxhdpi/com.oplus.consumerIRApp/monochrome.png 340653
//my_stock/media/theme/uxicons/xxhdpi/com.oplus.consumerIRApp/peb.png 340655
//my_stock/media/theme/uxicons/xxhdpi/com.oplus.consumerIRApp/recbg.png 340656-340660
//my_stock/media/theme/uxicons/xxhdpi/com.oplus.consumerIRApp/recfg.png 340662-340663
//my_stock/media/theme/uxicons/xxhdpi/com.oplus.games/mat.png 340664-340668
//my_stock/media/theme/uxicons/xxhdpi/com.oplus.games/peb.png 340669
//my_stock/media/theme/uxicons/xxhdpi/com.oplus.games/recbg.png 340670-340675
//my_stock/media/theme/uxicons/xxhdpi/com.oplus.games/recfg.png 340677-340685
//my_stock/media/theme/uxicons/xxhdpi/com.oplus.logkit/recfg.png 340686-340687
//my_stock/media/theme/uxicons/xxhdpi/com.oplus.member/day.png 340688-340690
//my_stock/media/theme/uxicons/xxhdpi/com.oplus.phonemanager/day.png 340693-340697
//my_stock/media/theme/uxicons/xxhdpi/com.oplus.phonemanager/mat.png 340698-340699
//my_stock/media/theme/uxicons/xxhdpi/com.oplus.phonemanager/peb.png 340701-340702
//my_stock/media/theme/uxicons/xxhdpi/com.oplus.phonemanager/recbg.png 340703-340708
//my_stock/media/theme/uxicons/xxhdpi/com.oplus.phonemanager/recfg.png 340709
//my_stock/media/theme/uxicons/xxhdpi/com.oplus.play/day.png 340711-340714
//my_stock/media/theme/uxicons/xxhdpi/com.oplus.play/mat.png 340716
//my_stock/media/theme/uxicons/xxhdpi/com.oplus.themestore/mat.png 340719-340721
//my_stock/media/theme/uxicons/xxhdpi/com.oplus.themestore/recbg.png 340723-340728
//my_stock/media/theme/uxicons/xxhdpi/com.oplus.themestore/recfg.png 340729-340732
//my_stock/media/theme/uxicons/xxhdpi/com.oplus.vip/recbg.png 340733-340737
//my_stock/media/theme/uxicons/xxhdpi/com.oplus.vip/recfg.png 340739-340743
//my_stock/media/theme/uxicons/xxhdpi/com.opluskgd.onetaplocking/day.png 340745-340750
//my_stock/media/theme/uxicons/xxhdpi/com.opluskgd.onetaplocking/mat.png 340752-340758
//my_stock/media/theme/uxicons/xxhdpi/com.opluskgd.onetaplocking/peb.png 340760
//my_stock/media/theme/uxicons/xxhdpi/com.opluskgd.onetaplocking/recbg.png 340762-340767
//my_stock/media/theme/uxicons/xxhdpi/com.opluskgd.onetaplocking/recfg.png 340769-340778
//my_stock/media/theme/uxicons/xxhdpi/com.oppo.community/day.png 340780-340785
//my_stock/media/theme/uxicons/xxhdpi/com.paypal.android.p2pmobile/art_off.png 340789-340795
//my_stock/media/theme/uxicons/xxhdpi/com.paypal.android.p2pmobile/mat.png 340796
//my_stock/media/theme/uxicons/xxhdpi/com.paypal.android.p2pmobile/recbg.png 340797-340804
//my_stock/media/theme/uxicons/xxhdpi/com.paypal.android.p2pmobile/recfg.png 340806
//my_stock/media/theme/uxicons/xxhdpi/com.pingan.paces.ccms/nsd.png 340808
//my_stock/media/theme/uxicons/xxhdpi/com.pinterest/art_off.png 340809-340810
//my_stock/media/theme/uxicons/xxhdpi/com.pinterest/mat.png 340812
//my_stock/media/theme/uxicons/xxhdpi/com.redteamobile.roaming/day.png 340816-340822
//my_stock/media/theme/uxicons/xxhdpi/com.sina.weibo/nsd.png 340828
//my_stock/media/theme/uxicons/xxhdpi/com.snapchat.android/mat.png 340830
//my_stock/media/theme/uxicons/xxhdpi/com.spotify.music/mat.png 340833-340835
//my_stock/media/theme/uxicons/xxhdpi/com.spotify.music/recfg.png 340837-340839
//my_stock/media/theme/uxicons/xxhdpi/com.ss.android.article.lite/nsd.png 340841
//my_stock/media/theme/uxicons/xxhdpi/com.taobao.litetao/nsd.png 340848
//my_stock/media/theme/uxicons/xxhdpi/com.taobao.taobao/nsd.png 340850
//my_stock/media/theme/uxicons/xxhdpi/com.tencent.karaoke/nsd.png 340852
//my_stock/media/theme/uxicons/xxhdpi/com.tencent.mobileqq/nsd.png 340855
//my_stock/media/theme/uxicons/xxhdpi/com.tencent.news/nsd.png 340857
//my_stock/media/theme/uxicons/xxhdpi/com.tencent.qqmusic/nsd.png 340859
//my_stock/media/theme/uxicons/xxhdpi/com.tencent.tmgp.sgame/nsd.png 340862
//my_stock/media/theme/uxicons/xxhdpi/com.tianyancha.skyeye/nsd.png 340865
//my_stock/media/theme/uxicons/xxhdpi/com.tongcheng.android/nsd.png 340868
//my_stock/media/theme/uxicons/xxhdpi/com.twitter.android/art_off.png 340869
//my_stock/media/theme/uxicons/xxhdpi/com.xs.fm/nsd.png 340877
//my_stock/media/theme/uxicons/xxhdpi/com.xs.fm.lite/nsd.png 340878
//my_stock/media/theme/uxicons/xxhdpi/com.xt.retouch/nsd.png 340879
//my_stock/media/theme/uxicons/xxhdpi/com.xunmeng.pinduoduo/nsd.png 340880
//my_stock/media/theme/uxicons/xxhdpi/com.xyyzsgxyl.traceless/day.png 340881-340887
//my_stock/media/theme/uxicons/xxhdpi/com.yitong.mbank.psbc/nsd.png 340889
//my_stock/media/theme/uxicons/xxhdpi/com.youku.phone/nsd.png 340890
//my_stock/media/theme/uxicons/xxhdpi/ctrip.android.view/nsd.png 340892
//my_stock/media/theme/uxicons/xxhdpi/icons-daylight 340893-340901
//my_stock/media/theme/uxicons/xxhdpi/icons-meterial 340902-340906
//my_stock/media/theme/uxicons/xxhdpi/icons-nightshadow 340907
//my_stock/media/theme/uxicons/xxhdpi/icons-pebble 340908-340911
//my_stock/media/theme/uxicons/xxhdpi/icons-rectangle 340912-340923
//my_stock/media/theme/uxicons/xxhdpi/in.amazon.mShop.android.shopping/mat.png 340924-340926
//my_stock/media/theme/uxicons/xxhdpi/in.amazon.mShop.android.shopping/recbg.png 340927-340930
//my_stock/media/theme/uxicons/xxhdpi/me.ele/nsd.png 340932
//my_stock/media/theme/uxicons/xxhdpi/net.oneplus.forums/mat.png 340933-340938
//my_stock/media/theme/uxicons/xxhdpi/net.oneplus.forums/peb.png 340939
//my_stock/media/theme/uxicons/xxhdpi/net.oneplus.forums/recbg.png 340940-340944
//my_stock/media/theme/uxicons/xxhdpi/net.oneplus.forums/recfg.png 340945-340950
//my_stock/media/theme/uxicons/xxhdpi/net.oneplus.weather/day.png 340952-340958
//my_stock/media/theme/uxicons/xxhdpi/net.oneplus.weather/mat.png 340959-340963
//my_stock/media/theme/uxicons/xxhdpi/net.oneplus.weather/peb.png 340966
//my_stock/media/theme/uxicons/xxhdpi/net.oneplus.weather/recbg.png 340967-340972
//my_stock/media/theme/uxicons/xxhdpi/net.oneplus.weather/recfg.png 340974-340976
//my_stock/media/theme/uxicons/xxhdpi/tv.danmaku.bili/mat.png 340978-340983
//my_stock/media/theme/uxicons/xxhdpi/tv.danmaku.bili/nsd.png 340984-340985
//my_stock/media/theme/uxicons/xxhdpi/tv.danmaku.bili/recbg.png 340986
//my_stock/media/theme/uxicons/xxhdpi/tv.danmaku.bili/recfg.png 340988
//my_stock/media/theme/uxicons/xxxhdpi/andes.oplus.documentsreader/day.png 340991-340998
//my_stock/media/theme/uxicons/xxxhdpi/cmb.pb/nsd.png 341000
//my_stock/media/theme/uxicons/xxxhdpi/com.MobileTicket/nsd.png 341003
//my_stock/media/theme/uxicons/xxxhdpi/com.Qunar/nsd.png 341004
//my_stock/media/theme/uxicons/xxxhdpi/com.UCMobile/nsd.png 341006
//my_stock/media/theme/uxicons/xxxhdpi/com.achievo.vipshop/nsd.png 341007
//my_stock/media/theme/uxicons/xxxhdpi/com.airbnb.android/art_off.png 341008-341010
//my_stock/media/theme/uxicons/xxxhdpi/com.airbnb.android/mat.png 341012-341014
//my_stock/media/theme/uxicons/xxxhdpi/com.airbnb.android/recfg.png 341015-341016
//my_stock/media/theme/uxicons/xxxhdpi/com.alibaba.android.rimet/nsd.png 341018
//my_stock/media/theme/uxicons/xxxhdpi/com.alibaba.wireless/nsd.png 341019
//my_stock/media/theme/uxicons/xxxhdpi/com.android.bankabc/nsd.png 341020
//my_stock/media/theme/uxicons/xxxhdpi/com.android.bluetooth/share_blue.png 341022
//my_stock/media/theme/uxicons/xxxhdpi/com.android.contacts/day.png 341023-341031
//my_stock/media/theme/uxicons/xxxhdpi/com.android.contacts/dialer_day.png 341033-341041
//my_stock/media/theme/uxicons/xxxhdpi/com.android.contacts/dialer_mat.png 341043
//my_stock/media/theme/uxicons/xxxhdpi/com.android.contacts/dialer_recbg.png 341046-341053
//my_stock/media/theme/uxicons/xxxhdpi/com.android.contacts/dialer_recfg.png 341055-341058
//my_stock/media/theme/uxicons/xxxhdpi/com.android.contacts/mat.png 341060
//my_stock/media/theme/uxicons/xxxhdpi/com.android.contacts/recbg.png 341062-341069
//my_stock/media/theme/uxicons/xxxhdpi/com.android.contacts/recfg.png 341070-341074
//my_stock/media/theme/uxicons/xxxhdpi/com.android.email/day.png 341076-341085
//my_stock/media/theme/uxicons/xxxhdpi/com.android.fmradio/day.png 341087-341097
//my_stock/media/theme/uxicons/xxxhdpi/com.android.fmradio/mat.png 341099
//my_stock/media/theme/uxicons/xxxhdpi/com.android.fmradio/recfg.png 341101
//my_stock/media/theme/uxicons/xxxhdpi/com.android.mms/day.png 341102-341109
//my_stock/media/theme/uxicons/xxxhdpi/com.android.mms/recbg.png 341113-341122
//my_stock/media/theme/uxicons/xxxhdpi/com.android.mms/recfg.png 341124-341132
//my_stock/media/theme/uxicons/xxxhdpi/com.android.permissioncontroller/nsd.png 341134
//my_stock/media/theme/uxicons/xxxhdpi/com.android.settings/day.png 341135-341144
//my_stock/media/theme/uxicons/xxxhdpi/com.android.settings/mat.png 341145-341151
//my_stock/media/theme/uxicons/xxxhdpi/com.android.settings/peb.png 341155
//my_stock/media/theme/uxicons/xxxhdpi/com.android.settings/recbg.png 341157-341168
//my_stock/media/theme/uxicons/xxxhdpi/com.android.settings/recfg.png 341169-341172
//my_stock/media/theme/uxicons/xxxhdpi/com.android.stk/day.png 341173-341177
//my_stock/media/theme/uxicons/xxxhdpi/com.android.stk/mat.png 341179
//my_stock/media/theme/uxicons/xxxhdpi/com.baidu.BaiduMap/nsd.png 341182
//my_stock/media/theme/uxicons/xxxhdpi/com.baidu.netdisk/nsd.png 341184
//my_stock/media/theme/uxicons/xxxhdpi/com.baidu.searchbox/nsd.png 341185
//my_stock/media/theme/uxicons/xxxhdpi/com.baidu.searchbox.lite/nsd.png 341186
//my_stock/media/theme/uxicons/xxxhdpi/com.bankcomm.Bankcomm/nsd.png 341188
//my_stock/media/theme/uxicons/xxxhdpi/com.caf.fmradio/day.png 341190-341200
//my_stock/media/theme/uxicons/xxxhdpi/com.caf.fmradio/mat.png 341201
//my_stock/media/theme/uxicons/xxxhdpi/com.caf.fmradio/recfg.png 341203
//my_stock/media/theme/uxicons/xxxhdpi/com.chinamworld.bocmbci/nsd.png 341204
//my_stock/media/theme/uxicons/xxxhdpi/com.chinamworld.main/nsd.png 341206
//my_stock/media/theme/uxicons/xxxhdpi/com.coloros.alarmclock/day.png 341208-341216
//my_stock/media/theme/uxicons/xxxhdpi/com.coloros.backuprestore/day.png 341218-341223
//my_stock/media/theme/uxicons/xxxhdpi/com.coloros.calculator/day.png 341225-341238
//my_stock/media/theme/uxicons/xxxhdpi/com.coloros.calculator/nsd.png 341239
//my_stock/media/theme/uxicons/xxxhdpi/com.coloros.calendar/day.png 341240-341246
//my_stock/media/theme/uxicons/xxxhdpi/com.coloros.compass/day.png 341248-341258
//my_stock/media/theme/uxicons/xxxhdpi/com.coloros.compass/nsd.png 341260
//my_stock/media/theme/uxicons/xxxhdpi/com.coloros.compass2/day.png 341261-341271
//my_stock/media/theme/uxicons/xxxhdpi/com.coloros.compass2/nsd.png 341273
//my_stock/media/theme/uxicons/xxxhdpi/com.coloros.familyguard/day.png 341274-341282
//my_stock/media/theme/uxicons/xxxhdpi/com.coloros.filemanager/day.png 341285-341291
//my_stock/media/theme/uxicons/xxxhdpi/com.coloros.findmyphone/day.png 341293-341306
//my_stock/media/theme/uxicons/xxxhdpi/com.coloros.findmyphone/nsd.png 341307
//my_stock/media/theme/uxicons/xxxhdpi/com.coloros.findphone.client2/day.png 341308-341321
//my_stock/media/theme/uxicons/xxxhdpi/com.coloros.findphone.client2/nsd.png 341322
//my_stock/media/theme/uxicons/xxxhdpi/com.coloros.gallery3d/day.png 341323-341332
//my_stock/media/theme/uxicons/xxxhdpi/com.coloros.musiclink/day.png 341335-341344
//my_stock/media/theme/uxicons/xxxhdpi/com.coloros.note/day.png 341346-341350
//my_stock/media/theme/uxicons/xxxhdpi/com.coloros.ocrscanner/day.png 341352-341360
//my_stock/media/theme/uxicons/xxxhdpi/com.coloros.phonemanager/day.png 341363-341370
//my_stock/media/theme/uxicons/xxxhdpi/com.coloros.shortcuts/day.png 341373-341382
//my_stock/media/theme/uxicons/xxxhdpi/com.coloros.soundrecorder/day.png 341384-341392
//my_stock/media/theme/uxicons/xxxhdpi/com.coloros.video/day.png 341393-341402
//my_stock/media/theme/uxicons/xxxhdpi/com.coloros.video/nsd.png 341404
//my_stock/media/theme/uxicons/xxxhdpi/com.coloros.weather/day.png 341405-341416
//my_stock/media/theme/uxicons/xxxhdpi/com.coloros.weather2/day.png 341418-341429
//my_stock/media/theme/uxicons/xxxhdpi/com.dianping.v1/nsd.png 341431
//my_stock/media/theme/uxicons/xxxhdpi/com.douban.frodo/nsd.png 341432
//my_stock/media/theme/uxicons/xxxhdpi/com.dragon.read/nsd.png 341433
//my_stock/media/theme/uxicons/xxxhdpi/com.ebay.mobile/art_off.png 341434-341435
//my_stock/media/theme/uxicons/xxxhdpi/com.ebay.mobile/mat.png 341436-341437
//my_stock/media/theme/uxicons/xxxhdpi/com.ebay.mobile/recfg.png 341438
//my_stock/media/theme/uxicons/xxxhdpi/com.facebook.katana/art_off.png 341441-341448
//my_stock/media/theme/uxicons/xxxhdpi/com.facebook.katana/mat.png 341449
//my_stock/media/theme/uxicons/xxxhdpi/com.facebook.katana/recbg.png 341451-341452
//my_stock/media/theme/uxicons/xxxhdpi/com.finshell.wallet/day.png 341454-341464
//my_stock/media/theme/uxicons/xxxhdpi/com.gotokeep.keep/nsd.png 341467
//my_stock/media/theme/uxicons/xxxhdpi/com.greenpoint.android.mc10086.activity/nsd.png 341468
//my_stock/media/theme/uxicons/xxxhdpi/com.heytap.book/day.png 341470-341478
//my_stock/media/theme/uxicons/xxxhdpi/com.heytap.browser/day.png 341482-341491
//my_stock/media/theme/uxicons/xxxhdpi/com.heytap.browser/mat.png 341493-341495
//my_stock/media/theme/uxicons/xxxhdpi/com.heytap.browser/recfg.png 341498-341501
//my_stock/media/theme/uxicons/xxxhdpi/com.heytap.cloud/day.png 341503-341513
//my_stock/media/theme/uxicons/xxxhdpi/com.heytap.cloud/recbg.png 341517-341521
//my_stock/media/theme/uxicons/xxxhdpi/com.heytap.cloud/recfg.png 341522-341523
//my_stock/media/theme/uxicons/xxxhdpi/com.heytap.health/day.png 341525-341528
//my_stock/media/theme/uxicons/xxxhdpi/com.heytap.lock/day.png 341530-341540
//my_stock/media/theme/uxicons/xxxhdpi/com.heytap.market/day.png 341543-341550
//my_stock/media/theme/uxicons/xxxhdpi/com.heytap.music/day.png 341551-341559
//my_stock/media/theme/uxicons/xxxhdpi/com.heytap.music/mat.png 341561
//my_stock/media/theme/uxicons/xxxhdpi/com.heytap.quicksearchbox/day.png 341564-341573
//my_stock/media/theme/uxicons/xxxhdpi/com.heytap.quicksearchbox/nsd.png 341574
//my_stock/media/theme/uxicons/xxxhdpi/com.heytap.reader/day.png 341575-341583
//my_stock/media/theme/uxicons/xxxhdpi/com.heytap.smarthome/day.png 341588-341596
//my_stock/media/theme/uxicons/xxxhdpi/com.heytap.smarthome/recfg.png 341600-341601
//my_stock/media/theme/uxicons/xxxhdpi/com.heytap.themestore/day.png 341603-341612
//my_stock/media/theme/uxicons/xxxhdpi/com.heytap.themestore/mat.png 341614-341623
//my_stock/media/theme/uxicons/xxxhdpi/com.heytap.themestore/peb.png 341625
//my_stock/media/theme/uxicons/xxxhdpi/com.heytap.themestore/recbg.png 341627-341636
//my_stock/media/theme/uxicons/xxxhdpi/com.heytap.yoli/day.png 341637-341646
//my_stock/media/theme/uxicons/xxxhdpi/com.heytap.yoli/nsd.png 341648
//my_stock/media/theme/uxicons/xxxhdpi/com.hpbr.bosszhipin/nsd.png 341649
//my_stock/media/theme/uxicons/xxxhdpi/com.hunantv.imgo.activity/nsd.png 341650
//my_stock/media/theme/uxicons/xxxhdpi/com.icbc/nsd.png 341651
//my_stock/media/theme/uxicons/xxxhdpi/com.immomo.momo/nsd.png 341653
//my_stock/media/theme/uxicons/xxxhdpi/com.instagram.android/art_off.png 341654-341664
//my_stock/media/theme/uxicons/xxxhdpi/com.instagram.android/mat.png 341666-341667
//my_stock/media/theme/uxicons/xxxhdpi/com.instagram.android/recbg.png 341668-341675
//my_stock/media/theme/uxicons/xxxhdpi/com.jingdong.app.mall/nsd.png 341677
//my_stock/media/theme/uxicons/xxxhdpi/com.kuaishou.nebula/nsd.png 341679
//my_stock/media/theme/uxicons/xxxhdpi/com.kugou.android/nsd.png 341680
//my_stock/media/theme/uxicons/xxxhdpi/com.kugou.android.lite/nsd.png 341681
//my_stock/media/theme/uxicons/xxxhdpi/com.lemon.lv/nsd.png 341685
//my_stock/media/theme/uxicons/xxxhdpi/com.miHoYo.Yuanshen/nsd.png 341688
//my_stock/media/theme/uxicons/xxxhdpi/com.miHoYo.hkrpg/nsd.png 341690
//my_stock/media/theme/uxicons/xxxhdpi/com.microsoft.office.outlook/art_off.png 341691-341694
//my_stock/media/theme/uxicons/xxxhdpi/com.microsoft.office.outlook/mat.png 341695
//my_stock/media/theme/uxicons/xxxhdpi/com.microsoft.office.outlook/recfg.png 341696
//my_stock/media/theme/uxicons/xxxhdpi/com.moji.mjweather/nsd.png 341697
//my_stock/media/theme/uxicons/xxxhdpi/com.mt.mtxx.mtxx/nsd.png 341698
//my_stock/media/theme/uxicons/xxxhdpi/com.nearme.gamecenter/day.png 341699-341705
//my_stock/media/theme/uxicons/xxxhdpi/com.nearme.gamecenter/recbg.png 341710
//my_stock/media/theme/uxicons/xxxhdpi/com.nearme.gamecenter/recfg.png 341711-341712
//my_stock/media/theme/uxicons/xxxhdpi/com.nearme.instant.platform/day.png 341713-341717
//my_stock/media/theme/uxicons/xxxhdpi/com.netease.cloudmusic/nsd.png 341720
//my_stock/media/theme/uxicons/xxxhdpi/com.oneplus.backuprestore/day.png 341722-341727
//my_stock/media/theme/uxicons/xxxhdpi/com.oneplus.backuprestore/mat.png 341728-341739
//my_stock/media/theme/uxicons/xxxhdpi/com.oneplus.backuprestore/peb.png 341741
//my_stock/media/theme/uxicons/xxxhdpi/com.oneplus.backuprestore/recbg.png 341742-341748
//my_stock/media/theme/uxicons/xxxhdpi/com.oneplus.backuprestore/recfg.png 341750-341753
//my_stock/media/theme/uxicons/xxxhdpi/com.oneplus.brickmode/day.png 341755-341766
//my_stock/media/theme/uxicons/xxxhdpi/com.oneplus.brickmode/nsd.png 341768
//my_stock/media/theme/uxicons/xxxhdpi/com.oneplus.brickmode/recbg.png 341770-341781
//my_stock/media/theme/uxicons/xxxhdpi/com.oneplus.brickmode/recfg.png 341782-341798
//my_stock/media/theme/uxicons/xxxhdpi/com.oneplus.calculator/day.png 341800-341813
//my_stock/media/theme/uxicons/xxxhdpi/com.oneplus.calculator/mat.png 341814-341820
//my_stock/media/theme/uxicons/xxxhdpi/com.oneplus.calculator/nsd.png 341822
//my_stock/media/theme/uxicons/xxxhdpi/com.oneplus.calculator/peb.png 341823
//my_stock/media/theme/uxicons/xxxhdpi/com.oneplus.calculator/recbg.png 341825-341835
//my_stock/media/theme/uxicons/xxxhdpi/com.oneplus.calculator/recfg.png 341837-341845
//my_stock/media/theme/uxicons/xxxhdpi/com.oneplus.camera/mat.png 341846-341855
//my_stock/media/theme/uxicons/xxxhdpi/com.oneplus.camera/peb.png 341858-341859
//my_stock/media/theme/uxicons/xxxhdpi/com.oneplus.camera/recbg.png 341860-341866
//my_stock/media/theme/uxicons/xxxhdpi/com.oneplus.camera/recfg.png 341867-341877 341878
//my_stock/media/theme/uxicons/xxxhdpi/com.oneplus.deskclock/day.png 341879-341887
//my_stock/media/theme/uxicons/xxxhdpi/com.oneplus.deskclock/mat.png 341888-341894
//my_stock/media/theme/uxicons/xxxhdpi/com.oneplus.deskclock/peb.png 341896
//my_stock/media/theme/uxicons/xxxhdpi/com.oneplus.deskclock/recbg.png 341898-341905
//my_stock/media/theme/uxicons/xxxhdpi/com.oneplus.deskclock/recfg.png 341906
//my_stock/media/theme/uxicons/xxxhdpi/com.oneplus.filemanager/day.png 341908-341914
//my_stock/media/theme/uxicons/xxxhdpi/com.oneplus.filemanager/mat.png 341916-341922
//my_stock/media/theme/uxicons/xxxhdpi/com.oneplus.filemanager/monochrome.png 341924-341925
//my_stock/media/theme/uxicons/xxxhdpi/com.oneplus.filemanager/peb.png 341927
//my_stock/media/theme/uxicons/xxxhdpi/com.oneplus.filemanager/recbg.png 341928-341938
//my_stock/media/theme/uxicons/xxxhdpi/com.oneplus.filemanager/recfg.png 341939-341945
//my_stock/media/theme/uxicons/xxxhdpi/com.oneplus.gallery/day.png 341947-341956
//my_stock/media/theme/uxicons/xxxhdpi/com.oneplus.gallery/mat.png 341958-341966
//my_stock/media/theme/uxicons/xxxhdpi/com.oneplus.gallery/peb.png 341968
//my_stock/media/theme/uxicons/xxxhdpi/com.oneplus.gallery/recbg.png 341969-341978
//my_stock/media/theme/uxicons/xxxhdpi/com.oneplus.gallery/recfg.png 341980-341986
//my_stock/media/theme/uxicons/xxxhdpi/com.oneplus.mall/recbg.png 341989-342000
//my_stock/media/theme/uxicons/xxxhdpi/com.oneplus.member/recbg.png 342002-342011
//my_stock/media/theme/uxicons/xxxhdpi/com.oneplus.member/recfg.png 342012-342021
//my_stock/media/theme/uxicons/xxxhdpi/com.oneplus.mms/recbg.png 342023-342032
//my_stock/media/theme/uxicons/xxxhdpi/com.oneplus.mms/recfg.png 342034-342042
//my_stock/media/theme/uxicons/xxxhdpi/com.oneplus.note/day.png 342044-342048
//my_stock/media/theme/uxicons/xxxhdpi/com.oneplus.note/mat.png 342050-342057
//my_stock/media/theme/uxicons/xxxhdpi/com.oneplus.note/peb.png 342059
//my_stock/media/theme/uxicons/xxxhdpi/com.oneplus.note/recbg.png 342060-342070
//my_stock/media/theme/uxicons/xxxhdpi/com.oneplus.note/recfg.png 342072-342076
//my_stock/media/theme/uxicons/xxxhdpi/com.oneplus.soundrecorder/day.png 342078-342086
//my_stock/media/theme/uxicons/xxxhdpi/com.oneplus.soundrecorder/mat.png 342087-342095
//my_stock/media/theme/uxicons/xxxhdpi/com.oneplus.soundrecorder/peb.png 342096
//my_stock/media/theme/uxicons/xxxhdpi/com.oneplus.soundrecorder/recbg.png 342097-342103
//my_stock/media/theme/uxicons/xxxhdpi/com.oneplus.soundrecorder/recfg.png 342105
//my_stock/media/theme/uxicons/xxxhdpi/com.oneplus.store/recbg.png 342108-342119
//my_stock/media/theme/uxicons/xxxhdpi/com.oplus.calendar/day.png 342121-342127
//my_stock/media/theme/uxicons/xxxhdpi/com.oplus.camera/day.png 342129-342139
//my_stock/media/theme/uxicons/xxxhdpi/com.oplus.camera/mat.png 342141
//my_stock/media/theme/uxicons/xxxhdpi/com.oplus.camera/recbg.png 342145-342155
//my_stock/media/theme/uxicons/xxxhdpi/com.oplus.camera/recfg.png 342157-342169
//my_stock/media/theme/uxicons/xxxhdpi/com.oplus.consumerIRApp/day.png 342170-342174
//my_stock/media/theme/uxicons/xxxhdpi/com.oplus.consumerIRApp/mat.png 342175-342180
//my_stock/media/theme/uxicons/xxxhdpi/com.oplus.consumerIRApp/monochrome.png 342181
//my_stock/media/theme/uxicons/xxxhdpi/com.oplus.consumerIRApp/peb.png 342184
//my_stock/media/theme/uxicons/xxxhdpi/com.oplus.consumerIRApp/recbg.png 342186-342194
//my_stock/media/theme/uxicons/xxxhdpi/com.oplus.consumerIRApp/recfg.png 342196-342198
//my_stock/media/theme/uxicons/xxxhdpi/com.oplus.games/mat.png 342200-342207
//my_stock/media/theme/uxicons/xxxhdpi/com.oplus.games/peb.png 342209
//my_stock/media/theme/uxicons/xxxhdpi/com.oplus.games/recbg.png 342211-342221
//my_stock/media/theme/uxicons/xxxhdpi/com.oplus.games/recfg.png 342223-342237
//my_stock/media/theme/uxicons/xxxhdpi/com.oplus.logkit/recfg.png 342238-342240
//my_stock/media/theme/uxicons/xxxhdpi/com.oplus.member/day.png 342242-342247
//my_stock/media/theme/uxicons/xxxhdpi/com.oplus.phonemanager/day.png 342250-342257
//my_stock/media/theme/uxicons/xxxhdpi/com.oplus.phonemanager/mat.png 342259-342261
//my_stock/media/theme/uxicons/xxxhdpi/com.oplus.phonemanager/peb.png 342263-342265
//my_stock/media/theme/uxicons/xxxhdpi/com.oplus.phonemanager/recbg.png 342266-342275
//my_stock/media/theme/uxicons/xxxhdpi/com.oplus.phonemanager/recfg.png 342277-342278
//my_stock/media/theme/uxicons/xxxhdpi/com.oplus.play/day.png 342280-342286
//my_stock/media/theme/uxicons/xxxhdpi/com.oplus.play/mat.png 342288
//my_stock/media/theme/uxicons/xxxhdpi/com.oplus.play/recfg.png 342292
//my_stock/media/theme/uxicons/xxxhdpi/com.oplus.themestore/mat.png 342293-342296
//my_stock/media/theme/uxicons/xxxhdpi/com.oplus.themestore/recbg.png 342298-342307
//my_stock/media/theme/uxicons/xxxhdpi/com.oplus.themestore/recfg.png 342309-342314
//my_stock/media/theme/uxicons/xxxhdpi/com.oplus.vip/recbg.png 342316-342325
//my_stock/media/theme/uxicons/xxxhdpi/com.oplus.vip/recfg.png 342326-342335
//my_stock/media/theme/uxicons/xxxhdpi/com.opluskgd.onetaplocking/day.png 342336-342346
//my_stock/media/theme/uxicons/xxxhdpi/com.opluskgd.onetaplocking/mat.png 342347-342357
//my_stock/media/theme/uxicons/xxxhdpi/com.opluskgd.onetaplocking/peb.png 342360-342361
//my_stock/media/theme/uxicons/xxxhdpi/com.opluskgd.onetaplocking/recbg.png 342363-342373
//my_stock/media/theme/uxicons/xxxhdpi/com.opluskgd.onetaplocking/recfg.png 342375-342392
//my_stock/media/theme/uxicons/xxxhdpi/com.oppo.community/day.png 342393-342401
//my_stock/media/theme/uxicons/xxxhdpi/com.oppo.community/nsd.png 342403
//my_stock/media/theme/uxicons/xxxhdpi/com.paypal.android.p2pmobile/art_off.png 342406-342412
//my_stock/media/theme/uxicons/xxxhdpi/com.paypal.android.p2pmobile/mat.png 342413
//my_stock/media/theme/uxicons/xxxhdpi/com.paypal.android.p2pmobile/recbg.png 342414-342421
//my_stock/media/theme/uxicons/xxxhdpi/com.paypal.android.p2pmobile/recfg.png 342423
//my_stock/media/theme/uxicons/xxxhdpi/com.phoenix.read/nsd.png 342424
//my_stock/media/theme/uxicons/xxxhdpi/com.pingan.paces.ccms/nsd.png 342425
//my_stock/media/theme/uxicons/xxxhdpi/com.pinterest/art_off.png 342427-342429
//my_stock/media/theme/uxicons/xxxhdpi/com.pinterest/mat.png 342430
//my_stock/media/theme/uxicons/xxxhdpi/com.quark.browser/nsd.png 342435
//my_stock/media/theme/uxicons/xxxhdpi/com.redteamobile.roaming/day.png 342436-342447
//my_stock/media/theme/uxicons/xxxhdpi/com.sankuai.meituan.takeoutnew/nsd.png 342451
//my_stock/media/theme/uxicons/xxxhdpi/com.sina.weibo/nsd.png 342454
//my_stock/media/theme/uxicons/xxxhdpi/com.snapchat.android/mat.png 342457
//my_stock/media/theme/uxicons/xxxhdpi/com.sohu.inputmethod.sogou/nsd.png 342461
//my_stock/media/theme/uxicons/xxxhdpi/com.spotify.music/mat.png 342462-342464
//my_stock/media/theme/uxicons/xxxhdpi/com.spotify.music/recfg.png 342466-342468
//my_stock/media/theme/uxicons/xxxhdpi/com.ss.android.article.lite/nsd.png 342469
//my_stock/media/theme/uxicons/xxxhdpi/com.ss.android.article.news/nsd.png 342470
//my_stock/media/theme/uxicons/xxxhdpi/com.ss.android.article.video/nsd.png 342471
//my_stock/media/theme/uxicons/xxxhdpi/com.ss.android.ugc.aweme/nsd.png 342472
//my_stock/media/theme/uxicons/xxxhdpi/com.ss.android.ugc.aweme.lite/nsd.png 342473
//my_stock/media/theme/uxicons/xxxhdpi/com.ss.android.ugc.live/nsd.png 342474
//my_stock/media/theme/uxicons/xxxhdpi/com.taobao.litetao/nsd.png 342476
//my_stock/media/theme/uxicons/xxxhdpi/com.taobao.live/nsd.png 342478
//my_stock/media/theme/uxicons/xxxhdpi/com.taobao.taobao/nsd.png 342479
//my_stock/media/theme/uxicons/xxxhdpi/com.tencent.android.qqdownloader/nsd.png 342480
//my_stock/media/theme/uxicons/xxxhdpi/com.tencent.karaoke/nsd.png 342481
//my_stock/media/theme/uxicons/xxxhdpi/com.tencent.map/nsd.png 342483
//my_stock/media/theme/uxicons/xxxhdpi/com.tencent.mm/nsd.png 342484
//my_stock/media/theme/uxicons/xxxhdpi/com.tencent.mobileqq/nsd.png 342485
//my_stock/media/theme/uxicons/xxxhdpi/com.tencent.mtt/nsd.png 342486
//my_stock/media/theme/uxicons/xxxhdpi/com.tencent.news/nsd.png 342487
//my_stock/media/theme/uxicons/xxxhdpi/com.tencent.qqlive/nsd.png 342489
//my_stock/media/theme/uxicons/xxxhdpi/com.tencent.qqmusic/nsd.png 342490
//my_stock/media/theme/uxicons/xxxhdpi/com.tencent.qqpimsecure/nsd.png 342492
//my_stock/media/theme/uxicons/xxxhdpi/com.tencent.tmgp.pubgmhd/nsd.png 342493
//my_stock/media/theme/uxicons/xxxhdpi/com.tencent.tmgp.sgame/nsd.png 342494
//my_stock/media/theme/uxicons/xxxhdpi/com.tencent.wework/nsd.png 342496
//my_stock/media/theme/uxicons/xxxhdpi/com.tianyancha.skyeye/nsd.png 342498
//my_stock/media/theme/uxicons/xxxhdpi/com.tmall.wireless/nsd.png 342499
//my_stock/media/theme/uxicons/xxxhdpi/com.tongcheng.android/nsd.png 342501
//my_stock/media/theme/uxicons/xxxhdpi/com.twitter.android/art_off.png 342503
//my_stock/media/theme/uxicons/xxxhdpi/com.videogo/nsd.png 342507
//my_stock/media/theme/uxicons/xxxhdpi/com.wuba/nsd.png 342508
//my_stock/media/theme/uxicons/xxxhdpi/com.xhey.xcamera/nsd.png 342510
//my_stock/media/theme/uxicons/xxxhdpi/com.xs.fm/nsd.png 342513
//my_stock/media/theme/uxicons/xxxhdpi/com.xs.fm.lite/nsd.png 342514
//my_stock/media/theme/uxicons/xxxhdpi/com.xt.retouch/nsd.png 342516
//my_stock/media/theme/uxicons/xxxhdpi/com.xunmeng.pinduoduo/nsd.png 342518
//my_stock/media/theme/uxicons/xxxhdpi/com.xyyzsgxyl.traceless/day.png 342519-342530
//my_stock/media/theme/uxicons/xxxhdpi/com.yitong.mbank.psbc/nsd.png 342533
//my_stock/media/theme/uxicons/xxxhdpi/com.youku.phone/nsd.png 342534
//my_stock/media/theme/uxicons/xxxhdpi/ctrip.android.view/nsd.png 342536
//my_stock/media/theme/uxicons/xxxhdpi/icons-daylight 342538-342550
//my_stock/media/theme/uxicons/xxxhdpi/icons-meterial 342551-342557
//my_stock/media/theme/uxicons/xxxhdpi/icons-nightshadow 342558
//my_stock/media/theme/uxicons/xxxhdpi/icons-pebble 342559-342562
//my_stock/media/theme/uxicons/xxxhdpi/icons-rectangle 342563-342578
//my_stock/media/theme/uxicons/xxxhdpi/in.amazon.mShop.android.shopping/mat.png 342579-342583
//my_stock/media/theme/uxicons/xxxhdpi/in.amazon.mShop.android.shopping/recbg.png 342584-342590
//my_stock/media/theme/uxicons/xxxhdpi/me.ele/nsd.png 342592
//my_stock/media/theme/uxicons/xxxhdpi/net.oneplus.forums/mat.png 342593-342601
//my_stock/media/theme/uxicons/xxxhdpi/net.oneplus.forums/peb.png 342603
//my_stock/media/theme/uxicons/xxxhdpi/net.oneplus.forums/recbg.png 342605-342613
//my_stock/media/theme/uxicons/xxxhdpi/net.oneplus.forums/recfg.png 342614-342624
//my_stock/media/theme/uxicons/xxxhdpi/net.oneplus.weather/day.png 342625-342636
//my_stock/media/theme/uxicons/xxxhdpi/net.oneplus.weather/mat.png 342637-342645
//my_stock/media/theme/uxicons/xxxhdpi/net.oneplus.weather/peb.png 342647
//my_stock/media/theme/uxicons/xxxhdpi/net.oneplus.weather/recbg.png 342649-342659
//my_stock/media/theme/uxicons/xxxhdpi/net.oneplus.weather/recfg.png 342660-342664
//my_stock/media/theme/uxicons/xxxhdpi/sm.ss43djh.sqw23/nsd.png 342665
//my_stock/media/theme/uxicons/xxxhdpi/tv.danmaku.bili/mat.png 342666-342674
//my_stock/media/theme/uxicons/xxxhdpi/tv.danmaku.bili/nsd.png 342676-342677
//my_stock/media/theme/uxicons/xxxhdpi/tv.danmaku.bili/recbg.png 342679-342685
//my_stock/media/theme/uxicons/xxxhdpi/tv.danmaku.bili/recfg.png 342687-342688
//my_stock/non_overlay/app/OBrain/OBrain.apk 342689-343236
//my_stock/opex/Omoji.opex 343237-369651
//my_stock/oplus/startup_config.xml 369669
//my_stock/oplus/startup_manager.xml 369670-369672
//my_stock/oplus/sys_alarm_filterpackages_list.xml 369673
//my_stock/overlay/OplusFwkResOverlay/OplusFwkResOverlay.apk 369675-369682
//my_stock/overlay/OplusSystemuiResOverlay/OplusSystemuiResOverlay.apk 369683-369691
//my_stock/overlay/market_exp_overlay.apk 369692-369730
//my_stock/priv-app/AccessoryFramework/AccessoryFramework.apk 369731-376103
//my_stock/priv-app/AccessoryFramework/oat/arm64/AccessoryFramework.vdex 376110-376191
//my_stock/priv-app/BlackListApp/BlackListApp.apk 376192-378101
//my_stock/priv-app/BlackListApp/oat/arm64/BlackListApp.vdex 378104-378136
//my_stock/priv-app/ColorfulEngine/ColorfulEngine.apk 378137-383287
//my_stock/priv-app/ColorfulEngine/oat/arm64/ColorfulEngine.vdex 383293-383332
//my_stock/priv-app/Contacts/Contacts.apk 383333-392354
//my_stock/priv-app/Contacts/Contacts.apk.prof 392363-392368
//my_stock/priv-app/Contacts/oat/arm64/Contacts.art 392369-392589
//my_stock/priv-app/Contacts/oat/arm64/Contacts.odex 392590-393226
//my_stock/priv-app/Contacts/oat/arm64/Contacts.vdex 393227-393296
//my_stock/priv-app/Cota/Cota.apk 393297-394951
//my_stock/priv-app/Cota/oat/arm64/Cota.vdex 394954-394976
//my_stock/priv-app/DCS/DCS.apk 394977-396312
//my_stock/priv-app/DCS/oat/arm64/DCS.vdex 396315-396340
//my_stock/priv-app/DSF/DSF.apk 396341-398350
//my_stock/priv-app/DSF/oat/arm64/DSF.vdex 398353-398380
//my_stock/priv-app/DeviceIntegrationService/DeviceIntegrationService.apk 398381-398815
//my_stock/priv-app/DeviceIntegrationService/oat/arm64/DeviceIntegrationService.vdex 398816-398823
//my_stock/priv-app/Games/Games.apk 398824-413618
//my_stock/priv-app/Games/oat/arm64/Games.vdex 413633-413830
//my_stock/priv-app/GlobalSearch/GlobalSearch.apk 413831-423742
//my_stock/priv-app/GlobalSearch/oat/arm64/GlobalSearch.vdex 423753-423912
//my_stock/priv-app/HeyCast/HeyCast.apk 423913-425591
//my_stock/priv-app/HeyCast/oat/arm64/HeyCast.vdex 425594-425616
//my_stock/priv-app/InCallUI/InCallUI.apk 425617-428905
//my_stock/priv-app/InCallUI/oat/arm64/InCallUI.vdex 428909-428944
//my_stock/priv-app/KeKeMarket/KeKeMarket.apk 428945-441446
//my_stock/priv-app/KeKeMarket/oat/arm64/KeKeMarket.vdex 441459-441621
//my_stock/priv-app/KeKeThemeSpace/KeKeThemeSpace.apk 441622-458015
//my_stock/priv-app/KeKeThemeSpace/oat/arm64/KeKeThemeSpace.vdex 458031-458222
//my_stock/priv-app/KeKeUserCenter/KeKeUserCenter.apk 458223-466005
//my_stock/priv-app/KeKeUserCenter/oat/arm64/KeKeUserCenter.vdex 466013-466089
//my_stock/priv-app/LinktoWindows/LinktoWindows.apk 466090-477481
//my_stock/priv-app/LinktoWindows/oat/arm64/LinktoWindows.vdex 477493-477651
//my_stock/priv-app/LockAssistant/LockAssistant.apk 477652-478993
//my_stock/priv-app/LockAssistant/oat/arm64/LockAssistant.vdex 478996-479020
//my_stock/priv-app/MDSService/MDSService.apk 479021-479905
//my_stock/priv-app/MDSService/oat/arm64/MDSService.vdex 479907-479918
//my_stock/priv-app/MediaTurbo/MediaTurbo.apk 479919-480137
//my_stock/priv-app/MediaTurbo/oat/arm64/MediaTurbo.vdex 480138-480142
//my_stock/priv-app/Metis/Metis.apk 480143-482217
//my_stock/priv-app/Metis/oat/arm64/Metis.vdex 482220-482266
//my_stock/priv-app/Mms/Mms.apk 482267-491692
//my_stock/priv-app/Mms/Mms.apk.prof 491702-491705
//my_stock/priv-app/Mms/oat/arm64/Mms.art 491707-492004
//my_stock/priv-app/Mms/oat/arm64/Mms.odex 492005-492814
//my_stock/priv-app/Mms/oat/arm64/Mms.vdex 492815-492902
//my_stock/priv-app/NumberRecognition/NumberRecognition.apk 492903-494388
//my_stock/priv-app/NumberRecognition/oat/arm64/NumberRecognition.vdex 494391-494408
//my_stock/priv-app/OPMemberShip/OPMemberShip.apk 494409-498737
//my_stock/priv-app/OPMemberShip/oat/arm64/OPMemberShip.vdex 498743-498807
//my_stock/priv-app/OPSynergy/OPSynergy.apk 498808-503812
//my_stock/priv-app/OPSynergy/oat/arm64/OPSynergy.vdex 503819-503891
//my_stock/priv-app/OShare/OShare.apk 503892-506691
//my_stock/priv-app/OShare/oat/arm64/OShare.vdex 506695-506741
//my_stock/priv-app/Omacp/Omacp.apk 506742-507632
//my_stock/priv-app/Omacp/oat/arm64/Omacp.vdex 507633-507647
//my_stock/priv-app/OplusBootReg/OplusBootReg.apk 507648-513054
//my_stock/priv-app/OplusBootReg/OplusBootReg.apk.prof 513061
//my_stock/priv-app/OplusBootReg/oat/arm64/OplusBootReg.art 513062-513118
//my_stock/priv-app/OplusBootReg/oat/arm64/OplusBootReg.odex 513119-513290
//my_stock/priv-app/OplusBootReg/oat/arm64/OplusBootReg.vdex 513291-513338
//my_stock/priv-app/OplusScreenRecorder/OplusScreenRecorder.apk 513339-515483
//my_stock/priv-app/OplusScreenRecorder/oat/arm64/OplusScreenRecorder.vdex 515487-515514
//my_stock/priv-app/OppoGallery2/OppoGallery2.apk 515515-560961
//my_stock/priv-app/OppoGallery2/OppoGallery2.apk.prof 560998-561002
//my_stock/priv-app/OppoGallery2/oat/arm64/OppoGallery2.art 561003-561499
//my_stock/priv-app/OppoGallery2/oat/arm64/OppoGallery2.odex 561500-562199
//my_stock/priv-app/OppoGallery2/oat/arm64/OppoGallery2.vdex 562200-562434
//my_stock/priv-app/OppoTranslationService/OppoTranslationService.apk 562435-567669
//my_stock/priv-app/OppoTranslationService/oat/arm64/OppoTranslationService.vdex 567674-567715
//my_stock/priv-app/PhoneManager/PhoneManager.apk 567716-580202
//my_stock/priv-app/PhoneManager/lib/arm64/libaiunit_sdk_core.so 580214-580215
//my_stock/priv-app/PhoneManager/lib/arm64/libapplovin-native-crash-reporter.so 580216-580296
//my_stock/priv-app/PhoneManager/lib/arm64/libcrypto.so 580297-580319
//my_stock/priv-app/PhoneManager/lib/arm64/libdcc_cipher.so 580320-580321
//my_stock/priv-app/PhoneManager/lib/arm64/libmmkv.so 580322-580403
//my_stock/priv-app/Screenshot/Screenshot.apk 580404-585974
//my_stock/priv-app/Screenshot/oat/arm64/Screenshot.vdex 585980-586020
//my_stock/priv-app/UMS/UMS.apk 586021-593935
//my_stock/priv-app/UMS/oat/arm64/UMS.vdex 593942-593998
//my_stock/priv-app/Wallpapers/Wallpapers.apk 593999-603804
//my_stock/priv-app/Wallpapers/oat/arm64/Wallpapers.vdex 603813-603898
//my_stock/priv-app/dmp/dmp.apk 603899-611038
//my_stock/priv-app/dmp/oat/arm64/dmp.vdex 611046-611199
