//odm/bin/adsp_ssr_test 1
//odm/bin/climax 2-85
//odm/bin/commcenterd 86-98
//odm/bin/cwb_utils 99-103
//odm/bin/hw/HbpCtrlClient 106-107
//odm/bin/hw/android.hardware.power.stats-impl.oplus 108-125
//odm/bin/hw/dolbycodec2 126-127
//odm/bin/hw/dvs-hal-service 128-130
//odm/bin/hw/kpoc_log 131-133
//odm/bin/hw/mdm_feature 134-136
//odm/bin/hw/subsys_daemon 137-154
//odm/bin/hw/vendor-oplus-hardware-engineer-V1-service 155-178
//odm/bin/hw/vendor-oplus-hardware-misc-V1-service 179-182
//odm/bin/hw/vendor-oplus-hardware-oplusSensor-V1-service 183-211
//odm/bin/hw/vendor-oplus-hardware-performance-V1-service 212-237
//odm/bin/hw/vendor-oplus-hardware-power-powermonitor-V1-service 238-241
//odm/bin/hw/vendor-oplus-hardware-touch-V2-service 242-291
//odm/bin/hw/vendor-oplus-hardware-transfer@1.0-service 292-294
//odm/bin/hw/vendor-oplus-hardware-transmessage@1.0-service 295-297
//odm/bin/hw/vendor.dolby_sp.hardware.dmssp@2.0-service 298
//odm/bin/hw/vendor.dolby_sp.media.c2@1.0-service 299
//odm/bin/hw/vendor.nxp.hardware.nfc@1.2-service 300-303
//odm/bin/hw/vendor.oplus.hardware.biometrics.face@1.0-service 305-346
//odm/bin/hw/vendor.oplus.hardware.biometrics.fingerprint@2.1-service_uff 347-416
//odm/bin/hw/vendor.oplus.hardware.biometrics.fingerprintpay@1.0-service 417-419
//odm/bin/hw/vendor.oplus.hardware.cammidasservice-V1-service 420-424
//odm/bin/hw/vendor.oplus.hardware.charger-V6-service 425-487
//odm/bin/hw/vendor.oplus.hardware.cryptoeng@1.0-service 488-503
//odm/bin/hw/vendor.oplus.hardware.displaypanelfeature@1.0-service 504-512
//odm/bin/hw/vendor.oplus.hardware.esim@1.0-service 513-517
//odm/bin/hw/vendor.oplus.hardware.felica@1.0-service 518-519
//odm/bin/hw/vendor.oplus.hardware.fido.fido2ca@1.0-service 520-522
//odm/bin/hw/vendor.oplus.hardware.fido.fidoca@1.0-service 523-525
//odm/bin/hw/vendor.oplus.hardware.gameopt-service 526-685
//odm/bin/hw/vendor.oplus.hardware.location_aidl-service 686-695
//odm/bin/hw/vendor.oplus.hardware.mmdisplayfeature@1.0-service 696-698
//odm/bin/hw/vendor.oplus.hardware.nfcExtns-service 699-710
//odm/bin/hw/vendor.oplus.hardware.nfc_aidl-service 711-720
//odm/bin/hw/vendor.oplus.hardware.olc2-V2-service 721-724
//odm/bin/hw/vendor.oplus.hardware.ormsHalService-aidl-service 726-733
//odm/bin/hw/vendor.oplus.hardware.rpmh-V1-service 734-740
//odm/bin/hw/vendor.oplus.hardware.stability.oplus_project-V1-service 741-748
//odm/bin/hw/vendor.oplus.hardware.urcc-service 749-752
//odm/bin/hw/vendor.oplus.hardware.wifi-aidl-service 753-834
//odm/bin/hw/vendor.pixelworks.hardware.feature.irisfeature-service 835-836
//odm/bin/hw/vendor.qti.esepowermanager@1.1-service 837-839
//odm/bin/hw/vendor.qti.secure_element@1.2-service 840-844
//odm/bin/hw/virtualcameraprovider 845
//odm/bin/hw/wlschgd 846-847
//odm/bin/init.vendor.wifi.autochmod.sh 851
//odm/bin/irisConfig 852-865
//odm/bin/iwpriv 866-868
//odm/bin/nqnfcinfo 869
//odm/bin/occe_create 870-888
//odm/bin/oldc_vnd 889
//odm/bin/oplus_sensor_fb 890
//odm/bin/oplus_sensor_ssr 891-892
//odm/bin/oplus_sensor_test 893
//odm/bin/oplusmediaswcodec 894-895
//odm/bin/opnscr 896-914
//odm/bin/opnscr_aidl 915-933
//odm/bin/sharebufferTest 935-936
//odm/bin/tcpdump_vendor 937-1106
//odm/bin/tinyplay_ftm 1107-1108
//odm/bin/touchDaemon 1109-1156
//odm/bin/touchHidlTest 1157-1159
//odm/bin/vendor.autochmod.sh 1160
//odm/bin/wifi_diag 1161-1162
//odm/etc/Diag.cfg 1169
//odm/etc/NOTICE.xml.gz 1170-1176
//odm/etc/aac_richtap.config 1177-1193
//odm/etc/acdbdata/FTM/acdb_cal.acdb 1194-1259
//odm/etc/acdbdata/FTM/workspaceFileXml.qwsp 1260-1415
//odm/etc/acdbdata/acdb_cal.acdb 1417-1529
//odm/etc/audio_effects.xml 1531-1532
//odm/etc/binaural_record_algo_coeffs.xml 1534
//odm/etc/bt/btsar.cfg 1536
//odm/etc/bt/hpnv21_ch1.bin 1537
//odm/etc/bt/hpnv21g_ch1.bin 1538
//odm/etc/camera/CameraHWConfiguration.config 1540-1545
//odm/etc/camera/M_FaceAttribute_RGB_age_gender_1.7.1.model.hardcode 1546-1547
//odm/etc/camera/anc/fusion_model 1549-4490
//odm/etc/camera/anc/fusion_model_post 4493-10267
//odm/etc/camera/anc_cl_kernel.cache 10268-10289
//odm/etc/camera/anc_cl_kernel_ins.cache 10290-10329
//odm/etc/camera/ancbokehseg/anc_cl_kernel.cache 10330-10364
//odm/etc/camera/ancsegbase/anc_cl_kernel.cache 10365-10411
//odm/etc/camera/ancsegbase/ancsegmulti_2_model.data 10412-11975
//odm/etc/camera/ancsegbase/ancsegmulti_5_model.data 11977-14470
//odm/etc/camera/ancsegbase/model.data 14473-18936
//odm/etc/camera/asd/class.dlc 18940-20202
//odm/etc/camera/asd/detect.dlc 20203-22894
//odm/etc/camera/ashdr/ncf_pack.ncf 22897-22900
//odm/etc/camera/camera_engmode.xml 22901
//odm/etc/camera/config/camera_unit_config 22907
//odm/etc/camera/config/camera_unit_feature_config.protobuf 22908-22910
//odm/etc/camera/config/imx581 22911-22913
//odm/etc/camera/config/imx709 22914-22917
//odm/etc/camera/config/imx800 22918-22919
//odm/etc/camera/config/imx890 22920-22922
//odm/etc/camera/config/oplus_camera_algo_switch_config 22923
//odm/etc/camera/config/oplus_camera_aps_config 22924-22926
//odm/etc/camera/config/oplus_camera_config 22927-22931
//odm/etc/camera/config/oplus_camera_preview_decision_config.json 22932-22934
//odm/etc/camera/config/oplus_preview_decision_params.json 22935-22936
//odm/etc/camera/config/s5k3p9 22937-22938
//odm/etc/camera/config/s5kjn1sq03 22939-22940
//odm/etc/camera/config/sr_params.xml 22941-22960
//odm/etc/camera/dng/D28HUESATMap_imx581_2.txt 22963-22999
//odm/etc/camera/dng/D28HUESATMap_imx709_3.txt 23000-23034
//odm/etc/camera/dng/D28HUESATMap_imx890_0.txt 23035-23070
//odm/etc/camera/dng/D65HUESATMap_imx581_2.txt 23071-23106
//odm/etc/camera/dng/D65HUESATMap_imx709_3.txt 23107-23142
//odm/etc/camera/dng/D65HUESATMap_imx890_0.txt 23143-23179
//odm/etc/camera/eis_camera.vcfg 23183-23233
//odm/etc/camera/facesr_hd_composite_ref_4.1.18_qcom8550_ppl3_ocl.model 23234-26358
//odm/etc/camera/fb_default 26361
//odm/etc/camera/fb_model/000.png 26363-26369
//odm/etc/camera/fb_model/000_pre.bin 26370-26372
//odm/etc/camera/fb_model/001.png 26373-26378
//odm/etc/camera/fb_model/001_pre.bin 26379-26389
//odm/etc/camera/fb_model/002.png 26390-26395
//odm/etc/camera/fb_model/002_pre.bin 26396-26400
//odm/etc/camera/fb_model/003.png 26401-26410
//odm/etc/camera/fb_model/003_pre.bin 26411-26417
//odm/etc/camera/fb_model/010.png 26418-26425
//odm/etc/camera/fb_model/010_pre.bin 26426-26427
//odm/etc/camera/fb_model/011.png 26428-26432
//odm/etc/camera/fb_model/011_pre.bin 26433-26435
//odm/etc/camera/fb_model/012.png 26436-26440
//odm/etc/camera/fb_model/012_pre.bin 26441-26444
//odm/etc/camera/fb_model/013.png 26445-26448
//odm/etc/camera/fb_model/100.png 26449-26455
//odm/etc/camera/fb_model/100_pre.bin 26456-26460
//odm/etc/camera/fb_model/101.png 26461-26471
//odm/etc/camera/fb_model/101_pre.bin 26472-26478
//odm/etc/camera/fb_model/102.png 26479-26483
//odm/etc/camera/fb_model/102_pre.bin 26484-26487
//odm/etc/camera/fb_model/103.png 26488-26503
//odm/etc/camera/fb_model/103_pre.bin 26504-26513
//odm/etc/camera/fb_model/110.png 26514-26530
//odm/etc/camera/fb_model/110_pre.bin 26531-26537
//odm/etc/camera/fb_model/111.png 26538-26553
//odm/etc/camera/fb_model/111_pre.bin 26554-26561
//odm/etc/camera/fb_model/112.png 26562-26566
//odm/etc/camera/fb_model/112_pre.bin 26567-26569
//odm/etc/camera/fb_model/113.png 26570-26573
//odm/etc/camera/fb_model/200.png 26574-26579
//odm/etc/camera/fb_model/200_pre.bin 26580-26583
//odm/etc/camera/fb_model/201.png 26584-26593
//odm/etc/camera/fb_model/201_pre.bin 26594-26600
//odm/etc/camera/fb_model/202.png 26601-26604
//odm/etc/camera/fb_model/202_pre.bin 26605
//odm/etc/camera/fb_model/203.png 26606-26617
//odm/etc/camera/fb_model/203_pre.bin 26618-26626
//odm/etc/camera/fb_model/210.png 26627-26631
//odm/etc/camera/fb_model/210_pre.bin 26632-26634
//odm/etc/camera/fb_model/211.png 26635-26640
//odm/etc/camera/fb_model/211_pre.bin 26641-26643
//odm/etc/camera/fb_model/212.png 26644-26647
//odm/etc/camera/fb_model/212_pre.bin 26648
//odm/etc/camera/fb_model/213.png 26649-26652
//odm/etc/camera/fb_model/AIdeblemishSnapMask.bin 26653-26657
//odm/etc/camera/fb_model/DREAM_1_4_1005_838.bin 26659-26907
//odm/etc/camera/fb_model/DREAM_4_5_354_654.bin 26910-26953
//odm/etc/camera/fb_model/EYES_MUTIL_3_4_354_654.bin 26957-27552
//odm/etc/camera/fb_model/EYES_MUTIL_4_4_354_654.bin 27555-28338
//odm/etc/camera/fb_model/FIRST_LOVE_1_4_1005_838.bin 28341-28598
//odm/etc/camera/fb_model/GROOMED_1_4_1005_838.bin 28601-28874
//odm/etc/camera/fb_model/MIDNIGHT_1_4_1005_838.bin 28877-29078
//odm/etc/camera/fb_model/NEWYEAR_1_4_1005_838.bin 29081-29254
//odm/etc/camera/fb_model/ORANGE_CRUSH_1_4_1005_838.bin 29257-29456
//odm/etc/camera/fb_model/PEACH_PINK_1_4_1005_838.bin 29459-29588
//odm/etc/camera/fb_model/RED_VELVET_1_4_1005_838.bin 29591-29870
//odm/etc/camera/fb_model/ROSE_NUDE_1_4_1005_838.bin 29873-30185
//odm/etc/camera/fb_model/SEA_1_4_1005_838.bin 30188-30904
//odm/etc/camera/fb_model/SEA_4_5_178_440.bin 30907-30948
//odm/etc/camera/fb_model/SEA_4_5_354_654.bin 30949-30994
//odm/etc/camera/fb_model/SEA_eye_mouth_screen_frame0.png 30998-31032
//odm/etc/camera/fb_model/SEA_eye_mouth_screen_frame1.png 31033-31067
//odm/etc/camera/fb_model/SEA_eye_mouth_screen_frame2.png 31068-31103
//odm/etc/camera/fb_model/SEA_eye_mouth_screen_frame3.png 31104-31138
//odm/etc/camera/fb_model/SEA_eye_mouth_screen_frame4.png 31139-31172
//odm/etc/camera/fb_model/SHIMMER_1_4_1005_838.bin 31173-31652
//odm/etc/camera/fb_model/SHIMMER_4_4_178_440.bin 31655-31672
//odm/etc/camera/fb_model/SHIMMER_4_4_354_654.bin 31673-31710
//odm/etc/camera/fb_model/SHIMMER_eye_mouth_screen_frame0.png 31713-31733
//odm/etc/camera/fb_model/SHIMMER_eye_mouth_screen_frame1.png 31734-31754
//odm/etc/camera/fb_model/SHIMMER_eye_mouth_screen_frame2.png 31755-31775
//odm/etc/camera/fb_model/SHIMMER_eye_mouth_screen_frame3.png 31776-31796
//odm/etc/camera/fb_model/SHIMMER_eye_mouth_screen_frame4.png 31797-31817
//odm/etc/camera/fb_model/SMOKEY_1_4_1005_838.bin 31818-32155
//odm/etc/camera/fb_model/SNOW_1_4_1005_838.bin 32158-32358
//odm/etc/camera/fb_model/SNOW_4_4_354_654.bin 32361-32388
//odm/etc/camera/fb_model/SkinLUT_00.bin 32391-32582
//odm/etc/camera/fb_model/SkinLUT_01.bin 32583-32769
//odm/etc/camera/fb_model/SkinLUT_02.bin 32770-32961
//odm/etc/camera/fb_model/SkinLUT_03.bin 32962-33097
//odm/etc/camera/fb_model/SkinLUT_10.bin 33098-33289
//odm/etc/camera/fb_model/SkinLUT_11.bin 33290-33481
//odm/etc/camera/fb_model/SkinLUT_12.bin 33482-33667
//odm/etc/camera/fb_model/SkinLUT_13.bin 33668-33859
//odm/etc/camera/fb_model/SkinLUT_BW.bin 33860-34029
//odm/etc/camera/fb_model/SkinLUT_Red.bin 34030-34199
//odm/etc/camera/fb_model/UNIQUE_EYES_1_4_1005_838.bin 34200-34580
//odm/etc/camera/fb_model/beauty_body.bin 34583-36904
//odm/etc/camera/fb_model/brightLut.png 36907-36927
//odm/etc/camera/fb_model/eyeBright.png 36928-36929
//odm/etc/camera/fb_model/eye_retouch_chinese.bin 36930-37113
//odm/etc/camera/fb_model/eyesMask.png 37114-37119
//odm/etc/camera/fb_model/eyesMaskNew.bin 37120-37154
//odm/etc/camera/fb_model/eyesMaskNew.png 37155-37161
//odm/etc/camera/fb_model/faceLipsMaskPre.bin 37162-37186
//odm/etc/camera/fb_model/face_retouch_chinese.bin 37187-37378
//odm/etc/camera/fb_model/face_retouch_pre_chinese.bin 37379-37565
//odm/etc/camera/fb_model/mouthmask.png 37566-37578
//odm/etc/camera/fb_model/preSkinmask137.png 37579-37598
//odm/etc/camera/fb_model/preSkinmask296.png 37599-37615
//odm/etc/camera/fb_model/redToneLut.png 37616-37634
//odm/etc/camera/fb_model/skinLUTs00.bin 37635-37890
//odm/etc/camera/fb_model/skinLUTs01.bin 37891-38134
//odm/etc/camera/fb_model/skinLUTs02.bin 38135-38390
//odm/etc/camera/fb_model/skinLUTs03.bin 38391-38566
//odm/etc/camera/fb_model/skinLUTs04.png 38567-38875
//odm/etc/camera/fb_model/skinLUTs05.png 38877-39179
//odm/etc/camera/fb_model/skinLUTs06.png 39181-39483
//odm/etc/camera/fb_model/skinLUTs10.bin 39485-39740
//odm/etc/camera/fb_model/skinLUTs11.bin 39741-39996
//odm/etc/camera/fb_model/skinLUTs12.bin 39997-40237
//odm/etc/camera/fb_model/skinLUTs13.bin 40238-40493
//odm/etc/camera/fb_model/skinLUTs_yuv16_00.bin 40494-40496
//odm/etc/camera/fb_model/skinLUTs_yuv16_01.bin 40497-40499
//odm/etc/camera/fb_model/skinLUTs_yuv16_02.bin 40500-40502
//odm/etc/camera/fb_model/skinLUTs_yuv16_03.bin 40503-40505
//odm/etc/camera/fb_model/skinLUTs_yuv16_10.bin 40506-40508
//odm/etc/camera/fb_model/skinLUTs_yuv16_11.bin 40509-40511
//odm/etc/camera/fb_model/skinLUTs_yuv16_12.bin 40512-40514
//odm/etc/camera/fb_model/skinLUTs_yuv16_13.bin 40515-40517
//odm/etc/camera/fb_model/skinmask.bin 40518-40615
//odm/etc/camera/fb_model/skinmask.png 40616-40647
//odm/etc/camera/fb_model/skinmask_new.png 40648-40674
//odm/etc/camera/fb_model/snapEyeBright.bin 40676-40931
//odm/etc/camera/fb_model/snapFemale000.bin 40932-40942
//odm/etc/camera/fb_model/snapFemale001.bin 40943-40951
//odm/etc/camera/fb_model/snapFemale002.bin 40952-40956
//odm/etc/camera/fb_model/snapFemale003.bin 40957-40969
//odm/etc/camera/fb_model/snapMale010.bin 40970-40981
//odm/etc/camera/fb_model/snapMale011.bin 40982-40989
//odm/etc/camera/fb_model/snapMale012.bin 40990-40993
//odm/etc/camera/fb_model/snapMouthMask.bin 40994-41027
//odm/etc/camera/fb_model/snapSkinmask.bin 41029-41077
//odm/etc/camera/fb_model/unify_skin_base.bin 41078-41266
//odm/etc/camera/fb_model/whiteToneLut.png 41267-41272
//odm/etc/camera/fdc_cl.cache 41274-41277
//odm/etc/camera/fdc_lite_cl.cache 41278-41281
//odm/etc/camera/filters_lut/B1VLf4peM 41283-41286
//odm/etc/camera/filters_lut/B1aMqioxf 41287-41290
//odm/etc/camera/filters_lut/B1nmcmWbG 41291-41294
//odm/etc/camera/filters_lut/B1si_XbZz 41295-41298
//odm/etc/camera/filters_lut/B612Pretty.cube.rgb.bin 41299-41302
//odm/etc/camera/filters_lut/BJJAwoigM 41303-41306
//odm/etc/camera/filters_lut/BJyKIwqxz 41307-41310
//odm/etc/camera/filters_lut/BeautyplusMellow-5.CUBE.rgb.bin 41311-41314
//odm/etc/camera/filters_lut/ByW7g4bbf 41315-41318
//odm/etc/camera/filters_lut/ByYo3If 41319-41321
//odm/etc/camera/filters_lut/BycYf7WWz 41322-41325
//odm/etc/camera/filters_lut/Cold.cube.rgb.bin 41326-41352
//odm/etc/camera/filters_lut/DL_D_G4.cube.rgb.bin 41353-41383
//odm/etc/camera/filters_lut/DL_L_B6.cube.rgb.bin 41384-41395
//odm/etc/camera/filters_lut/Delta400.3dl.rgb.bin 41396-41405
//odm/etc/camera/filters_lut/Emerald.cube.rgb.bin 41406-41437
//odm/etc/camera/filters_lut/EyxRbD2UCe 41438-41441
//odm/etc/camera/filters_lut/FaceappGrayscale.cube.rgb.bin 41442-41443
//odm/etc/camera/filters_lut/InsClarendon.cube.rgb.bin 41444-41447
//odm/etc/camera/filters_lut/InsJuno.cube.rgb.bin 41448-41451
//odm/etc/camera/filters_lut/InsValencia-2.cube.rgb.bin 41452-41455
//odm/etc/camera/filters_lut/Martin.cube.rgb.bin 41456-41486
//odm/etc/camera/filters_lut/OPLUSR0604.cube.rgb.bin 41487-41518
//odm/etc/camera/filters_lut/PP1-soft-2.6.CUBE.rgb.bin 41519-41522
//odm/etc/camera/filters_lut/PP2-pop-4.1.CUBE.rgb.bin 41523-41526
//odm/etc/camera/filters_lut/PP3-mono-3.3.CUBE.rgb.bin 41527-41528
//odm/etc/camera/filters_lut/Radiance.cube.rgb.bin 41529-41560
//odm/etc/camera/filters_lut/SJ3mbr6ef 41561-41564
//odm/etc/camera/filters_lut/Serenity.cube.rgb.bin 41565-41596
//odm/etc/camera/filters_lut/SkpZ8ebbz 41597-41600
//odm/etc/camera/filters_lut/SnapseedBright.cube.rgb.bin 41601-41602
//odm/etc/camera/filters_lut/SweetSnapAlice-3.CUBE.rgb.bin 41603-41606
//odm/etc/camera/filters_lut/Sy4uLSTgf 41607-41608
//odm/etc/camera/filters_lut/Syt2KeZZf 41609-41612
//odm/etc/camera/filters_lut/Texture-70.cube.rgb.bin 41613-41644
//odm/etc/camera/filters_lut/V01-landscape-2.6.CUBE.rgb.bin 41645-41648
//odm/etc/camera/filters_lut/V02-portrait-2.5.CUBE.rgb.bin 41649-41652
//odm/etc/camera/filters_lut/V03-food-2.0.CUBE.rgb.bin 41653-41656
//odm/etc/camera/filters_lut/V04-night-1.3.CUBE.rgb.bin 41657-41660
//odm/etc/camera/filters_lut/V05-mono-3.3.CUBE.rgb.bin 41661-41662
//odm/etc/camera/filters_lut/White.cube.rgb.bin 41663-41669
//odm/etc/camera/filters_lut/YoucamAdorable80.cube.rgb.bin 41670-41673
//odm/etc/camera/filters_lut/b-w-P8.CUBE.rgb.bin 41674-41678
//odm/etc/camera/filters_lut/black_gold.bin 41679-41706
//odm/etc/camera/filters_lut/blackandwhite.cube.rgb.bin 41707-41719
//odm/etc/camera/filters_lut/bowu-2.1.cube.rgb.bin 41720-41723
//odm/etc/camera/filters_lut/bright_coloured.bin 41724-41755
//odm/etc/camera/filters_lut/calm-V5.CUBE.rgb.bin 41756-41787
//odm/etc/camera/filters_lut/candy-P7.CUBE.rgb.bin 41788-41819
//odm/etc/camera/filters_lut/cola.bin 41820-41839
//odm/etc/camera/filters_lut/cyberpunk-kitsch-3.1.CUBE.rgb.bin 41840-41843
//odm/etc/camera/filters_lut/cyberpunk-neoMilitarism-2.4-final.CUBE.rgb.bin 41844-41847
//odm/etc/camera/filters_lut/default 41848-41851
//odm/etc/camera/filters_lut/delight-P3.CUBE.rgb.bin 41852-41883
//odm/etc/camera/filters_lut/delight-V1.CUBE.rgb.bin 41884-41915
//odm/etc/camera/filters_lut/drjw1994.bin 41916-41946
//odm/etc/camera/filters_lut/drjw2010.bin 41947-41953
//odm/etc/camera/filters_lut/f_bin_hideaki 41954-41957
//odm/etc/camera/filters_lut/f_candy_water_weak.cube.rgb.bin 41958-41961
//odm/etc/camera/filters_lut/f_contrast_gray_face_dark 41962-41963
//odm/etc/camera/filters_lut/f_fuji_strong.cube.rgb.bin 41964-41967
//odm/etc/camera/filters_lut/f_japan_strong.cube.rgb.bin 41968-41971
//odm/etc/camera/filters_lut/farewell-V7.CUBE.rgb.bin 41972-42003
//odm/etc/camera/filters_lut/fuji-eterna-v2.cube.rgb.bin 42004-42035
//odm/etc/camera/filters_lut/fuji.cube.rgb.bin 42036-42067
//odm/etc/camera/filters_lut/gourmet.cube.rgb.bin 42068-42099
//odm/etc/camera/filters_lut/gt-24hour-city.cube.rgb.bin 42100-42131
//odm/etc/camera/filters_lut/gt-3dcity.cube.rgb.bin 42132-42163
//odm/etc/camera/filters_lut/gt-after-glow.cube.rgb.bin 42164-42195
//odm/etc/camera/filters_lut/gt-azure-water.cube.rgb.bin 42196-42227
//odm/etc/camera/filters_lut/gt-beach.cube.rgb.bin 42228-42254
//odm/etc/camera/filters_lut/gt-blue-water.cube.rgb.bin 42255-42286
//odm/etc/camera/filters_lut/gt-coco-grove.cube.rgb.bin 42287-42318
//odm/etc/camera/filters_lut/gt-crisp-fall.cube.rgb.bin 42319-42346
//odm/etc/camera/filters_lut/gt-desert.cube.rgb.bin 42347-42378
//odm/etc/camera/filters_lut/gt-earth.cube.rgb.bin 42379-42409
//odm/etc/camera/filters_lut/gt-glazed-tile.cube.rgb.bin 42410-42441
//odm/etc/camera/filters_lut/gt-japan.cube.rgb.bin 42442-42473
//odm/etc/camera/filters_lut/gt-lake.cube.rgb.bin 42474-42505
//odm/etc/camera/filters_lut/gt-mountainous.cube.rgb.bin 42506-42537
//odm/etc/camera/filters_lut/gt-old-times.cube.rgb.bin 42538-42566
//odm/etc/camera/filters_lut/gt-quietly-ele.cube.rgb.bin 42567-42598
//odm/etc/camera/filters_lut/gt-rosy.cube.rgb.bin 42599-42629
//odm/etc/camera/filters_lut/gt-steaming.cube.rgb.bin 42630-42661
//odm/etc/camera/filters_lut/interstellar_space.bin 42662-42693
//odm/etc/camera/filters_lut/jiari-2.0.cube.rgb.bin 42694-42697
//odm/etc/camera/filters_lut/jw_sun.CUBE.rgb.bin 42698-42729
//odm/etc/camera/filters_lut/jw_surprise.CUBE.rgb.bin 42730-42761
//odm/etc/camera/filters_lut/kodak.cube.rgb.bin 42762-42792
//odm/etc/camera/filters_lut/lvtu-2.0.cube.rgb.bin 42793-42796
//odm/etc/camera/filters_lut/meiwei-2.2.cube.rgb.bin 42797-42800
//odm/etc/camera/filters_lut/mellow-V3.CUBE.rgb.bin 42801-42832
//odm/etc/camera/filters_lut/misty-P5.CUBE.rgb.bin 42833-42864
//odm/etc/camera/filters_lut/misty-V4.CUBE.rgb.bin 42865-42896
//odm/etc/camera/filters_lut/mono.cube.rgb.bin 42897-42908
//odm/etc/camera/filters_lut/morandi.cube.rgb.bin 42909-42940
//odm/etc/camera/filters_lut/natural-P1.CUBE.rgb.bin 42941-42967
//odm/etc/camera/filters_lut/natural.cube.rgb.bin 42968-42999
//odm/etc/camera/filters_lut/neon-2020.cube.rgb.bin 43000-43031
//odm/etc/camera/filters_lut/oplus-black-gold.cube.rgb.bin 43032-43035
//odm/etc/camera/filters_lut/oplus-cyberpunk.cube.rgb.bin 43036-43039
//odm/etc/camera/filters_lut/oplus-nightcity.cube.rgb.bin 43040-43043
//odm/etc/camera/filters_lut/oplus-r-black-gold-1.1-RGB.CUBE.rgb.bin 43044-43070
//odm/etc/camera/filters_lut/oplus-r-cyberpunk-RGB.CUBE.rgb.bin 43071-43102
//odm/etc/camera/filters_lut/oplus-r-infra-RGB.CUBE.rgb.bin 43103-43130
//odm/etc/camera/filters_lut/oplus-yellow-blue.cube.rgb.bin 43131-43134
//odm/etc/camera/filters_lut/oplus_SAREK_III.cube.rgb.bin 43135-43138
//odm/etc/camera/filters_lut/oplus_VAEROY_III.cube.rgb.bin 43139-43142
//odm/etc/camera/filters_lut/oplus_YLLAAS.cube.rgb.bin 43143-43146
//odm/etc/camera/filters_lut/oplus_r4.cube.rgb.bin 43147-43150
//odm/etc/camera/filters_lut/oplus_r5.cube.rgb.bin 43151-43154
//odm/etc/camera/filters_lut/oplus_r6.cube.rgb.bin 43155-43157
//odm/etc/camera/filters_lut/oplus_video_filter_black_and_white 43158-43163
//odm/etc/camera/filters_lut/oplus_video_filter_highlight 43164-43195
//odm/etc/camera/filters_lut/oplus_video_filter_ins 43196-43227
//odm/etc/camera/filters_lut/oplus_video_filter_natal 43228-43259
//odm/etc/camera/filters_lut/oplus_video_filter_olympus 43260-43291
//odm/etc/camera/filters_lut/oplus_video_filter_plain 43292-43323
//odm/etc/camera/filters_lut/oplus_video_filter_show 43324-43355
//odm/etc/camera/filters_lut/oplus_video_filter_solar 43356-43385
//odm/etc/camera/filters_lut/oplus_video_filter_strong 43386-43406
//odm/etc/camera/filters_lut/oplus_video_filter_west 43407-43438
//odm/etc/camera/filters_lut/oppo_video_filter_black_and_white 43439-43444
//odm/etc/camera/filters_lut/oppo_video_filter_highlight 43445-43476
//odm/etc/camera/filters_lut/oppo_video_filter_ins 43477-43508
//odm/etc/camera/filters_lut/oppo_video_filter_natal 43509-43540
//odm/etc/camera/filters_lut/oppo_video_filter_olympus 43541-43572
//odm/etc/camera/filters_lut/oppo_video_filter_plain 43573-43604
//odm/etc/camera/filters_lut/oppo_video_filter_show 43605-43636
//odm/etc/camera/filters_lut/oppo_video_filter_solar 43637-43666
//odm/etc/camera/filters_lut/oppo_video_filter_strong 43667-43687
//odm/etc/camera/filters_lut/oppo_video_filter_west 43688-43719
//odm/etc/camera/filters_lut/p4_1.cube.rgb.bin 43720-43735
//odm/etc/camera/filters_lut/p4_2.cube.rgb.bin 43736-43768
//odm/etc/camera/filters_lut/p4_3.cube.rgb.bin 43769-43771
//odm/etc/camera/filters_lut/p4_4.cube.rgb.bin 43772-43775
//odm/etc/camera/filters_lut/qiuri-2.0.cube.rgb.bin 43776-43779
//odm/etc/camera/filters_lut/r1JaFSZZG 43780-43783
//odm/etc/camera/filters_lut/r1PrfoolG 43784-43787
//odm/etc/camera/filters_lut/rJ5g5vPWG 43788-43791
//odm/etc/camera/filters_lut/rJxJtmaez 43792-43795
//odm/etc/camera/filters_lut/red-red.cube.rgb.bin 43796-43809
//odm/etc/camera/filters_lut/rkMhq4ZWf 43810-43813
//odm/etc/camera/filters_lut/rkx5u4Zbf 43814-43817
//odm/etc/camera/filters_lut/senlin-2.0.cube.rgb.bin 43818-43821
//odm/etc/camera/filters_lut/serene-P9.CUBE.rgb.bin 43822-43853
//odm/etc/camera/filters_lut/sky-blue.cube.rgb.bin 43854-43864
//odm/etc/camera/filters_lut/sweet-P2.CUBE.rgb.bin 43865-43892
//odm/etc/camera/filters_lut/sweet-V2.CUBE.rgb.bin 43893-43919
//odm/etc/camera/filters_lut/tree-green.cube.rgb.bin 43920-43936
//odm/etc/camera/filters_lut/type_fuji_acros 43937-43949
//odm/etc/camera/filters_lut/type_fuji_astia 43950-43981
//odm/etc/camera/filters_lut/type_fuji_chrome 43982-44013
//odm/etc/camera/filters_lut/type_fuji_provia 44014-44045
//odm/etc/camera/filters_lut/type_fuji_velvia 44046-44077
//odm/etc/camera/filters_lut/vivid-cool.cube.rgb.bin 44078-44109
//odm/etc/camera/filters_lut/vivid-lut.cube.rgb.bin 44110-44137
//odm/etc/camera/filters_lut/vivid-warm.cube.rgb.bin 44138-44169
//odm/etc/camera/filters_lut/yuanqi-2.2s.cube.rgb.bin 44170-44173
//odm/etc/camera/filters_res/film_grain_small.bin 44175-45198
//odm/etc/camera/filters_res/lut_all_points.png 45199
//odm/etc/camera/filters_res/overlay_p4_3_weak.png 45200-45279
//odm/etc/camera/fwk_config.json 45281
//odm/etc/camera/gasryuv_1.2_wp.model 45282-45283
//odm/etc/camera/gesture/modules/tt_hand_box_reg_v12.0.model 45285-45377
//odm/etc/camera/gesture/modules/tt_hand_det_v11.0.model 45378-45389
//odm/etc/camera/gesture/modules/tt_hand_gesture_v11.1.model 45390-45429
//odm/etc/camera/gesture/modules/tt_hand_kp_v6.0.model 45430-45512
//odm/etc/camera/gesture/modules/tt_hand_lr_v3.0.model 45513-45546
//odm/etc/camera/gesture/tt_hand_box_reg_v12.0.model 45547-45639
//odm/etc/camera/gesture/tt_hand_det_v11.0.model 45640-45651
//odm/etc/camera/gesture/tt_hand_gesture_v11.1.model 45652-45691
//odm/etc/camera/gesture/tt_hand_kp_v6.0.model 45692-45774
//odm/etc/camera/gesture/tt_hand_lr_v3.0.model 45775-45808
//odm/etc/camera/libiceainr_model.dlc 45809-46016
//odm/etc/camera/media_profiles.xml 46018-46019
//odm/etc/camera/meishe_lut/ByYo3If 46021-46023
//odm/etc/camera/meishe_lut/Cold.cube.rgb.bin 46024-46044
//odm/etc/camera/meishe_lut/DL_A_MoneyBall.bin 46045-46068
//odm/etc/camera/meishe_lut/DL_B_Inception.bin 46069-46092
//odm/etc/camera/meishe_lut/DL_C_R3_80.bin 46093-46116
//odm/etc/camera/meishe_lut/DL_D_G4.cube.rgb.bin 46117-46140
//odm/etc/camera/meishe_lut/DL_L_B6.cube.rgb.bin 46141-46151
//odm/etc/camera/meishe_lut/Delta400.3dl.rgb.bin 46152-46159
//odm/etc/camera/meishe_lut/Emerald.cube.rgb.bin 46160-46183
//odm/etc/camera/meishe_lut/Martin.cube.rgb.bin 46184-46207
//odm/etc/camera/meishe_lut/OPLUSR0604.cube.rgb.bin 46208-46231
//odm/etc/camera/meishe_lut/Radiance.cube.rgb.bin 46232-46255
//odm/etc/camera/meishe_lut/Serenity.cube.rgb.bin 46256-46279
//odm/etc/camera/meishe_lut/Texture-70.cube.rgb.bin 46280-46303
//odm/etc/camera/meishe_lut/White.cube.rgb.bin 46304-46309
//odm/etc/camera/meishe_lut/black_gold.bin 46310-46312
//odm/etc/camera/meishe_lut/blackandwhite.cube.rgb.bin 46314-46325
//odm/etc/camera/meishe_lut/bright_coloured.bin 46326-46349
//odm/etc/camera/meishe_lut/cola.bin 46350-46365
//odm/etc/camera/meishe_lut/cyberpunk-kitsch-3.1.CUBE.rgb.bin 46366-46387
//odm/etc/camera/meishe_lut/drjw1994.bin 46388-46411
//odm/etc/camera/meishe_lut/drjw2010.bin 46412
//odm/etc/camera/meishe_lut/fuji-cc-high.bin 46413-46436
//odm/etc/camera/meishe_lut/fuji-cc-low.bin 46437-46439
//odm/etc/camera/meishe_lut/fuji-eterna-v2.cube.rgb.bin 46441-46464
//odm/etc/camera/meishe_lut/fuji-nc.bin 46465-46467
//odm/etc/camera/meishe_lut/fuji-proNegHi.bin 46469-46471
//odm/etc/camera/meishe_lut/fuji.cube.rgb.bin 46473-46496
//odm/etc/camera/meishe_lut/fuji_cc.bin 46497-46499
//odm/etc/camera/meishe_lut/gourmet.cube.rgb.bin 46501-46524
//odm/etc/camera/meishe_lut/gt-24hour-city.cube.rgb.bin 46525-46548
//odm/etc/camera/meishe_lut/gt-3dcity.cube.rgb.bin 46549-46572
//odm/etc/camera/meishe_lut/gt-after-glow.cube.rgb.bin 46573-46596
//odm/etc/camera/meishe_lut/gt-azure-water.cube.rgb.bin 46597-46620
//odm/etc/camera/meishe_lut/gt-beach.cube.rgb.bin 46621-46641
//odm/etc/camera/meishe_lut/gt-blue-water.cube.rgb.bin 46642-46665
//odm/etc/camera/meishe_lut/gt-coco-grove.cube.rgb.bin 46666-46851
//odm/etc/camera/meishe_lut/gt-crisp-fall.cube.rgb.bin 46852-46872
//odm/etc/camera/meishe_lut/gt-desert.cube.rgb.bin 46873-46896
//odm/etc/camera/meishe_lut/gt-glazed-tile.cube.rgb.bin 46897-46920
//odm/etc/camera/meishe_lut/gt-mountainous.cube.rgb.bin 46921-46944
//odm/etc/camera/meishe_lut/gt-old-times.cube.rgb.bin 46945-46966
//odm/etc/camera/meishe_lut/gt-quietly-ele.cube.rgb.bin 46967-46990
//odm/etc/camera/meishe_lut/gt-steaming.cube.rgb.bin 46991-47014
//odm/etc/camera/meishe_lut/interstellar_space.bin 47015-47038
//odm/etc/camera/meishe_lut/jw_sun.CUBE.rgb.bin 47039-47062
//odm/etc/camera/meishe_lut/jw_surprise.CUBE.rgb.bin 47063-47086
//odm/etc/camera/meishe_lut/kodak.cube.rgb.bin 47087-47110
//odm/etc/camera/meishe_lut/meicam.child.bin 47111-47113
//odm/etc/camera/meishe_lut/mono.cube.rgb.bin 47115-47126
//odm/etc/camera/meishe_lut/morandi.cube.rgb.bin 47127-47150
//odm/etc/camera/meishe_lut/natural.cube.rgb.bin 47151-47174
//odm/etc/camera/meishe_lut/neon-2020.cube.rgb.bin 47175-47198
//odm/etc/camera/meishe_lut/oplus-black-gold.cube.rgb.bin 47199-47201
//odm/etc/camera/meishe_lut/oplus-cyberpunk.cube.rgb.bin 47202-47204
//odm/etc/camera/meishe_lut/oplus-nightcity.cube.rgb.bin 47205-47207
//odm/etc/camera/meishe_lut/oplus-yellow-blue.cube.rgb.bin 47208-47210
//odm/etc/camera/meishe_lut/p4_1.cube.rgb.bin 47211-47213
//odm/etc/camera/meishe_lut/p4_3.cube.rgb.bin 47214-47216
//odm/etc/camera/meishe_lut/rJ5g5vPWG 47217-47219
//odm/etc/camera/meishe_lut/red-red.cube.rgb.bin 47221-47231
//odm/etc/camera/meishe_lut/sky-blue.cube.rgb.bin 47232-47240
//odm/etc/camera/meishe_lut/tone-of-light.cube.rgb.bin 47241-47264
//odm/etc/camera/meishe_lut/tree-green.cube.rgb.bin 47265-47278
//odm/etc/camera/meishe_lut/vivid-cool.cube.rgb.bin 47279-47302
//odm/etc/camera/meishe_lut/vivid-lut.cube.rgb.bin 47303-47325
//odm/etc/camera/meishe_lut/vivid-warm.cube.rgb.bin 47326-47349
//odm/etc/camera/model/DocDetectV15.xbin 47350-47599
//odm/etc/camera/model_fdc.data 47600-51731
//odm/etc/camera/neon_yuv_LUT_64.bin 51736-51892
//odm/etc/camera/oplus_eis_camera.vcfg 51893-51950
//odm/etc/camera/pf/PerfectColorSet/colormap/ColorLut 51951-52166
//odm/etc/camera/pf/PerfectColorSet/colormap/CurveLut 52167-52169
//odm/etc/camera/pf/PerfectColorSet/colormap/colorLut0 52170-52179
//odm/etc/camera/pf/PerfectColorSet/colormap/colorLut1 52180-52191
//odm/etc/camera/pf/PerfectColorSet/colormap/colorLut10 52192-52203
//odm/etc/camera/pf/PerfectColorSet/colormap/colorLut11 52204-52215
//odm/etc/camera/pf/PerfectColorSet/colormap/colorLut12 52216-52227
//odm/etc/camera/pf/PerfectColorSet/colormap/colorLut13 52228-52238
//odm/etc/camera/pf/PerfectColorSet/colormap/colorLut14 52239-52250
//odm/etc/camera/pf/PerfectColorSet/colormap/colorLut15 52251-52262
//odm/etc/camera/pf/PerfectColorSet/colormap/colorLut16 52263-52274
//odm/etc/camera/pf/PerfectColorSet/colormap/colorLut17 52275-52286
//odm/etc/camera/pf/PerfectColorSet/colormap/colorLut18 52287-52298
//odm/etc/camera/pf/PerfectColorSet/colormap/colorLut2 52299-52310
//odm/etc/camera/pf/PerfectColorSet/colormap/colorLut3 52311-52322
//odm/etc/camera/pf/PerfectColorSet/colormap/colorLut4 52323-52334
//odm/etc/camera/pf/PerfectColorSet/colormap/colorLut5 52335-52346
//odm/etc/camera/pf/PerfectColorSet/colormap/colorLut6 52347-52358
//odm/etc/camera/pf/PerfectColorSet/colormap/colorLut7 52359-52370
//odm/etc/camera/pf/PerfectColorSet/colormap/colorLut8 52371-52382
//odm/etc/camera/pf/PerfectColorSet/colormap/colorLut9 52383-52394
//odm/etc/camera/pf/PerfectColorSet/normal/ColorLut 52403-52618
//odm/etc/camera/pf/PerfectColorSet/normal/CurveLut 52619-52621
//odm/etc/camera/pf/PerfectColorSet/normal/colorLut0 52622-52631
//odm/etc/camera/pf/PerfectColorSet/normal/colorLut1 52632-52643
//odm/etc/camera/pf/PerfectColorSet/normal/colorLut10 52644-52655
//odm/etc/camera/pf/PerfectColorSet/normal/colorLut11 52656-52667
//odm/etc/camera/pf/PerfectColorSet/normal/colorLut12 52668-52679
//odm/etc/camera/pf/PerfectColorSet/normal/colorLut13 52680-52690
//odm/etc/camera/pf/PerfectColorSet/normal/colorLut14 52691-52702
//odm/etc/camera/pf/PerfectColorSet/normal/colorLut15 52703-52714
//odm/etc/camera/pf/PerfectColorSet/normal/colorLut16 52715-52726
//odm/etc/camera/pf/PerfectColorSet/normal/colorLut17 52727-52738
//odm/etc/camera/pf/PerfectColorSet/normal/colorLut18 52739-52750
//odm/etc/camera/pf/PerfectColorSet/normal/colorLut2 52751-52762
//odm/etc/camera/pf/PerfectColorSet/normal/colorLut3 52763-52774
//odm/etc/camera/pf/PerfectColorSet/normal/colorLut4 52775-52786
//odm/etc/camera/pf/PerfectColorSet/normal/colorLut5 52787-52798
//odm/etc/camera/pf/PerfectColorSet/normal/colorLut6 52799-52810
//odm/etc/camera/pf/PerfectColorSet/normal/colorLut7 52811-52822
//odm/etc/camera/pf/PerfectColorSet/normal/colorLut8 52823-52834
//odm/etc/camera/pf/PerfectColorSet/normal/colorLut9 52835-52846
//odm/etc/camera/pf/PerfectColorSet/portrait/ColorLut 52854-53069
//odm/etc/camera/pf/PerfectColorSet/portrait/CurveLut 53070-53072
//odm/etc/camera/pf/PerfectColorSet/portrait/colorLut0 53073-53082
//odm/etc/camera/pf/PerfectColorSet/portrait/colorLut1 53083-53094
//odm/etc/camera/pf/PerfectColorSet/portrait/colorLut10 53095-53106
//odm/etc/camera/pf/PerfectColorSet/portrait/colorLut11 53107-53118
//odm/etc/camera/pf/PerfectColorSet/portrait/colorLut12 53119-53130
//odm/etc/camera/pf/PerfectColorSet/portrait/colorLut13 53131-53141
//odm/etc/camera/pf/PerfectColorSet/portrait/colorLut14 53142-53153
//odm/etc/camera/pf/PerfectColorSet/portrait/colorLut15 53154-53165
//odm/etc/camera/pf/PerfectColorSet/portrait/colorLut16 53166-53177
//odm/etc/camera/pf/PerfectColorSet/portrait/colorLut17 53178-53189
//odm/etc/camera/pf/PerfectColorSet/portrait/colorLut18 53190-53201
//odm/etc/camera/pf/PerfectColorSet/portrait/colorLut2 53202-53213
//odm/etc/camera/pf/PerfectColorSet/portrait/colorLut3 53214-53225
//odm/etc/camera/pf/PerfectColorSet/portrait/colorLut4 53226-53237
//odm/etc/camera/pf/PerfectColorSet/portrait/colorLut5 53238-53249
//odm/etc/camera/pf/PerfectColorSet/portrait/colorLut6 53250-53261
//odm/etc/camera/pf/PerfectColorSet/portrait/colorLut7 53262-53273
//odm/etc/camera/pf/PerfectColorSet/portrait/colorLut8 53274-53285
//odm/etc/camera/pf/PerfectColorSet/portrait/colorLut9 53286-53297
//odm/etc/camera/pfb_bin/BeardSharp.bin 53305
//odm/etc/camera/pfb_bin/BeardSharp.frag 53306
//odm/etc/camera/pfb_bin/PreAddSRBinary.bin 53307
//odm/etc/camera/pfb_bin/PreCalVarBinary.bin 53312
//odm/etc/camera/pfb_bin/PreCalcSRBinary.bin 53313
//odm/etc/camera/pfb_bin/PreCalculateOutTex.bin 53314
//odm/etc/camera/pfb_bin/PreDepouchBinary.bin 53315-53316
//odm/etc/camera/pfb_bin/PreEyeMeanBinary.bin 53317
//odm/etc/camera/pfb_bin/PreGetHpMaskHor.bin 53318
//odm/etc/camera/pfb_bin/PreGetHpMaskVer.bin 53319
//odm/etc/camera/pfb_bin/PreGetInitHpMask.bin 53320
//odm/etc/camera/pfb_bin/PreHighPassBinary.bin 53321
//odm/etc/camera/pfb_bin/PreHighPassPreBinary.bin 53322-53323
//odm/etc/camera/pfb_bin/PreHoriFilterBinary.bin 53324
//odm/etc/camera/pfb_bin/PreMakeupBinary.bin 53325-53326
//odm/etc/camera/pfb_bin/PreMakeupMultiFaceBinary.bin 53327-53328
//odm/etc/camera/pfb_bin/PreMakeupSingleFaceBinary.bin 53329-53330
//odm/etc/camera/pfb_bin/PreMixImageBinary.bin 53331
//odm/etc/camera/pfb_bin/PreMorphBinary.bin 53332
//odm/etc/camera/pfb_bin/PreOnlywhitenBinary.bin 53333
//odm/etc/camera/pfb_bin/PreSaveMaskBinary.bin 53334
//odm/etc/camera/pfb_bin/PreSkintuneBinary.bin 53335-53336
//odm/etc/camera/pfb_bin/PreSkintuneMRTBinary.bin 53337
//odm/etc/camera/pfb_bin/PreSobelSumTwoBinary.bin 53338
//odm/etc/camera/pfb_bin/PreSobelTwoBinary.bin 53339
//odm/etc/camera/pfb_bin/PreSobelUpdateTwoBinary.bin 53340
//odm/etc/camera/pfb_bin/PreStitchFacesAnd2Cpu.bin 53341
//odm/etc/camera/pfb_bin/PreSurfaceBlurBinary.bin 53342
//odm/etc/camera/pfb_bin/PreVertFilterBinary.bin 53343
//odm/etc/camera/pfb_bin/PreVertSurBinary.bin 53344
//odm/etc/camera/pfb_bin/SkinCalcHue.bin 53345
//odm/etc/camera/pfb_bin/SkinColorBlur.bin 53346-53347
//odm/etc/camera/pfb_bin/SkinColorBlur.frag 53348
//odm/etc/camera/pfb_bin/SkinColorUnify.bin 53349
//odm/etc/camera/pfb_bin/ThirdPartyPreHoriFilterBinary.bin 53353
//odm/etc/camera/pfb_bin/ThirdPartyPreMorphBinary.bin 53354
//odm/etc/camera/pfb_bin/ThirdPartyPreOnlywhitenBinary.bin 53355
//odm/etc/camera/pfb_bin/ThirdPartyPreSkintuneBinary.bin 53356
//odm/etc/camera/pfb_bin/ThirdPartyPreSkintuneMRTBinary.bin 53357
//odm/etc/camera/pfb_bin/ThirdPartyPreVertFilterBinary.bin 53358
//odm/etc/camera/pfb_bin/ThirdPartyPreVertSurBinary.bin 53359
//odm/etc/camera/pfb_bin/snapAdjustProgramBinary.bin 53360
//odm/etc/camera/pfb_bin/snapBoxFilterBinary.bin 53361
//odm/etc/camera/pfb_bin/snapCalcSumProgramBinary.bin 53362
//odm/etc/camera/pfb_bin/snapContrastProgramBinary.bin 53363
//odm/etc/camera/pfb_bin/snapEYESMASKBinary.bin 53365
//odm/etc/camera/pfb_bin/snapEyeYUV2RGBBinary.bin 53366
//odm/etc/camera/pfb_bin/snapEyesTuneBinary.bin 53367-53368
//odm/etc/camera/pfb_bin/snapFSMixBinary.bin 53369
//odm/etc/camera/pfb_bin/snapFSNormBinary.bin 53370
//odm/etc/camera/pfb_bin/snapFSVarBinary.bin 53371
//odm/etc/camera/pfb_bin/snapGuidedFilterBBinary.bin 53372
//odm/etc/camera/pfb_bin/snapGuidedFilterCorrBinary.bin 53373
//odm/etc/camera/pfb_bin/snapGuidedFilterQBinary.bin 53374
//odm/etc/camera/pfb_bin/snapLUTsFilterBinary.bin 53377
//odm/etc/camera/pfb_bin/snapMakeupEditionTwoBinary.bin 53378
//odm/etc/camera/pfb_bin/snapMakeupMultiFaceBinary.bin 53379-53380
//odm/etc/camera/pfb_bin/snapMakeupSingleFaceBinary.bin 53381-53382
//odm/etc/camera/pfb_bin/snapMeanFilterBinary.bin 53383
//odm/etc/camera/pfb_bin/snapMorphBinary.bin 53384
//odm/etc/camera/pfb_bin/snapProgramABinary.bin 53385
//odm/etc/camera/pfb_bin/snapProgram_blurBinary.bin 53386
//odm/etc/camera/pfb_bin/snapProgram_bwBinary.bin 53387
//odm/etc/camera/pfb_bin/snapSaveMaskBinary.bin 53388-53389
//odm/etc/camera/pfb_bin/snapSurfaceBlurBinary.bin 53390-53391
//odm/etc/camera/selfbokehParam.json 53394
//odm/etc/camera/selfbokehmodel.bin 53395-60984
//odm/etc/camera/singleblur/personseg.bin 60992-61985
//odm/etc/camera/sticker/M_SenseME_Action_5.2.12.model 61989-62873
//odm/etc/camera/sticker/material/animoji/data.zip 62874-64383
//odm/etc/camera/sticker/material/animoji/snowleopard_v_0_0_0_9.zip 64385-65153
//odm/etc/camera/text_enhance_yuv_v1.tflite 65154-65242
//odm/etc/camera/tonemap/tonemap_lut_0 65246-65256
//odm/etc/camera/tonemap/tonemap_lut_1 65257-65268
//odm/etc/camera/tonemap/tonemap_lut_10 65269-65280
//odm/etc/camera/tonemap/tonemap_lut_2 65281-65292
//odm/etc/camera/tonemap/tonemap_lut_3 65293-65304
//odm/etc/camera/tonemap/tonemap_lut_4 65305-65316
//odm/etc/camera/tonemap/tonemap_lut_5 65317-65328
//odm/etc/camera/tonemap/tonemap_lut_6 65329-65340
//odm/etc/camera/tonemap/tonemap_lut_7 65341-65352
//odm/etc/camera/tonemap/tonemap_lut_8 65353-65364
//odm/etc/camera/tonemap/tonemap_lut_9 65365-65376
//odm/etc/custom_power.cfg 65377
//odm/etc/devices_config/devices_config.json 65378
//odm/etc/dolby/multimedia_dolby_dax_default.xml 65379-65381
//odm/etc/gps.conf 65385-65386
//odm/etc/init/hw/init.oplus.wifi.rc 65390
//odm/etc/init/init.oppo.reserve.rc 65393
//odm/etc/init/ormsHalService-default.rc 65395
//odm/etc/init/vendor.oplus.hardware.charger-V6-service.rc 65400
//odm/etc/init/vendor_engineermode.rc 65404
//odm/etc/iris_configs.xml 65482
//odm/etc/irissoft_samsung_AMB670YF07_CS_dsc_cmd_mode_panel.dat 65483-65514
//odm/etc/irissoft_samsung_AMB670YF07_CS_dsc_cmd_mode_panel.fw 65515-65623
//odm/etc/irissoft_samsung_AMB670YF07_FS_dsc_cmd_mode_panel.dat 65625-65656
//odm/etc/irissoft_samsung_AMB670YF07_FS_dsc_cmd_mode_panel.fw 65657-65765
//odm/etc/irissoft_samsung_AMB670YF08_CS_dsc_cmd_mode_panel.dat 65767-65798
//odm/etc/irissoft_samsung_AMB670YF08_CS_dsc_cmd_mode_panel.fw 65799-65907
//odm/etc/irissoft_samsung_AMB670YF08_FS_dsc_cmd_mode_panel.dat 65909-65940
//odm/etc/irissoft_samsung_AMB670YF08_FS_dsc_cmd_mode_panel.fw 65941-66049
//odm/etc/izat.conf 66051
//odm/etc/kernelfilter.filter 66052-66054
//odm/etc/libnfc-nci.conf 66055
//odm/etc/lvacfs_params/2mic/LVACFS_Calibration360_2mic.dat 66057-66154
//odm/etc/lvacfs_params/2mic/LVACFS_Configuration.txt 66155
//odm/etc/lvacfs_params/2mic/LVACFS_Parameter_ID10_MIC_VR.txt 66156
//odm/etc/lvacfs_params/2mic/LVACFS_Parameter_ID11_HE.txt 66157
//odm/etc/lvacfs_params/2mic/LVACFS_Parameter_ID12_HE_APP1.txt 66158
//odm/etc/lvacfs_params/2mic/LVACFS_Parameter_ID13_HE_APP2.txt 66159
//odm/etc/lvacfs_params/2mic/LVACFS_Parameter_ID14_HE_Cam.txt 66160
//odm/etc/lvacfs_params/2mic/LVACFS_Parameter_ID15_HE_Conference.txt 66161
//odm/etc/lvacfs_params/2mic/LVACFS_Parameter_ID16_HE_Fast.txt 66162
//odm/etc/lvacfs_params/2mic/LVACFS_Parameter_ID17_HE_Interview.txt 66163
//odm/etc/lvacfs_params/2mic/LVACFS_Parameter_ID18_HE_Unprocess.txt 66164
//odm/etc/lvacfs_params/2mic/LVACFS_Parameter_ID19_HE_Voice.txt 66165
//odm/etc/lvacfs_params/2mic/LVACFS_Parameter_ID1_MIC_Normal.txt 66166
//odm/etc/lvacfs_params/2mic/LVACFS_Parameter_ID20_HE_VR.txt 66167
//odm/etc/lvacfs_params/2mic/LVACFS_Parameter_ID21_USB_Normal.txt 66168
//odm/etc/lvacfs_params/2mic/LVACFS_Parameter_ID22_USB_APP1.txt 66169
//odm/etc/lvacfs_params/2mic/LVACFS_Parameter_ID23_BT_Normal.txt 66170
//odm/etc/lvacfs_params/2mic/LVACFS_Parameter_ID24_BT_APP1.txt 66171
//odm/etc/lvacfs_params/2mic/LVACFS_Parameter_ID25_2mic_zoom.txt 66172
//odm/etc/lvacfs_params/2mic/LVACFS_Parameter_ID2_MIC_APP1.txt 66173
//odm/etc/lvacfs_params/2mic/LVACFS_Parameter_ID3_MIC_APP2.txt 66174
//odm/etc/lvacfs_params/2mic/LVACFS_Parameter_ID4_MIC_Cam.txt 66175
//odm/etc/lvacfs_params/2mic/LVACFS_Parameter_ID5_MIC_Conference.txt 66176
//odm/etc/lvacfs_params/2mic/LVACFS_Parameter_ID6_MIC_Fast.txt 66177
//odm/etc/lvacfs_params/2mic/LVACFS_Parameter_ID7_MIC_Interview.txt 66178
//odm/etc/lvacfs_params/2mic/LVACFS_Parameter_ID8_MIC_Unprocess.txt 66179
//odm/etc/lvacfs_params/2mic/LVACFS_Parameter_ID9_MIC_Voice.txt 66180
//odm/etc/media_profiles_V1_0.xml 66183
//odm/etc/mixer_paths.xml 66184-66185
//odm/etc/modem_custom.cfg 66186
//odm/etc/modem_data.cfg 66188
//odm/etc/modem_voice.cfg 66193
//odm/etc/nfc/libnfc-mtp-SN100.conf_20845 66196-66199
//odm/etc/nfc/libnfc-mtp-SN100.conf_20846 66200-66203
//odm/etc/nfc/libnfc-mtp-SN100.conf_20847 66204-66207
//odm/etc/nfc/libnfc-mtp-SN100.conf_20848 66208-66211
//odm/etc/nfc/libnfc-mtp-SN100.conf_20849 66212-66215
//odm/etc/nfc/libnfc-mtp-SN100.conf_2084A 66216-66219
//odm/etc/nfc/libnfc-mtp-SN100.conf_2084B 66220-66223
//odm/etc/nfc/libnfc-mtp-SN100.conf_2084D 66224-66227
//odm/etc/nfc/libnfc-mtp-SN100.conf_2084E 66228-66231
//odm/etc/nfc/libnfc-mtp-SN100.conf_20865 66232-66235
//odm/etc/nfc/libnfc-mtp-SN100.conf_20866 66236-66239
//odm/etc/nfc/libnfc-mtp-SN100.conf_20867 66240-66243
//odm/etc/nfc/libnfc-mtp-SN100.conf_20868 66244-66247
//odm/etc/nfc/libnfc-mtp-SN100.conf_20869 66248-66251
//odm/etc/nfc/libnfc-mtp-SN100.conf_21001 66252-66255
//odm/etc/nfc/libnfc-mtp-SN100.conf_21131 66256-66259
//odm/etc/nfc/libnfc-mtp-SN100.conf_21201 66260-66263
//odm/etc/nfc/libnfc-mtp-SN100.conf_21321 66264-66267
//odm/etc/nfc/libnfc-mtp-SN100.conf_21631 66268-66271
//odm/etc/nfc/libnfc-mtp-SN100.conf_216AC 66272-66275
//odm/etc/nfc/libnfc-mtp-SN100.conf_22635 66276-66279
//odm/etc/nfc/libnfc-mtp-SN100.conf_22714 66280-66283
//odm/etc/nfc/libnfc-mtp-SN100.conf_22811 66284-66287
//odm/etc/nfc/libnfc-mtp-SN100.conf_22851 66288-66291
//odm/etc/nfc/libnfc-mtp-SN100.conf_22861 66292-66295
//odm/etc/nfc/libnfc-mtp-SN220.conf_22003 66296-66299
//odm/etc/nfc/libnfc-mtp-SN220.conf_22203 66300-66303
//odm/etc/nfc/libnfc-mtp-SN220.conf_22899 66304-66307
//odm/etc/nfc/libnfc-mtp-SN220.conf_23801 66308-66311
//odm/etc/nfc/libnfc-mtp-SN220.conf_23861 66312-66315
//odm/etc/nfc/libnfc-nci.conf_20845 66316
//odm/etc/nfc/libnfc-nci.conf_20846 66317
//odm/etc/nfc/libnfc-nci.conf_20847 66318
//odm/etc/nfc/libnfc-nci.conf_20848 66319
//odm/etc/nfc/libnfc-nci.conf_20849 66320
//odm/etc/nfc/libnfc-nci.conf_2084A 66321
//odm/etc/nfc/libnfc-nci.conf_2084B 66322
//odm/etc/nfc/libnfc-nci.conf_2084D 66323
//odm/etc/nfc/libnfc-nci.conf_2084E 66324
//odm/etc/nfc/libnfc-nci.conf_20865 66325
//odm/etc/nfc/libnfc-nci.conf_20866 66326
//odm/etc/nfc/libnfc-nci.conf_20867 66327
//odm/etc/nfc/libnfc-nci.conf_20868 66328
//odm/etc/nfc/libnfc-nci.conf_20869 66329
//odm/etc/nfc/libnfc-nci.conf_21001 66330
//odm/etc/nfc/libnfc-nci.conf_21131 66331
//odm/etc/nfc/libnfc-nci.conf_21201 66332
//odm/etc/nfc/libnfc-nci.conf_21321 66333
//odm/etc/nfc/libnfc-nci.conf_21631 66334
//odm/etc/nfc/libnfc-nci.conf_216AC 66335
//odm/etc/nfc/libnfc-nci.conf_22003 66336
//odm/etc/nfc/libnfc-nci.conf_22203 66337
//odm/etc/nfc/libnfc-nci.conf_22635 66338
//odm/etc/nfc/libnfc-nci.conf_22714 66339
//odm/etc/nfc/libnfc-nci.conf_22811 66340
//odm/etc/nfc/libnfc-nci.conf_22851 66341
//odm/etc/nfc/libnfc-nci.conf_22861 66342
//odm/etc/nfc/libnfc-nci.conf_22899 66343
//odm/etc/nfc/libnfc-nci.conf_23801 66344
//odm/etc/nfc/libnfc-nci.conf_23861 66345
//odm/etc/nfc/libnfc_SuperCard_config.conf_22003 66346
//odm/etc/nfc/libnfc_accesscard_config.conf_22003 66353
//odm/etc/nfc/libnfc_accesscard_config.conf_22899 66359
//odm/etc/nfc/libnfc_accesscard_config.conf_23801 66360
//odm/etc/nfc/libnfc_accesscard_index0_config.conf_22003 66363
//odm/etc/nfc/libnfc_accesscard_index1_config.conf_22003 66371
//odm/etc/nfc/libnfc_accesscard_index2_config.conf_22003 66379
//odm/etc/nfc/libnfc_accesscard_index3_config.conf_22003 66387
//odm/etc/nfc/libnfc_beijing_config.conf_20846 66398
//odm/etc/nfc/libnfc_beijing_config.conf_21001 66400
//odm/etc/nfc/libnfc_car_config.conf_21131 66402
//odm/etc/nfc/libnfc_car_config.conf_22003 66403
//odm/etc/nfc/libnfc_car_config.conf_22811 66404
//odm/etc/nfc/libnfc_car_config.conf_22851 66405
//odm/etc/nfc/libnfc_car_config.conf_23801 66406
//odm/etc/nfc/libnfc_changchun_config.conf_21001 66407
//odm/etc/nfc/libnfc_changsha_SuperCard_config.conf_22003 66408
//odm/etc/nfc/libnfc_changsha_config.conf_20846 66410
//odm/etc/nfc/libnfc_changsha_config.conf_21001 66412
//odm/etc/nfc/libnfc_changsha_config.conf_22003 66414
//odm/etc/nfc/libnfc_dcep_config.conf_21131 66415
//odm/etc/nfc/libnfc_default_config.conf_20845 66416
//odm/etc/nfc/libnfc_default_config.conf_20846 66417
//odm/etc/nfc/libnfc_default_config.conf_20865 66418
//odm/etc/nfc/libnfc_default_config.conf_21001 66419
//odm/etc/nfc/libnfc_default_config.conf_21131 66420
//odm/etc/nfc/libnfc_default_config.conf_21631 66421
//odm/etc/nfc/libnfc_default_config.conf_22003 66422
//odm/etc/nfc/libnfc_default_config.conf_22635 66424
//odm/etc/nfc/libnfc_default_config.conf_22714 66425
//odm/etc/nfc/libnfc_default_config.conf_22811 66426
//odm/etc/nfc/libnfc_default_config.conf_22851 66427
//odm/etc/nfc/libnfc_default_config.conf_22899 66428
//odm/etc/nfc/libnfc_default_config.conf_23801 66429
//odm/etc/nfc/libnfc_fuzhou_config.conf_20846 66431
//odm/etc/nfc/libnfc_fuzhou_config.conf_21001 66432
//odm/etc/nfc/libnfc_ganzhou_config.conf_21001 66433
//odm/etc/nfc/libnfc_guangzhou_config.conf_21001 66437
//odm/etc/nfc/libnfc_guiyang_config.conf_21001 66439
//odm/etc/nfc/libnfc_hebei_config.conf_21001 66440
//odm/etc/nfc/libnfc_hefei_SuperCard_config.conf_22003 66441
//odm/etc/nfc/libnfc_hefei_config.conf_20846 66442
//odm/etc/nfc/libnfc_hefei_config.conf_21001 66443
//odm/etc/nfc/libnfc_hefei_config.conf_21131 66444
//odm/etc/nfc/libnfc_hefei_config.conf_22003 66446
//odm/etc/nfc/libnfc_hefei_config.conf_22635 66447
//odm/etc/nfc/libnfc_hefei_config.conf_22811 66448
//odm/etc/nfc/libnfc_hefei_config.conf_22851 66449
//odm/etc/nfc/libnfc_hefei_config.conf_23801 66450
//odm/etc/nfc/libnfc_nanchang_config.conf_21001 66451
//odm/etc/nfc/libnfc_nanjing_config.conf_21001 66452
//odm/etc/nfc/libnfc_nanning_config.conf_21001 66453
//odm/etc/nfc/libnfc_qingdao_config.conf_21001 66454
//odm/etc/nfc/libnfc_shenyang_config.conf_22635 66456
//odm/etc/nfc/libnfc_shenzhen_config.conf_21001 66460
//odm/etc/nfc/libnfc_shenzhen_config.conf_22851 66462
//odm/etc/nfc/libnfc_shijiazhuang_config.conf_21001 66463
//odm/etc/nfc/libnfc_shiyan_config.conf_21001 66464
//odm/etc/nfc/libnfc_suzhou_config.conf_21001 66465
//odm/etc/nfc/libnfc_suzhou_config.conf_22851 66466
//odm/etc/nfc/libnfc_tap_config.conf_22003 66468
//odm/etc/nfc/libnfc_tap_config.conf_22203 66469
//odm/etc/nfc/libnfc_tap_config.conf_22899 66472
//odm/etc/nfc/libnfc_tap_config.conf_23801 66473
//odm/etc/nfc/libnfc_tap_config.conf_23861 66474
//odm/etc/nfc/libnfc_tianjin_config.conf_20846 66476
//odm/etc/nfc/libnfc_tianjin_config.conf_21001 66478
//odm/etc/nfc/libnfc_tianjin_config.conf_22635 66480
//odm/etc/nfc/libnfc_weifang_config.conf_21001 66481
//odm/etc/nfc/libnfc_wuhan_config.conf_21001 66482
//odm/etc/nfc/libnfc_wuxi_SuperCard_config.conf_22003 66483
//odm/etc/nfc/libnfc_wuxi_config.conf_20846 66485
//odm/etc/nfc/libnfc_wuxi_config.conf_21001 66487
//odm/etc/nfc/libnfc_wuxi_config.conf_22003 66489
//odm/etc/nfc/libnfc_wuxi_config.conf_22851 66490
//odm/etc/nfc/libnfc_xiamen_config.conf_21131 66491
//odm/etc/nfc/libnfc_xiamen_config.conf_22811 66492
//odm/etc/nfc/libnfc_xiamen_config.conf_22851 66493
//odm/etc/nfc/libnfc_xiamen_config.conf_23801 66494
//odm/etc/nfc/libnfc_xian_config.conf_21001 66495
//odm/etc/nfc/libnfc_yantai_config.conf_21001 66496
//odm/etc/nfc/libnfc_yulin_config.conf_21001 66497
//odm/etc/nfc/libnfc_zhengzhou_config.conf_21001 66498
//odm/etc/nfc/pnscr/libnfc-nxp-pnscr.conf 66499-66500
//odm/etc/nfc/pnscr/sn100u_bootup.pnscr 66501
//odm/etc/nfc/pnscr/sn100u_ese_disableIso.pnscr 66502
//odm/etc/nfc/pnscr/sn100u_ese_disableIsoRead.pnscr 66503
//odm/etc/nfc/pnscr/sn100u_pnx_ese_aclog.pnscr 66507
//odm/etc/nfc/pnscr/sn100u_pnx_ese_cplc.pnscr 66508
//odm/etc/nfc/pnscr/sn100u_pnx_ese_fabkey.pnscr 66509
//odm/etc/nfc/pnscr/sn100u_pnx_ese_free.pnscr 66510
//odm/etc/nfc/pnscr/sn100u_pnx_ese_keyset.pnscr 66511
//odm/etc/nfc/pnscr/sn100u_pnx_ese_sn.pnscr 66512
//odm/etc/nfc/pnscr/sn100u_pnx_freq.pnscr 66513
//odm/etc/nfc/sn100u.bin_sn100t_fw_01_10_57 66514-66562
//odm/etc/nfc/sn100u.bin_sn100t_fw_01_10_60 66564-66612
//odm/etc/nfc/sn100u.bin_sn100t_fw_01_10_68 66614-66662
//odm/etc/nfc/sn220u.bin_sn220tu_fw_01_01_23 66664-66713
//odm/etc/nfc/sn220u.bin_sn220tu_fw_01_01_2B 66714-66763
//odm/etc/nfc/sn220u.bin_sn220tu_fw_01_01_30 66764-66813
//odm/etc/nfc/sn220u.bin_sn220tu_fw_01_01_36 66814-66863
//odm/etc/nfc/st21nfc_fw.bin_st21h 66864-66914
//odm/etc/nfc/st21nfc_fw7.bin_st21h 66915-66965
//odm/etc/oplus.fstab 66967
//odm/etc/orms/orms_core_config.xml 66968-67009
//odm/etc/orms/orms_core_config_india.xml 67010-67050
//odm/etc/power_profile/power_profile.xml 67051-67052
//odm/etc/resourcemanager.xml 67054-67056
//odm/etc/rftoolkit/proj_cases.xml 67058
//odm/etc/sap.conf 67060
//odm/etc/selinux/precompiled_sepolicy 67062-67243
//odm/etc/selinux/precompiled_sepolicy_debug 67244-67428
//odm/etc/sensor/config/kailua_mtp_ak0991x.json 67429
//odm/etc/sensor/config/kailua_mtp_alsps.json 67430
//odm/etc/sensor/config/kailua_mtp_bmi26x.json 67432
//odm/etc/sensor/config/kailua_mtp_cct_rear.json 67434
//odm/etc/sensor/config/kailua_mtp_icm4x6xx.json 67435
//odm/etc/sensor/config/kailua_mtp_sx933x_0.json 67437
//odm/etc/sensor/config/kailua_mtp_sx933x_down_0.json 67438
//odm/etc/sensor/sensor_config.json 67439
//odm/etc/temperature_profile/sys_thermal_control_config.xml 67441-67442
//odm/etc/uah/uahconfig.pb 67443-67466
//odm/etc/usecaseKvManager.xml 67467-67468
//odm/etc/vintf/telephony_manifest_dsds.xml 67471
//odm/etc/vintf/telephony_manifest_ssss.xml 67472
//odm/etc/virtual_audio_policy_configuration.xml 67473
//odm/etc/wifi/bdwlan.elf 67474-67476
//odm/etc/wifi/bdwlang.elf 67477-67479
//odm/etc/wifi/kiwi/bdwlan.b0a 67480-67483
//odm/etc/wifi/kiwi/bdwlan.b0e 67484-67487
//odm/etc/wifi/kiwi/bdwlan.b0i 67488-67491
//odm/etc/wifi/kiwi/bdwlan.elf 67492-67494
//odm/etc/wifi/kiwi/regdb.bin 67495-67496
//odm/etc/wifi/regdb.bin 67497-67498
//odm/etc/wifi/wifisar.cfg 67499
//odm/firmware/fastchg/smart_chg_config_table.txt 67500-67504
//odm/firmware/tfa98xx.cnt 67505
//odm/firmware/tp/19815/FW_S3908_SAMSUNG.img 67506-67554
//odm/firmware/tp/19815/FW_S3908_SAMSUNG_FAE.img 67556-67604
//odm/firmware/tp/19815/LIMIT_S3908_SAMSUNG.img 67606
//odm/firmware/tp/19825/FW_S6SY792_SAMSUNG.bin 67607-67649
//odm/firmware/tp/19825/FW_S6SY792_SAMSUNG_FAE.bin 67650-67692
//odm/firmware/tp/19825/LIMIT_S6SY792_SAMSUNG.img 67693
//odm/firmware/tp/20031/FW_S3908_SAMSUNG.img 67694-67743
//odm/firmware/tp/20031/FW_S3908_SAMSUNG_FAE.img 67744-67792
//odm/firmware/tp/20031/LIMIT_S3908_SAMSUNG.img 67794
//odm/firmware/tp/20627/FW_FT3518_SAMSUNG.img 67795-67808
//odm/firmware/tp/20627/FW_FT3518_SAMSUNG_FAE.img 67809-67822
//odm/firmware/tp/20627/LIMIT_FT3518_SAMSUNG.img 67823-67824
//odm/firmware/tp/20659/FW_S6SY792_SAMSUNG.bin 67825-67867
//odm/firmware/tp/20659/FW_S6SY792_SAMSUNG_FAE.bin 67868-67910
//odm/firmware/tp/20659/LIMIT_S6SY792_SAMSUNG.img 67911
//odm/firmware/tp/21001/FW_S3908_SAMSUNG.img 67912-67961
//odm/firmware/tp/21001/FW_S3908_SAMSUNG_FAE.img 67963-68012
//odm/firmware/tp/21001/LIMIT_S3908_SAMSUNG.img 68014
//odm/firmware/tp/21001/LIMIT_S3908_SAMSUNG_AGING.img 68015
//odm/firmware/tp/21131/FW_S3910_SAMSUNG.img 68016-68066
//odm/firmware/tp/21131/FW_S3910_SAMSUNG_FAE.img 68068-68118
//odm/firmware/tp/21131/FW_S3910_SAMSUNG_HBP.img 68120-68170
//odm/firmware/tp/21131/FW_S3910_SAMSUNG_HBP_FAE.img 68172-68222
//odm/firmware/tp/21131/FW_S3910_SAMSUNG_sys_edge_touch_config.img 68224
//odm/firmware/tp/21131/LIB_S3910_SAMSUNG_HBP.so 68225-68319
//odm/firmware/tp/21131/LIMIT_S3910_SAMSUNG.img 68320-68321
//odm/firmware/tp/21131/LIMIT_S3910_SAMSUNG_HBP.img 68322-68323
//odm/firmware/tp/21131/sys_edge_touch_config.xml 68324
//odm/firmware/tp/21631/FW_S3908_SAMSUNG.img 68325-68374
//odm/firmware/tp/21631/FW_S3908_SAMSUNG_FAE.img 68376-68425
//odm/firmware/tp/21631/LIMIT_S3908_SAMSUNG.img 68427
//odm/firmware/tp/21631/LIMIT_S3908_SAMSUNG_AGING.img 68428
//odm/firmware/tp/22003/FW_GT9916_BOE.img 68429-68476
//odm/firmware/tp/22003/FW_GT9916_BOE_FAE.img 68477-68524
//odm/firmware/tp/22003/FW_GT9966DVT_BOE.img 68525-68576
//odm/firmware/tp/22003/FW_GT9966DVT_BOE_FAE.img 68577-68628
//odm/firmware/tp/22003/FW_GT9966_BOE.img 68629-68680
//odm/firmware/tp/22003/FW_GT9966_BOE_FAE.img 68681-68732
//odm/firmware/tp/22003/FW_GT9966_SAMSUNG.img 68733-68784
//odm/firmware/tp/22003/FW_GT9966_SAMSUNG_FAE.img 68785-68836
//odm/firmware/tp/22003/LIMIT_GT9916_BOE.img 68837-68838
//odm/firmware/tp/22003/LIMIT_GT9966DVT_BOE.img 68839-68840
//odm/firmware/tp/22003/LIMIT_GT9966_BOE.img 68841-68842
//odm/firmware/tp/22003/LIMIT_GT9966_SAMSUNG.img 68843
//odm/firmware/tp/22003/sys_edge_touch_config.xml 68844
//odm/firmware/tp/22635/FW_S3910_TIANMA.img 68845-68896
//odm/firmware/tp/22635/FW_S3910_TIANMA_FAE.img 68897-68948
//odm/firmware/tp/22635/FW_S3910_TIANMA_sys_edge_touch_config.img 68949
//odm/firmware/tp/22635/LIMIT_S3910_TIANMA.img 68950-68951
//odm/firmware/tp/22635/LIMIT_S3910_TIANMA_AGING.img 68952-68953
//odm/firmware/tp/22635/sys_edge_touch_config.xml 68954
//odm/firmware/tp/22811/FW_S3908_SAMSUNG.img 68955-69005
//odm/firmware/tp/22811/FW_S3908_SAMSUNG_FAE.img 69006-69055
//odm/firmware/tp/22811/FW_S3908_SAMSUNG_sys_edge_touch_config.img 69057
//odm/firmware/tp/22811/LIMIT_S3908_SAMSUNG.img 69058
//odm/firmware/tp/22851/FW_S3910_BOE_HBP.img 69059-69110
//odm/firmware/tp/22851/FW_S3910_BOE_HBP_FAE.img 69111-69162
//odm/firmware/tp/22851/LIB_S3910_BOE_HBP.so 69163-69207
//odm/firmware/tp/22851/LIB_S3910_BOE_HBP_TS_ALGO.so 69208-69231
//odm/firmware/tp/22851/LIB_S3910_BOE_HBP_TS_HAL.so 69232-69276
//odm/firmware/tp/22851/LIMIT_S3910_BOE.img 69277-69278
//odm/firmware/tp/22851/LIMIT_S3910_BOE_AGING.img 69279-69280
//odm/firmware/tp/22851/LIMIT_S3910_BOE_HBP.img 69281-69282
//odm/firmware/tp/22851/libIfp.so 69283
//odm/firmware/tp/22851/sys_edge_touch_config.xml 69284
//odm/firmware/tp/23801/FW_S3910_BOE.img 69285-69331
//odm/firmware/tp/23801/FW_S3910_BOE_FAE.img 69332-69378
//odm/firmware/tp/23801/FW_S3910_BOE_HBP.img 69379-69425
//odm/firmware/tp/23801/FW_S3910_BOE_HBP_FAE.img 69427-69473
//odm/firmware/tp/23801/FW_S3910_TIANMA.img 69475-69521
//odm/firmware/tp/23801/FW_S3910_TIANMA_FAE.img 69522-69568
//odm/firmware/tp/23801/FW_S3910_TIANMA_HBP.img 69569-69620
//odm/firmware/tp/23801/FW_S3910_TIANMA_HBP_FAE.img 69622-69673
//odm/firmware/tp/23801/LIB_S3910_BOE_HBP_TS_ALGO.so 69675-69711
//odm/firmware/tp/23801/LIB_S3910_BOE_HBP_TS_HAL.so 69712-69756
//odm/firmware/tp/23801/LIB_S3910_TIANMA_HBP_TS_ALGO.so 69757-69793
//odm/firmware/tp/23801/LIB_S3910_TIANMA_HBP_TS_HAL.so 69794-69838
//odm/firmware/tp/23801/LIMIT_S3910_BOE.img 69839
//odm/firmware/tp/23801/LIMIT_S3910_BOE_HBP.img 69840-69841
//odm/firmware/tp/23801/LIMIT_S3910_BOE_HBP_AGING.img 69842
//odm/firmware/tp/23801/LIMIT_S3910_TIANMA.img 69843
//odm/firmware/tp/23801/LIMIT_S3910_TIANMA_HBP.img 69844
//odm/firmware/tp/23801/libIfp.so 69845
//odm/firmware/tp/23801/sys_edge_touch_config.xml 69846
//odm/firmware/tp/23801/sys_touch_algo_feature_config.xml 69847
//odm/firmware/tp/23801/sys_touch_function_feature_config.xml 69848
//odm/firmware/ufs/SAMSUNG-KLUDG4UHDC-B0E1.bin 69849-69969
//odm/firmware/ufs/SAMSUNG-KLUEG4RHHD-B0G1.bin 69970-70159
//odm/firmware/ufs/SAMSUNG-KLUEG8UHDC-B0E1.bin 70160-70280
//odm/firmware/ufs/SAMSUNG-KLUFG8RHDB-B0E1.bin 70281-70401
//odm/firmware/ufs/SAMSUNG-KLUFG8RHHD-B0G1.bin 70402-70591
//odm/lib/android.frameworks.bufferhub@1.0.so 70595-70607
//odm/lib/android.hardware.biometrics.common-V1-ndk.so 70608-70611
//odm/lib/android.hardware.biometrics.common-V2-ndk.so 70612-70615
//odm/lib/android.hardware.biometrics.face-V1-ndk.so 70616-70627
//odm/lib/android.hardware.biometrics.face-V2-ndk.so 70628-70639
//odm/lib/android.hardware.biometrics.fingerprint-V2-ndk.so 70640-70650
//odm/lib/android.hardware.biometrics.fingerprint@2.1.so 70651-70668
//odm/lib/android.hardware.biometrics.fingerprint@2.2.so 70669-70683
//odm/lib/android.hardware.biometrics.fingerprint@2.3.so 70684-70694
//odm/lib/android.hardware.camera.common@1.0.so 70695
//odm/lib/android.hardware.camera.device@1.0.so 70696-70724
//odm/lib/android.hardware.camera.device@3.2.so 70725-70747
//odm/lib/android.hardware.camera.device@3.3.so 70748-70757
//odm/lib/android.hardware.camera.device@3.4.so 70758-70774
//odm/lib/android.hardware.camera.device@3.5.so 70775-70799
//odm/lib/android.hardware.camera.device@3.6.so 70800-70824
//odm/lib/android.hardware.camera.device@3.7.so 70825-70852
//odm/lib/android.hardware.camera.metadata@3.2.so 70853
//odm/lib/android.hardware.camera.metadata@3.3.so 70854
//odm/lib/android.hardware.camera.metadata@3.4.so 70855
//odm/lib/android.hardware.camera.metadata@3.5.so 70856
//odm/lib/android.hardware.camera.metadata@3.6.so 70857
//odm/lib/android.hardware.camera.provider@2.4.so 70858-70874
//odm/lib/android.hardware.camera.provider@2.5.so 70875-70884
//odm/lib/android.hardware.camera.provider@2.6.so 70885-70900
//odm/lib/android.hardware.camera.provider@2.7.so 70901-70912
//odm/lib/android.hardware.graphics.allocator@2.0.so 70913-70921
//odm/lib/android.hardware.graphics.allocator@3.0.so 70922-70930
//odm/lib/android.hardware.graphics.allocator@4.0.so 70931-70938
//odm/lib/android.hardware.media.c2@1.0.so 70939-70999
//odm/lib/android.hardware.nfc@1.0.so 71000-71014
//odm/lib/android.hardware.nfc@1.1.so 71015-71030
//odm/lib/android.hardware.nfc@1.2.so 71031-71041
//odm/lib/android.hardware.secure_element@1.0-impl.so 71042-71046
//odm/lib/android.hardware.secure_element@1.0.so 71047-71062
//odm/lib/android.hardware.secure_element@1.1.so 71063-71076
//odm/lib/android.hardware.secure_element@1.2.so 71077-71086
//odm/lib/c2.dolby.client.so 71087-71095
//odm/lib/c2.dolby.store.so 71096-71101
//odm/lib/camera/com.qti.sensor.imx581.so 71102-71103
//odm/lib/camera/com.qti.sensor.imx709.so 71104-71105
//odm/lib/camera/com.qti.sensor.imx800.so 71106-71107
//odm/lib/camera/com.qti.sensor.imx890.so 71108-71109
//odm/lib/camera/com.qti.sensor.s5k3p9.so 71110
//odm/lib/camera/components/com.oplus.stats.aec.so 71111-71124
//odm/lib/camera/components/com.oplus.stats.af.so 71125-71133
//odm/lib/camera/components/com.oplus.stats.awb.so 71134-71143
//odm/lib/camera/components/com.oplus.stats.pdlib.so 71144-71148
//odm/lib/camera.device@3.2-impl.so 71149-71176
//odm/lib/camera.device@3.3-impl.so 71177-71179
//odm/lib/hw/audio.binaural_record.default.so 71180-71465
//odm/lib/hw/audio.virtual.default.so 71466-71471
//odm/lib/hw/camera.oemlayer.so 71472-71511
//odm/lib/hw/vendor.oplus.hardware.binaural_record-impl.so 71512-71523
//odm/lib/hw/vendor.pixelworks.hardware.display@1.0-impl-1.2-i7.so 71524-71527
//odm/lib/hw/vendor.qti.esepowermanager@1.1-impl.so 71528-71532
//odm/lib/jcos_nq_client.so 71533-71536
//odm/lib/lib-virtual-modem-protos.so 71537-71613
//odm/lib/lib2DSlender.so 71614-73174
//odm/lib/libAlgoInterface.so 73176-74539
//odm/lib/libAlgoProcess.so 74542-75026
//odm/lib/libAncFilter.so 75027-75028
//odm/lib/libAncHumVideoBase.so 75029
//odm/lib/libAncHumanDoubleExposure.so 75030-75032
//odm/lib/libAncHumanRetain.so 75033-75048
//odm/lib/libAncHumanSegFigureFusion.so 75049-75527
//odm/lib/libBokehPre.so 75528-75586
//odm/lib/libCOppLceTonemapAPI.so 75587-75594
//odm/lib/libDeVIS.so 75595-75612
//odm/lib/libEIS.so 75613-75654
//odm/lib/libFaceBeautyCap.so 75655-76030
//odm/lib/libFaceBeautyPre.so 76031-77609
//odm/lib/libGaiaClient_vnd.so 77611-77613
//odm/lib/libOGLManager.so 77614-77618
//odm/lib/libPerfectlyClearCruxOpt.so 77619-77811
//odm/lib/libPlatformValidatorShared.so 77812-78458
//odm/lib/libPreviewDecisionOld.so 78460-80701
//odm/lib/libQnnHtp.so 80705-80829
//odm/lib/libQnnHtpPrepare.so 80830-82257
//odm/lib/libQnnHtpV69Stub.so 82260-82287
//odm/lib/libSNPE.so 82288-83182
//odm/lib/libSchedAssistExtImpl_vendor.so 83184-83188
//odm/lib/libSnpeCpu.so 83189-83477
//odm/lib/libSnpeGpu.so 83478-83720
//odm/lib/libSnpeHtpPrepare.so 83721-85148
//odm/lib/libSnpeHtpV73Stub.so 85151-85178
//odm/lib/libVDBayerHDR.so 85179-85772
//odm/lib/libVDBlurless.so 85775-86468
//odm/lib/libVDExternal.so 86469-86521
//odm/lib/libVDSuperPhotoAPI.so 86522-87055
//odm/lib/libVDUpScale.so 87056-87384
//odm/lib/libVideoEnhance.so 87385-87490
//odm/lib/lib_cryptoeng_api.so 87491
//odm/lib/lib_geofencing.so 87492-87508
//odm/lib/lib_lvacfs.so 87509-87639
//odm/lib/lib_rectify.so 87640-87713
//odm/lib/libaiseg.so 87714-87829
//odm/lib/libalCFR.so 87830-87879
//odm/lib/libancbase_rt_fusion.so 87880-90869
//odm/lib/libapsexif.so 90873-90893
//odm/lib/libapsjpeg.so 90894-90937
//odm/lib/libapspng.so 90938-90967
//odm/lib/libapsultrahdr.so 90968-91002
//odm/lib/libapsyuv.so 91003-91035
//odm/lib/libarcsoft_distortion_correction.so 91036-91344
//odm/lib/libarcsoft_hdr_denoise_api.so 91345-91419
//odm/lib/libarcsoft_high_dynamic_range.so 91420-92234
//odm/lib/libarcsoft_lensstaindetection.so 92236-92640
//odm/lib/libarcsoft_low_light_hdr.so 92641-95025
//odm/lib/libarcsoft_scbokeh_video.so 95028-95046
//odm/lib/libarcsoft_smart_denoise.so 95047-95061
//odm/lib/libavcodec.so 95062-96704
//odm/lib/libavformat.so 96707-96829
//odm/lib/libavutil.so 96830-96907
//odm/lib/libbinaural_record_session_aidl.so 96908-96920
//odm/lib/libc++_shared.so 96921-97350
//odm/lib/libc2ffmpegutils.so 97351-97353
//odm/lib/libc2filterplugin.so 97354-97376
//odm/lib/libcalculator.so 97377-97378
//odm/lib/libcalculator_htp.so 97379
//odm/lib/libchrome.so 97380-97508
//odm/lib/libclstc_fodcolor_csc.so 97509-97514
//odm/lib/libcodec2_ffmpegdec_audio.so 97515-97522
//odm/lib/libcodec2_ffmpegdec_video.so 97523-97531
//odm/lib/libcodec2_hidl@1.0.so 97532-97566
//odm/lib/libcodec2_hidl_plugin.so 97567-97582
//odm/lib/libcodec2_oplus.so 97583-97588
//odm/lib/libcodec2_soft_common.so 97589-97603
//odm/lib/libcommcenterfw.so 97604-97610
//odm/lib/libcommcenterutils.so 97611
//odm/lib/libcustomer_halalgovisual.so 97612-97613
//odm/lib/libcvface_api.so 97614-106271
//odm/lib/libdapparamstorage_sp.so 106277-106279
//odm/lib/libdav1d.so.4 106280-106395
//odm/lib/libdeccfg_sp.so 106396-106400
//odm/lib/libdlbdsservice_sp.so 106401-106444
//odm/lib/libdlbpreg_sp.so 106445-106447
//odm/lib/libdmtp-protos-lite.so 106448-106451
//odm/lib/libdmtp.so 106452-106465
//odm/lib/libdmtpclient.so 106466-106477
//odm/lib/libdpservice.so 106478-106481
//odm/lib/libeffect_custom.so 106482-106721
//odm/lib/libexif-jpeg-aps.so 106722-106744
//odm/lib/libextendfile.so 106745-106816
//odm/lib/libextensionlayer.so 106817-107006
//odm/lib/libffmpeg_omx.so 107007-107013
//odm/lib/libfido2_factory.so 107014
//odm/lib/libfido_factory.so 107015
//odm/lib/libft3683g.so 107016-107025
//odm/lib/libhwconfigurationutil.so 107026-107038
//odm/lib/libhyperlapse.so 107039-107058
//odm/lib/libifaa_factory.so 107059
//odm/lib/libimgClarityEvaluate.so 107061-107806
//odm/lib/liblvacfs_wrapper.so 107809-107811
//odm/lib/libmedia_opluscodecserviceregistrant.so 107812
//odm/lib/libmpbase.so 107814
//odm/lib/libmsnativefilter.so 107815-108992
//odm/lib/libnpu.so 108994-109244
//odm/lib/liboemcrypto.so 109245-109267
//odm/lib/libolc_vnd.so 109268-109269
//odm/lib/liboplus-uah-client.so 109270-109289
//odm/lib/liboplus_service.so 109290-109292
//odm/lib/libormshalclient.so 109293-109294
//odm/lib/libosenseaidlhalclient.so 109295-109298
//odm/lib/libosie_process.so 109299-109314
//odm/lib/libosie_stub.so 109315-109316
//odm/lib/liboutils.so 109317-109322
//odm/lib/libpn553_fw.so 109323-109330
//odm/lib/libpn557_fw.so 109331-109338
//odm/lib/libpngwrapper.so 109339
//odm/lib/libpnscr2.so 109340-109367
//odm/lib/libpnscr2_aidl.so 109368-109395
//odm/lib/libpwirisIoctlWrapper.so 109396
//odm/lib/libpwirisPCS.so 109397-109431
//odm/lib/libpwiriscalibrate.so 109432-109453
//odm/lib/libpwirisfeature.so 109454-109455
//odm/lib/libpwirishalwrapper.so 109456-109470
//odm/lib/libpwirispq.so 109471-109540
//odm/lib/libpwirisservicei7.so 109541-109643
//odm/lib/libpwirissoft.so 109644-109663
//odm/lib/libpwsoftirisPCS.so 109664-109696
//odm/lib/libqsee_keybox_ca.so 109697-109705
//odm/lib/libqsh.utils.so 109706-109713
//odm/lib/libremosaic_wrapper.so 109714-109775
//odm/lib/librfapis.so 109776-109791
//odm/lib/librkp_factory_extraction_tool.so 109792-109846
//odm/lib/librpmbengclient.so 109847
//odm/lib/libsecurity_event_dcs.so 109848-109851
//odm/lib/libsecurity_event_dcs_vnd.so 109852-109854
//odm/lib/libsfplugin_ccodec_utils.so 109855-109894
//odm/lib/libsharebuffer.so 109895
//odm/lib/libsharebuffer_impl.so 109897-109898
//odm/lib/libsn100u_fw.so 109899-109948
//odm/lib/libsn220u_fw.so 109950-109999
//odm/lib/libsnapdragoncolor-pxlw.so 110000-110052
//odm/lib/libsnpe_loader.so 110053-110057
//odm/lib/libspatializerparamstorage.so 110058-110060
//odm/lib/libstdc++.so 110061-110062
//odm/lib/libstface_fd_api.so 110063-118487
//odm/lib/libswresample.so 118494-118506
//odm/lib/libswscale.so 118507-118563
//odm/lib/libtensorflowlite_oplus.so 118564-118916
//odm/lib/libtfa98xx.so 118917-118963
//odm/lib/libthirdcapability.so 118964-118970
//odm/lib/libuahcore.so 118971-119058
//odm/lib/libui.so 119059-119089
//odm/lib/libyuvwrapper.so 119090
//odm/lib/ls_nq_client.so 119091-119096
//odm/lib/nfc_nci.nqx.default.hw.so 119097-119144
//odm/lib/rfsa/adsp/aiboost/libQnnHtpV73Skel.so 119145-119840
//odm/lib/rfsa/adsp/aiboost/libaiboostubwc_skel.so 119842-119855
//odm/lib/rfsa/adsp/capi_v3_oprec.so 119856-119864
//odm/lib/rfsa/adsp/libCalculator_skel.so 119865-119866
//odm/lib/rfsa/adsp/libQnnHtpV73.so 119867-121277
//odm/lib/rfsa/adsp/libQnnHtpV73Skel.so 121280-121975
//odm/lib/rfsa/adsp/libQnnSaver.so 121977-122011
//odm/lib/rfsa/adsp/libSnpeHtpV73Skel.so 122012-122707
//odm/lib/rfsa/adsp/libSuperRawPost_skel.so 122709-122726
//odm/lib/rfsa/adsp/libaisr_skel.so 122727-122738
//odm/lib/rfsa/adsp/libarc_gk_pt_hvx_skel.so 122739-122747
//odm/lib/rfsa/adsp/libarc_htp_driver_skel.so 122748-122751
//odm/lib/rfsa/adsp/libcalculator_skel.so 122752-122753
//odm/lib/rfsa/adsp/libhvxFaceBeautyPre_skel.so 122754-122771
//odm/lib/rfsa/adsp/libktvdrc.so 122772-122774
//odm/lib/rfsa/adsp/libktveffect.so 122775-122806
//odm/lib/rfsa/adsp/libktveq.so 122807-122811
//odm/lib/rfsa/adsp/libktvns.so 122812-122817
//odm/lib/rfsa/adsp/libktvpitchshift.so 122818-122821
//odm/lib/rfsa/adsp/libktvreverb.so 122822-122825
//odm/lib/rfsa/adsp/libktvvolume.so 122826-122827
//odm/lib/rfsa/adsp/libtfadsp_sb4_0_rx.so 122828-122872
//odm/lib/rfsa/adsp/libtfadsp_sb4_0_tx.so 122873-122875
//odm/lib/rfsa/adsp/libvdblurless_5.0.2_skel.so 122876-122932
//odm/lib/rfsa/adsp/libvdsuperphoto_skel.so 122933-122983
//odm/lib/rfsa/adsp/nlc.so 122984-122990
//odm/lib/rfsa/adsp/nlc_bgth.so 122991-122997
//odm/lib/se_nq_extn_client.so 122998-123003
//odm/lib/soundfx/libdlbvol_sp.so 123004-123005
//odm/lib/soundfx/liboplusupmixeffect.so 123006-123008
//odm/lib/soundfx/libswdap_sp.so 123009-123329
//odm/lib/soundfx/libswgamedap_sp.so 123330-123644
//odm/lib/soundfx/libswspatializer.so 123645-123969
//odm/lib/vendor.dolby.dvs@1.0.so 123970-123979
//odm/lib/vendor.dolby_sp.hardware.dmssp@2.0-impl.so 123980-123983
//odm/lib/vendor.dolby_sp.hardware.dmssp@2.0.so 123984-124002
//odm/lib/vendor.nxp.hardware.nfc@1.0.so 124003-124011
//odm/lib/vendor.nxp.hardware.nfc@1.1.so 124012-124021
//odm/lib/vendor.nxp.hardware.nfc@2.0.so 124022-124032
//odm/lib/vendor.oplus.hardware.appradio@1.0.so 124033-124048
//odm/lib/vendor.oplus.hardware.binaural_record-V1-ndk.so 124049-124062
//odm/lib/vendor.oplus.hardware.biometrics.fingerprint@2.1.so 124063-124074
//odm/lib/vendor.oplus.hardware.biometrics.fingerprintpay-V1-ndk.so 124075-124078
//odm/lib/vendor.oplus.hardware.camera_rfi-V1-ndk.so 124079-124082
//odm/lib/vendor.oplus.hardware.camera_rfi-V1-service-impl.so 124083-124086
//odm/lib/vendor.oplus.hardware.cameraextension-V1-service-impl.so 124087-124090
//odm/lib/vendor.oplus.hardware.cammidasservice-V1-ndk.so 124091-124095
//odm/lib/vendor.oplus.hardware.charger-V6-ndk.so 124096-124105
//odm/lib/vendor.oplus.hardware.charger@1.0.so 124106-124130
//odm/lib/vendor.oplus.hardware.commondcs-V1-ndk.so 124131-124134
//odm/lib/vendor.oplus.hardware.communicationcenter-V1-ndk.so 124135-124144
//odm/lib/vendor.oplus.hardware.communicationcenter-V2-ndk.so 124145-124154
//odm/lib/vendor.oplus.hardware.cryptoeng-V1-ndk.so 124155-124157
//odm/lib/vendor.oplus.hardware.cryptoeng@1.0.so 124158-124164
//odm/lib/vendor.oplus.hardware.cwb@1.0.so 124165-124176
//odm/lib/vendor.oplus.hardware.display.MixLut3D-V1-ndk.so 124177-124179
//odm/lib/vendor.oplus.hardware.displaypanelfeature@1.0.so 124180-124186
//odm/lib/vendor.oplus.hardware.engcamera@1.0.so 124187-124197
//odm/lib/vendor.oplus.hardware.engineer-V1-ndk.so 124198-124203
//odm/lib/vendor.oplus.hardware.esim-V1-ndk.so 124204-124207
//odm/lib/vendor.oplus.hardware.extcamera@1.0.so 124208-124217
//odm/lib/vendor.oplus.hardware.felica@1.0-impl.so 124218-124219
//odm/lib/vendor.oplus.hardware.felica@1.0.so 124220-124228
//odm/lib/vendor.oplus.hardware.fido.fido2ca-V1-ndk.so 124229-124231
//odm/lib/vendor.oplus.hardware.fido.fidoca-V1-ndk.so 124232-124234
//odm/lib/vendor.oplus.hardware.gameopt-V1-ndk.so 124235-124239
//odm/lib/vendor.oplus.hardware.handlefactory-V1-ndk.so 124240-124243
//odm/lib/vendor.oplus.hardware.ims@1.0.so 124244-124256
//odm/lib/vendor.oplus.hardware.location_aidl-V1-ndk.so 124257-124264
//odm/lib/vendor.oplus.hardware.misc-V1-ndk.so 124265-124268
//odm/lib/vendor.oplus.hardware.mmdisplayfeature@1.0.so 124269-124275
//odm/lib/vendor.oplus.hardware.nfcExtns-V1-ndk.so 124276-124278
//odm/lib/vendor.oplus.hardware.nfc_aidl-V2-ndk.so 124279-124281
//odm/lib/vendor.oplus.hardware.olc2-V1-ndk.so 124282-124286
//odm/lib/vendor.oplus.hardware.olc2-V2-ndk.so 124287-124291
//odm/lib/vendor.oplus.hardware.oplusSensor-V1-ndk.so 124292-124295
//odm/lib/vendor.oplus.hardware.orms@1.0.so 124296-124302
//odm/lib/vendor.oplus.hardware.ormsHalService-V1-ndk.so 124303-124308
//odm/lib/vendor.oplus.hardware.osense.client-V1-ndk.so 124309-124313
//odm/lib/vendor.oplus.hardware.performance-V1-ndk.so 124314-124328
//odm/lib/vendor.oplus.hardware.performance-V2-ndk.so 124329-124343
//odm/lib/vendor.oplus.hardware.power.powermonitor-V1-ndk.so 124344-124347
//odm/lib/vendor.oplus.hardware.radio@1.0.so 124348-124390
//odm/lib/vendor.oplus.hardware.rpmh-V1-ndk.so 124391-124394
//odm/lib/vendor.oplus.hardware.sendextcamcmd-V1-service-impl.so 124395-124400
//odm/lib/vendor.oplus.hardware.sendextcamcmd-V2-ndk.so 124401-124403
//odm/lib/vendor.oplus.hardware.stability.oplus_project-V2-ndk.so 124404-124408
//odm/lib/vendor.oplus.hardware.subsys-V3-ndk.so 124409-124417
//odm/lib/vendor.oplus.hardware.subsys_radio-V4-ndk.so 124418-124472
//odm/lib/vendor.oplus.hardware.touch-V1-ndk.so 124473-124475
//odm/lib/vendor.oplus.hardware.touch-V2-ndk.so 124476-124480
//odm/lib/vendor.oplus.hardware.transfer-V1-ndk.so 124481-124484
//odm/lib/vendor.oplus.hardware.transmessage@1.0.so 124485-124492
//odm/lib/vendor.oplus.hardware.urcc-V1-ndk.so 124493-124504
//odm/lib/vendor.oplus.hardware.virtual_device.audio-V1-ndk.so 124505-124508
//odm/lib/vendor.oplus.hardware.virtual_device.audio-impl.so 124509-124510
//odm/lib/vendor.oplus.hardware.virtual_device.camera.hal@3.3.so 124511-124523
//odm/lib/vendor.oplus.hardware.virtual_device.camera.manager@1.0-impl.so 124524-124548
//odm/lib/vendor.oplus.hardware.virtual_device.camera.manager@1.0.so 124549-124577
//odm/lib/vendor.oplus.hardware.virtual_device.camera.provider@2.4-impl.so 124578-124596
//odm/lib/vendor.oplus.hardware.virtual_device.camera.provider@2.5-impl.so 124597-124616
//odm/lib/vendor.oplus.hardware.virtual_device.camera.provider@2.6-impl.so 124617-124636
//odm/lib/vendor.oplus.hardware.virtual_device.camera.provider@2.7-impl.so 124637-124656
//odm/lib/vendor.pixelworks.hardware.display@1.0.so 124657-124667
//odm/lib/vendor.pixelworks.hardware.display@1.1.so 124668-124688
//odm/lib/vendor.pixelworks.hardware.display@1.2.so 124689-124704
//odm/lib/vendor.pixelworks.hardware.feature@1.0.so 124705-124711
//odm/lib/vendor.pixelworks.hardware.feature@1.1.so 124712-124717
//odm/lib/vendor.qti.esepowermanager@1.0.so 124718-124727
//odm/lib/vendor.qti.esepowermanager@1.1.so 124728-124737
//odm/lib64/aiboost/libQnnHtp.so 124742-124912
//odm/lib64/aiboost/libQnnHtpPrepare.so 124913-126677
//odm/lib64/aiboost/libQnnHtpV73Stub.so 126681-126721
//odm/lib64/aiboost/libQnnSystem.so 126722-126753
//odm/lib64/android.frameworks.bufferhub@1.0.so 126754-126767
//odm/lib64/android.hardware.biometrics.common-V1-ndk.so 126768-126772
//odm/lib64/android.hardware.biometrics.common-V2-ndk.so 126773-126777
//odm/lib64/android.hardware.biometrics.face-V1-ndk.so 126778-126790
//odm/lib64/android.hardware.biometrics.face-V2-ndk.so 126791-126803
//odm/lib64/android.hardware.biometrics.fingerprint-V2-ndk.so 126804-126815
//odm/lib64/android.hardware.biometrics.fingerprint@2.1.so 126816-126834
//odm/lib64/android.hardware.biometrics.fingerprint@2.2.so 126835-126851
//odm/lib64/android.hardware.biometrics.fingerprint@2.3.so 126852-126863
//odm/lib64/android.hardware.camera.common@1.0.so 126864-126865
//odm/lib64/android.hardware.camera.device@1.0.so 126866-126897
//odm/lib64/android.hardware.camera.device@3.2.so 126898-126924
//odm/lib64/android.hardware.camera.device@3.3.so 126925-126935
//odm/lib64/android.hardware.camera.device@3.4.so 126936-126953
//odm/lib64/android.hardware.camera.device@3.5.so 126954-126981
//odm/lib64/android.hardware.camera.device@3.6.so 126982-127008
//odm/lib64/android.hardware.camera.device@3.7.so 127009-127038
//odm/lib64/android.hardware.camera.metadata@3.2.so 127039
//odm/lib64/android.hardware.camera.metadata@3.3.so 127040
//odm/lib64/android.hardware.camera.metadata@3.4.so 127041
//odm/lib64/android.hardware.camera.metadata@3.5.so 127042
//odm/lib64/android.hardware.camera.metadata@3.6.so 127043
//odm/lib64/android.hardware.camera.provider@2.4.so 127044-127061
//odm/lib64/android.hardware.camera.provider@2.5.so 127062-127072
//odm/lib64/android.hardware.camera.provider@2.6.so 127073-127090
//odm/lib64/android.hardware.camera.provider@2.7.so 127091-127103
//odm/lib64/android.hardware.graphics.allocator@2.0.so 127104-127114
//odm/lib64/android.hardware.graphics.allocator@3.0.so 127115-127125
//odm/lib64/android.hardware.graphics.allocator@4.0.so 127126-127136
//odm/lib64/android.hardware.media.c2@1.0.so 127137-127204
//odm/lib64/android.hardware.nfc@1.0.so 127205-127220
//odm/lib64/android.hardware.nfc@1.1.so 127221-127237
//odm/lib64/android.hardware.nfc@1.2.so 127238-127249
//odm/lib64/android.hardware.secure_element@1.0-impl.so 127250-127255
//odm/lib64/android.hardware.secure_element@1.0.so 127256-127272
//odm/lib64/android.hardware.secure_element@1.1.so 127273-127288
//odm/lib64/android.hardware.secure_element@1.2.so 127289-127299
//odm/lib64/c2.dolby.client.so 127300-127309
//odm/lib64/c2.dolby.hevc.dec.so 127310-127342
//odm/lib64/c2.dolby.hevc.sec.dec.so 127343-127375
//odm/lib64/c2.dolby.store.so 127376-127382
//odm/lib64/camera/com.qti.sensor.imx581.so 127383-127385
//odm/lib64/camera/com.qti.sensor.imx709.so 127386-127387
//odm/lib64/camera/com.qti.sensor.imx800.so 127388-127389
//odm/lib64/camera/com.qti.sensor.imx890.so 127390-127391
//odm/lib64/camera/com.qti.sensor.s5k3p9.so 127392-127393
//odm/lib64/camera/com.qti.sensormodule.qtech_imx581.bin 127394-127403
//odm/lib64/camera/com.qti.sensormodule.qtech_imx709.bin 127404-127427
//odm/lib64/camera/com.qti.sensormodule.qtech_imx890.bin 127428-127452
//odm/lib64/camera/com.qti.sensormodule.sunny_s5k3p9.bin 127453-127470
//odm/lib64/camera/com.qti.tuned.qtech_imx581.bin 127471-127669
//odm/lib64/camera/com.qti.tuned.qtech_imx709.bin 127671-127857
//odm/lib64/camera/com.qti.tuned.qtech_imx890.bin 127858-128214
//odm/lib64/camera/com.qti.tuned.sunny_s5k3p9.bin 128217-128343
//odm/lib64/camera/components/com.oplus.node.preview.so 128344-128364
//odm/lib64/camera/components/com.oplus.node.sstabdefer.so 128365-128423
//odm/lib64/camera/components/com.oplus.node.sstabgme.so 128424-128475
//odm/lib64/camera/components/com.oplus.node.sstabphoto.so 128476-128530
//odm/lib64/camera/components/com.oplus.node.sstabrealt.so 128531-128583
//odm/lib64/camera/components/com.oplus.node.videoenhance.so 128584-128592
//odm/lib64/camera/components/com.oplus.stats.aec.so 128593-128608
//odm/lib64/camera/components/com.oplus.stats.af.so 128609-128619
//odm/lib64/camera/components/com.oplus.stats.awb.so 128620-128631
//odm/lib64/camera/components/com.oplus.stats.pdlib.so 128632-128637
//odm/lib64/camera/libaecCustomParam_Cam0.bin 128638-128654
//odm/lib64/camera/libaecCustomParam_Cam1.bin 128655-128664
//odm/lib64/camera/libaecCustomParam_Cam2.bin 128665-128673
//odm/lib64/camera/libaecCustomParam_Cam3.bin 128674-128683
//odm/lib64/camera/libafCustomParamFrontMain.bin 128684-128686
//odm/lib64/camera/libafCustomParamMain.bin 128687-128691
//odm/lib64/camera/libafCustomParamTele.bin 128692-128694
//odm/lib64/camera/libafCustomParamWide.bin 128695-128698
//odm/lib64/camera.device@3.2-impl.so 128699-128730
//odm/lib64/camera.device@3.3-impl.so 128731-128734
//odm/lib64/hw/audio.binaural_record.default.so 128735-129034
//odm/lib64/hw/audio.virtual.default.so 129035-129041
//odm/lib64/hw/camera.oemlayer.so 129042-129094
//odm/lib64/hw/vendor.oplus.hardware.binaural_record-impl.so 129095-129107
//odm/lib64/hw/vendor.pixelworks.hardware.display@1.0-impl-1.2-i7.so 129108-129111
//odm/lib64/hw/vendor.qti.esepowermanager@1.1-impl.so 129112-129117
//odm/lib64/jcos_nq_client.so 129118-129121
//odm/lib64/lib-virtual-modem-protos.so 129122-129209
//odm/lib64/lib2DSlender.so 129210-130851
//odm/lib64/libAF.so 130853-131005
//odm/lib64/libAlgoInterface.so 131006-132448
//odm/lib64/libAlgoProcess.so 132452-133045
//odm/lib64/libAncFilter.so 133046
//odm/lib64/libAncHumVideoBase.so 133047
//odm/lib64/libAncHumanDoubleExposure.so 133048
//odm/lib64/libAncHumanRetain.so 133049-133064
//odm/lib64/libAncHumanSegFigureFusion.so 133065-133563
//odm/lib64/libAncSegBaseSdk.so 133564-134096
//odm/lib64/libAncSegMultiSdk.so 134098-134792
//odm/lib64/libAncSegmentSdk.so 134794-135140
//odm/lib64/libBokehPre.so 135141-135218
//odm/lib64/libCOppLceTonemapAPI.so 135219-135223
//odm/lib64/libCS.so 135224-135481
//odm/lib64/libCaptureBokeh.so 135482-135633
//odm/lib64/libCipCommon.so 135634-135635
//odm/lib64/libCipParamProcess.so 135636-135680
//odm/lib64/libCipParameter0.so 135681-137143
//odm/lib64/libCipParameter1.so 137162-137933
//odm/lib64/libCipParameter2.so 137945-138946
//odm/lib64/libCipParameter3.so 138960-139959
//odm/lib64/libCipParameter4.so 139973-140135
//odm/lib64/libCipParameter5.so 140138-140226
//odm/lib64/libCipParameter6.so 140229-140439
//odm/lib64/libCipo_awb.so 140446-140551
//odm/lib64/libDeVIS.so 140552-140570
//odm/lib64/libEIS.so 140571-140612
//odm/lib64/libEISLive.so 140613-140730
//odm/lib64/libFDClite.so 140731-142003
//odm/lib64/libFaceBeautyCap.so 142006-142399
//odm/lib64/libFaceBeautyJni.so 142400-142454
//odm/lib64/libFaceBeautyPICap.so 142455-142998
//odm/lib64/libFaceBeautyPre.so 142999-144612
//odm/lib64/libFaceDistortionCorrection.so 144614-145935
//odm/lib64/libFilterWrapper.so 145938
//odm/lib64/libGaiaClient_vnd.so 145939-145942
//odm/lib64/libHIS.so 145943-146079
//odm/lib64/libImageWarpMask.so 146080-146165
//odm/lib64/libOGLManager.so 146166-146170
//odm/lib64/libOPAlgoCamAIBeautyBodyDetection.so 146171-146216
//odm/lib64/libOPAlgoCamAiBeautyEyeRetouchCn.so 146217-146489
//odm/lib64/libOPAlgoCamAiBeautyFaceRetouchCn.so 146490-146663
//odm/lib64/libOPAlgoCamAiUnifySkin.so 146664-146834
//odm/lib64/libOPAlgoCamFaceBeautyCap.so 146835-147492
//odm/lib64/libOPAlgoCamSinglePortrait.so 147493-147779
//odm/lib64/libOPLUS_SCPortrait.so 147780-150919
//odm/lib64/libOplusPDCore.so 150922-150939
//odm/lib64/libOplusSecurity.so 150940-150941
//odm/lib64/libPerfectColor.so 150942-151008
//odm/lib64/libPerfectlyClearCruxOpt.so 151009-151207
//odm/lib64/libPlatformValidatorShared.so 151208-151307
//odm/lib64/libPolarrRender.so 151308-152537
//odm/lib64/libPreviewDecisionOld.so 152540-155048
//odm/lib64/libQnnCpu.so 155053-155600
//odm/lib64/libQnnGpu.so 155601-156049
//odm/lib64/libQnnHtp.so 156050-156222
//odm/lib64/libQnnHtpPrepare.so 156223-157987
//odm/lib64/libQnnHtpV73CalculatorStub.so 157991
//odm/lib64/libQnnHtpV73Stub.so 157992-158032
//odm/lib64/libQnnSaver.so 158033-158150
//odm/lib64/libRedeyeReduce.so 158151-158177
//odm/lib64/libSNPE.so 158178-159342
//odm/lib64/libSchedAssistExtImpl_vendor.so 159345-159350
//odm/lib64/libSnpeCpu.so 159351-159761
//odm/lib64/libSnpeGpu.so 159762-160129
//odm/lib64/libSnpeHtpPrepare.so 160130-161891
//odm/lib64/libSnpeHtpV73Stub.so 161895-161935
//odm/lib64/libSuperRaw.so 161936-161990
//odm/lib64/libSuperTextWrapper.so 161991-162009
//odm/lib64/libSwYokinScale.so 162010
//odm/lib64/libVDBayerHDR.so 162011-162088
//odm/lib64/libVDBlurless.so 162089-162859
//odm/lib64/libVDExternal.so 162860-162920
//odm/lib64/libVDPostureDetection.so 162921-162996
//odm/lib64/libVDSuperPhotoAPI.so 162997-163554
//odm/lib64/libVDUpScale.so 163555-163865
//odm/lib64/libVideoEnhance.so 163866-164001
//odm/lib64/libWaterMark.so 164002-164044
//odm/lib64/libXDocProcessSDK.so 164045-164812
//odm/lib64/libYTCommon.so 164813-164904
//odm/lib64/lib_cryptoeng_api.so 164905
//odm/lib64/lib_geofencing.so 164906-164924
//odm/lib64/lib_lvacfs.so 164925-165156
//odm/lib64/lib_rectify.so 165157-165180
//odm/lib64/libaecCustom.so 165181-165259
//odm/lib64/libaecCustomParamParser.so 165260-165315
//odm/lib64/libafCustomParamParser.so 165316-165375
//odm/lib64/libaiboost_qnn_sr.so 165376-166774
//odm/lib64/libaiboost_sr.so 166777-166803
//odm/lib64/libaiboost_te.so 166804-167878
//odm/lib64/libaiboost_ubwc.so 167881-167882
//odm/lib64/libaideblur.so 167883-170869
//odm/lib64/libaisal.so 170872-171087
//odm/lib64/libaisd.so 171088-172307
//odm/lib64/libaiseg.so 172310-172448
//odm/lib64/libaisr.so 172449-173530
//odm/lib64/libalCFR.so 173531-173575
//odm/lib64/libancbase_rt_fusion.so 173576-176973
//odm/lib64/libancbase_segbase.so 176978-179606
//odm/lib64/libancbase_segment.so 179610-183340
//odm/lib64/libancbase_segmulti.so 183346-187078
//odm/lib64/libapsexif.so 187084-187097
//odm/lib64/libapsjpeg.so 187098-187141
//odm/lib64/libapspng.so 187142-187175
//odm/lib64/libapsultrahdr.so 187176-187220
//odm/lib64/libapsyuv.so 187221-187267
//odm/lib64/libarcsoft_distortion_correction.so 187268-187592
//odm/lib64/libarcsoft_dual_sat.so 187593-187615
//odm/lib64/libarcsoft_dual_zoomtranslator.so 187616-187628
//odm/lib64/libarcsoft_dualcam_bokeh_api.so 187629-187654
//odm/lib64/libarcsoft_dualcam_refocus_left.so 187655-196681
//odm/lib64/libarcsoft_dualcam_refocus_preview.so 196688-196764
//odm/lib64/libarcsoft_dualcam_refocus_uw.so 196765-205791
//odm/lib64/libarcsoft_eis_wrapper.so 205798-205820
//odm/lib64/libarcsoft_hdr_denoise_api.so 205821-205923
//odm/lib64/libarcsoft_high_dynamic_range.so 205924-206568
//odm/lib64/libarcsoft_high_dynamic_range_couple_v4.so 206569-208585
//odm/lib64/libarcsoft_high_dynamic_range_v4.so 208588-209480
//odm/lib64/libarcsoft_lensstaindetection.so 209483-210486
//odm/lib64/libarcsoft_long_exposure_capture.so 210489-212640
//odm/lib64/libarcsoft_long_exposure_preview.so 212643-214704
//odm/lib64/libarcsoft_low_light_hdr.so 214707-216093
//odm/lib64/libarcsoft_mcxmflpolicy.so 216097-216103
//odm/lib64/libarcsoft_merge_hdr_denoise_api.so 216104-216308
//odm/lib64/libarcsoft_preview_antibanding.so 216309-216351
//odm/lib64/libarcsoft_qnnhtp.so 216352-216357
//odm/lib64/libarcsoft_scbokeh_video.so 216358
//odm/lib64/libarcsoft_smart_denoise.so 216359-216375
//odm/lib64/libarcsoft_smart_denoise_v4.so 216376-216392
//odm/lib64/libarcsoft_triple_sat.so 216393-216417
//odm/lib64/libarcsoft_triple_zoomtranslator.so 216418-216430
//odm/lib64/libarcsoft_turbo_fusion_raw_grf.so 216431-216451
//odm/lib64/libarcsoft_turbo_fusion_raw_portrait_super_night.so 216452-224202
//odm/lib64/libarcsoft_turbo_fusion_raw_super_night.so 224208-234637
//odm/lib64/libarcsoft_turbo_hdr_raw.so 234645-247936
//odm/lib64/libarcsoft_turbo_hdr_raw_front.so 247946-260365
//odm/lib64/libarcsoft_turbo_raw.so 260374-260396
//odm/lib64/libarcsoft_ultra_high_dynamic_range.so 260397-262499
//odm/lib64/libarcsoft_videoautozoom.so 262502-263481
//odm/lib64/libavcodec.so 263482-265011
//odm/lib64/libavformat.so 265014-265128
//odm/lib64/libavutil.so 265129-265197
//odm/lib64/libbinaural_record_session_aidl.so 265198-265212
//odm/lib64/libc++_shared.so 265213-265723
//odm/lib64/libc2ffmpegutils.so 265724-265726
//odm/lib64/libc2filterplugin.so 265727-265753
//odm/lib64/libcalculator.so 265754-265755
//odm/lib64/libcalculator_htp.so 265756
//odm/lib64/libchrome.so 265757-265906
//odm/lib64/libclstc_fodcolor_csc.so 265907-265912
//odm/lib64/libcodec2_ffmpegdec_audio.so 265913-265920
//odm/lib64/libcodec2_ffmpegdec_video.so 265921-265930
//odm/lib64/libcodec2_hidl@1.0.so 265931-265969
//odm/lib64/libcodec2_hidl_plugin.so 265970-265987
//odm/lib64/libcodec2_oplus.so 265988-265994
//odm/lib64/libcodec2_soft_ac4dec_sp.so 265995-266417
//odm/lib64/libcodec2_soft_common.so 266418-266435
//odm/lib64/libcodec2_soft_ddpdec_sp.so 266436-266854
//odm/lib64/libcodec2_store_dolby_sp.so 266855-266861
//odm/lib64/libcommcenterfw.so 266862-266869
//odm/lib64/libcommcenterutils.so 266870
//odm/lib64/libcreatebin.so 266871-266903
//odm/lib64/libcustomer_halalgovisual.so 266904-266905
//odm/lib64/libcvface_api.so 266906-277348
//odm/lib64/libdapparamstorage_sp.so 277355-277357
//odm/lib64/libdav1d.so.4 277358-277472
//odm/lib64/libdeccfg_sp.so 277473-277478
//odm/lib64/libdisplayhidlapis.so 277479-277480
//odm/lib64/libdlbdsservice_sp.so 277481-277530
//odm/lib64/libdlbpreg_sp.so 277531-277533
//odm/lib64/libdlrmsc.so 277534-283675
//odm/lib64/libdmtp-protos-lite.so 283680-283683
//odm/lib64/libdmtp.so 283684-283700
//odm/lib64/libdmtpclient.so 283701-283715
//odm/lib64/libdolbydecoderprocessor.so 283716-283734
//odm/lib64/libdolbyeglcore.so 283735-283741
//odm/lib64/libdolbyottcameracontrol.so 283742-284004
//odm/lib64/libdpservice.so 284005-284008
//odm/lib64/libdualcam_optical_zoom_control.so 284009-284037
//odm/lib64/libdualcam_video_optical_zoom.so 284038-284183
//odm/lib64/libeffect_custom.so 284184-284444
//odm/lib64/libexif-jpeg-aps.so 284445-284467
//odm/lib64/libextendfile.so 284468-284562
//odm/lib64/libextensionlayer.so 284563-284800
//odm/lib64/libfido2_factory.so 284801
//odm/lib64/libfido_factory.so 284802
//odm/lib64/libft3683g.so 284803-284813
//odm/lib64/libhwconfigurationutil.so 284814-284829
//odm/lib64/libhyperlapse.so 284830-284857
//odm/lib64/libiceainr.so 284858-285280
//odm/lib64/libifaa_factory.so 285281-285282
//odm/lib64/libimgClarityEvaluate.so 285283-285870
//odm/lib64/liblvacfs_wrapper.so 285873-285875
//odm/lib64/libmedia_opluscodecserviceregistrant.so 285876-285877
//odm/lib64/libmindroid-app.so 285878-285879
//odm/lib64/libmindroid-framework.so 285880-286045
//odm/lib64/libml_util.so 286046-286076
//odm/lib64/libmpbase.so 286077
//odm/lib64/libmsnativefilter.so 286078-287390
//odm/lib64/libnpu.so 287391-287769
//odm/lib64/liboemcrypto.so 287770-287794
//odm/lib64/libolc_vnd.so 287795-287796
//odm/lib64/liboplus-uah-client.so 287797-287819
//odm/lib64/liboplus_service.so 287820-287822
//odm/lib64/liboplusblur_capture_api.so 287823-288749
//odm/lib64/liboptical_zoom_dc.so 288751-288800
//odm/lib64/liboptical_zoom_vs.so 288801-288841
//odm/lib64/libormshalclient.so 288842-288844
//odm/lib64/libosenseaidlhalclient.so 288845-288849
//odm/lib64/libosie_process.so 288850-288867
//odm/lib64/libosie_stub.so 288868-288869
//odm/lib64/liboutils.so 288870-288876
//odm/lib64/libpngwrapper.so 288877-288878
//odm/lib64/libpnscr2.so 288879-288904
//odm/lib64/libpnscr2_aidl.so 288905-288930
//odm/lib64/libportrait_repair_ppl3_ocl.so 288931-292233
//odm/lib64/libpwirisIoctlWrapper.so 292237
//odm/lib64/libpwirisPCS.so 292238-292284
//odm/lib64/libpwiriscalibrate.so 292285-292307
//odm/lib64/libpwirisfeature.so 292308-292310
//odm/lib64/libpwirishalwrapper.so 292311-292327
//odm/lib64/libpwirispq.so 292328-292397
//odm/lib64/libpwirisservicei7.so 292398-292518
//odm/lib64/libpwirissoft.so 292519-292539
//odm/lib64/libpwsoftirisPCS.so 292540-292583
//odm/lib64/libqsee_keybox_ca.so 292584-292594
//odm/lib64/libqsh.utils.so 292595-292603
//odm/lib64/libqti-radio-service.so 292604-292715
//odm/lib64/libqti-subsys-service.so 292716-292727
//odm/lib64/libradio-service.so 292728-292849
//odm/lib64/libradioapis.so 292850-292894
//odm/lib64/libremosaic_wrapper.so 292895-292976
//odm/lib64/libremosaiclib_s5k3p9.so 292977-293186
//odm/lib64/libremosaiclib_s5kjn1.so 293187-293583
//odm/lib64/librfapis.so 293585-293601
//odm/lib64/librkp_factory_extraction_tool.so 293602-293667
//odm/lib64/librmsclib1.so 293668-294656
//odm/lib64/librpmbengclient.so 294658
//odm/lib64/libsaveshaderbin.so 294659-294702
//odm/lib64/libsdk_sr.so 294703-298121
//odm/lib64/libsecurity_event_dcs.so 298126-298130
//odm/lib64/libsecurity_event_dcs_vnd.so 298131-298134
//odm/lib64/libsfplugin_ccodec_utils.so 298135-298181
//odm/lib64/libsharebuffer.so 298182-298183
//odm/lib64/libsharebuffer_impl.so 298184-298185
//odm/lib64/libsnapdragoncolor-pxlw.so 298186-298243
//odm/lib64/libsnpe_loader.so 298244-298278
//odm/lib64/libsnpeml.so 298279-298361
//odm/lib64/libspatializerparamstorage.so 298362-298364
//odm/lib64/libssd_det.so 298365-300274
//odm/lib64/libstdc++.so 300277-300278
//odm/lib64/libstface_fd_api.so 300279-309002
//odm/lib64/libstfaceunlockocl.so 309010-317621
//odm/lib64/libstfd_mobile_api.so 317630-321934
//odm/lib64/libsubsys-service.so 321940-321955
//odm/lib64/libsubsys-utils.so 321956-321958
//odm/lib64/libswresample.so 321959-321970
//odm/lib64/libswscale.so 321971-322025
//odm/lib64/libtensorflowlite_oplus.so 322026-322378
//odm/lib64/libtfa98xx.so 322379-322429
//odm/lib64/libthirdcapability.so 322430-322438
//odm/lib64/libtriplecam_optical_zoom_control.so 322439-322470
//odm/lib64/libtriplecam_video_optical_zoom.so 322471-322619
//odm/lib64/libuahcore.so 322620-322719
//odm/lib64/libui.so 322720-322753
//odm/lib64/liburcccore.so 322754-322834
//odm/lib64/libwatermark_photo.so 322835-322927
//odm/lib64/libwrapper_te.so 322928-323066
//odm/lib64/libyuv2.so 323067-323105
//odm/lib64/libyuvwrapper.so 323106
//odm/lib64/ls_nq_client.so 323107-323113
//odm/lib64/nfc_nci.nqx.default.hw.so 323114-323165
//odm/lib64/se_nq_extn_client.so 323166-323171
//odm/lib64/soundfx/libdlbvol_sp.so 323172-323173
//odm/lib64/soundfx/liboplusupmixeffect.so 323174-323176
//odm/lib64/soundfx/libswdap_sp.so 323177-323508
//odm/lib64/soundfx/libswgamedap_sp.so 323509-323836
//odm/lib64/soundfx/libswspatializer.so 323837-324172
//odm/lib64/sr_models.bin 324173-339408
//odm/lib64/vendor.dolby.dvs@1.0.so 339418-339428
//odm/lib64/vendor.dolby_sp.hardware.dmssp@2.0-impl.so 339429-339433
//odm/lib64/vendor.dolby_sp.hardware.dmssp@2.0.so 339434-339455
//odm/lib64/vendor.nxp.hardware.nfc@1.0.so 339456-339465
//odm/lib64/vendor.nxp.hardware.nfc@1.1.so 339466-339477
//odm/lib64/vendor.nxp.hardware.nfc@2.0.so 339478-339489
//odm/lib64/vendor.oplus.hardware.appradio@1.0.so 339490-339507
//odm/lib64/vendor.oplus.hardware.binaural_record-V1-ndk.so 339508-339523
//odm/lib64/vendor.oplus.hardware.biometrics.fingerprint@2.1.so 339524-339537
//odm/lib64/vendor.oplus.hardware.biometrics.fingerprintpay-V1-ndk.so 339538-339541
//odm/lib64/vendor.oplus.hardware.camera_rfi-V1-ndk.so 339542-339545
//odm/lib64/vendor.oplus.hardware.camera_rfi-V1-service-impl.so 339546-339550
//odm/lib64/vendor.oplus.hardware.cameraextension-V1-service-impl.so 339551-339555
//odm/lib64/vendor.oplus.hardware.cammidasservice-V1-ndk.so 339556-339561
//odm/lib64/vendor.oplus.hardware.charger-V6-ndk.so 339562-339572
//odm/lib64/vendor.oplus.hardware.charger@1.0.so 339573-339599
//odm/lib64/vendor.oplus.hardware.commondcs-V1-ndk.so 339600-339603
//odm/lib64/vendor.oplus.hardware.communicationcenter-V1-ndk.so 339604-339614
//odm/lib64/vendor.oplus.hardware.communicationcenter-V2-ndk.so 339615-339626
//odm/lib64/vendor.oplus.hardware.cryptoeng-V1-ndk.so 339627-339630
//odm/lib64/vendor.oplus.hardware.cryptoeng@1.0.so 339631-339638
//odm/lib64/vendor.oplus.hardware.cwb@1.0.so 339639-339652
//odm/lib64/vendor.oplus.hardware.display.MixLut3D-V1-ndk.so 339653-339656
//odm/lib64/vendor.oplus.hardware.displaypanelfeature@1.0.so 339657-339664
//odm/lib64/vendor.oplus.hardware.engcamera@1.0.so 339665-339677
//odm/lib64/vendor.oplus.hardware.engineer-V1-ndk.so 339678-339684
//odm/lib64/vendor.oplus.hardware.esim-V1-ndk.so 339685-339688
//odm/lib64/vendor.oplus.hardware.extcamera@1.0.so 339689-339700
//odm/lib64/vendor.oplus.hardware.felica@1.0-impl.so 339701-339702
//odm/lib64/vendor.oplus.hardware.felica@1.0.so 339703-339711
//odm/lib64/vendor.oplus.hardware.fido.fido2ca-V1-ndk.so 339713-339716
//odm/lib64/vendor.oplus.hardware.fido.fidoca-V1-ndk.so 339717-339720
//odm/lib64/vendor.oplus.hardware.gameopt-V1-ndk.so 339721-339725
//odm/lib64/vendor.oplus.hardware.handlefactory-V1-ndk.so 339726-339729
//odm/lib64/vendor.oplus.hardware.ims@1.0.so 339730-339743
//odm/lib64/vendor.oplus.hardware.location_aidl-V1-ndk.so 339744-339752
//odm/lib64/vendor.oplus.hardware.misc-V1-ndk.so 339753-339756
//odm/lib64/vendor.oplus.hardware.mmdisplayfeature@1.0.so 339757-339764
//odm/lib64/vendor.oplus.hardware.nfcExtns-V1-ndk.so 339765-339768
//odm/lib64/vendor.oplus.hardware.nfc_aidl-V2-ndk.so 339769-339772
//odm/lib64/vendor.oplus.hardware.olc2-V1-ndk.so 339773-339777
//odm/lib64/vendor.oplus.hardware.olc2-V2-ndk.so 339778-339783
//odm/lib64/vendor.oplus.hardware.oplusSensor-V1-ndk.so 339784-339787
//odm/lib64/vendor.oplus.hardware.orms@1.0.so 339788-339796
//odm/lib64/vendor.oplus.hardware.ormsHalService-V1-ndk.so 339797-339803
//odm/lib64/vendor.oplus.hardware.osense.client-V1-ndk.so 339804-339808
//odm/lib64/vendor.oplus.hardware.performance-V1-ndk.so 339809-339824
//odm/lib64/vendor.oplus.hardware.performance-V2-ndk.so 339825-339840
//odm/lib64/vendor.oplus.hardware.power.powermonitor-V1-ndk.so 339841-339844
//odm/lib64/vendor.oplus.hardware.radio@1.0.so 339845-339892
//odm/lib64/vendor.oplus.hardware.rpmh-V1-ndk.so 339893-339896
//odm/lib64/vendor.oplus.hardware.sendextcamcmd-V1-service-impl.so 339897-339903
//odm/lib64/vendor.oplus.hardware.sendextcamcmd-V2-ndk.so 339904-339907
//odm/lib64/vendor.oplus.hardware.stability.oplus_project-V2-ndk.so 339908-339913
//odm/lib64/vendor.oplus.hardware.subsys-V3-ndk.so 339914-339922
//odm/lib64/vendor.oplus.hardware.subsys_radio-V4-ndk.so 339923-339981
//odm/lib64/vendor.oplus.hardware.touch-V1-ndk.so 339983-339986
//odm/lib64/vendor.oplus.hardware.touch-V2-ndk.so 339987-339992
//odm/lib64/vendor.oplus.hardware.transfer-V1-ndk.so 339993-339996
//odm/lib64/vendor.oplus.hardware.transmessage@1.0.so 339997-340005
//odm/lib64/vendor.oplus.hardware.urcc-V1-ndk.so 340006-340018
//odm/lib64/vendor.oplus.hardware.virtual_device.audio-V1-ndk.so 340019-340022
//odm/lib64/vendor.oplus.hardware.virtual_device.audio-impl.so 340023-340025
//odm/lib64/vendor.oplus.hardware.virtual_device.camera.hal@3.3.so 340026-340040
//odm/lib64/vendor.oplus.hardware.virtual_device.camera.manager@1.0-impl.so 340041-340067
//odm/lib64/vendor.oplus.hardware.virtual_device.camera.manager@1.0.so 340068-340099
//odm/lib64/vendor.oplus.hardware.virtual_device.camera.provider@2.4-impl.so 340100-340122
//odm/lib64/vendor.oplus.hardware.virtual_device.camera.provider@2.5-impl.so 340123-340145
//odm/lib64/vendor.oplus.hardware.virtual_device.camera.provider@2.6-impl.so 340146-340168
//odm/lib64/vendor.oplus.hardware.virtual_device.camera.provider@2.7-impl.so 340169-340192
//odm/lib64/vendor.pixelworks.hardware.display@1.0.so 340193-340205
//odm/lib64/vendor.pixelworks.hardware.display@1.1.so 340206-340228
//odm/lib64/vendor.pixelworks.hardware.display@1.2.so 340229-340245
//odm/lib64/vendor.pixelworks.hardware.feature@1.0.so 340246-340253
//odm/lib64/vendor.pixelworks.hardware.feature@1.1.so 340254-340260
//odm/lib64/vendor.qti.esepowermanager@1.0.so 340261-340271
//odm/lib64/vendor.qti.esepowermanager@1.1.so 340272-340282
//odm/overlay/android_framework_res_overlay.display.product.22861.apk 340283-340284
//odm/overlay/framework_res_overlay.network.22861.apk 340285-340286
//odm/overlay/oplus_framework_res_overlay.display.product.22861.apk 340288-340291
//odm/vendor/etc/wifi/WCNSS_qcom_cfg.ini 340292-340293
//odm/vendor/etc/wifi/WCNSS_qcom_cfg_cmcc.ini 340294-340296
//odm/vendor/etc/wifi/WCNSS_qcom_cfg_roam.ini 340297-340299
//odm/vendor/firmware/alipay.b01 340300-340308
//odm/vendor/firmware/alipay.b06 340310-340311
//odm/vendor/firmware/alipay.b08 340313
//odm/vendor/firmware/alipay.mdt 340314
//odm/vendor/firmware/cryptoeng.b01 340315-340413
//odm/vendor/firmware/cryptoeng.b03 340414-340415
//odm/vendor/firmware/cryptoeng.b04 340416-340420
//odm/vendor/firmware/cryptoeng.b06 340421-340432
//odm/vendor/firmware/cryptoeng.b07 340433-340434
//odm/vendor/firmware/cryptoeng.b08 340435
//odm/vendor/firmware/cryptoeng.mdt 340436
//odm/vendor/firmware/facereg.b01 340437-340446
//odm/vendor/firmware/facereg.b04 340448
//odm/vendor/firmware/facereg.b06 340449-340450
//odm/vendor/firmware/facereg.b08 340451
//odm/vendor/firmware/facereg.mdt 340452
//odm/vendor/firmware/fidoctap.b01 340453-340501
//odm/vendor/firmware/fidoctap.b04 340503
//odm/vendor/firmware/fidoctap.b06 340504-340508
//odm/vendor/firmware/fidoctap.b08 340509
//odm/vendor/firmware/fidoctap.mdt 340510
//odm/vendor/firmware/fidotap.b01 340512-340534
//odm/vendor/firmware/fidotap.b04 340535
//odm/vendor/firmware/fidotap.b06 340536-340538
//odm/vendor/firmware/fidotap.b08 340540
//odm/vendor/firmware/fidotap.mdt 340541
//odm/vendor/firmware/uff_gx.b01 340542-342128
//odm/vendor/firmware/uff_gx.b04 342131-342648
//odm/vendor/firmware/uff_gx.b06 342649-342687
//odm/vendor/firmware/uff_gx.b08 342689
//odm/vendor/firmware/uff_gx.mdt 342690
//odm/vendor/firmware/uff_spi.b01 342691-342699
//odm/vendor/firmware/uff_spi.b04 342701
//odm/vendor/firmware/uff_spi.b06 342702-342703
//odm/vendor/firmware/uff_spi.b08 342704
//odm/vendor/firmware/uff_spi.mdt 342705
