/product/bin/init.oplus.nandswap.sh 1-2
/product/bin/nandswap_tool 3-5
/product/bin/qvirtmgr 6-10
/product/etc/NOTICE.xml.gz 11-43
/product/etc/aconfig_flags.pb 44-65
/product/etc/apns-conf.xml 66-104
/product/etc/build_flags.json 105-106
/product/framework/ims-ext-common.jar 107-125
/product/framework/qti-telephony-hidl-wrapper-prd.jar 126-129
/product/framework/uimgbalibrary.jar 130-131
/product/framework/uimgbamanagerlibrary.jar 132
/product/framework/uimremoteclientlibrary.jar 133-134
/product/framework/uimremoteserverlibrary.jar 135-136
/product/framework/uimservicelibrary.jar 137-148
/product/lib/libandroid_logger.dylib.so 149-155
/product/lib/libanyhow.dylib.so 156-163
/product/lib/libbase.so 164-187
/product/lib/libbinder_ndk_sys.dylib.so 188
/product/lib/libbinder_rs.dylib.so 189-200
/product/lib/libbitflags.dylib.so 201
/product/lib/libc++.so 202-292
/product/lib/libcutils.so 293-327
/product/lib/libenv_logger.dylib.so 328-340
/product/lib/libhidlbase.so 341-402
/product/lib/libjni_aidl_service.so 403
/product/lib/libjni_filtershow_filters.so 404-410
/product/lib/libjni_jpegstream.so 411-473
/product/lib/libjni_jpegutil.so 474-510
/product/lib/libjni_latinime.so 511-610
/product/lib/libjni_tinyplanet.so 611
/product/lib/liblibc.dylib.so 612-615
/product/lib/liblog_rust.dylib.so 616-623
/product/lib/liblogger.dylib.so 624-625
/product/lib/libnix.dylib.so 626-653
/product/lib/libonce_cell.dylib.so 654
/product/lib/librustutils.dylib.so 655-663
/product/lib/libryu.dylib.so 664-674
/product/lib/libserde.dylib.so 675-683
/product/lib/libserde_json.dylib.so 684-700
/product/lib/libstd.dylib.so 701-800
/product/lib/libutils.so 801-813
/product/lib/libvendor_qti_qvirt_V1.dylib.so 814-824
/product/lib/vendor.qti.hardware.radio.internal.deviceinfo@1.0.so 825-843
/product/lib/vendor.qti.hardware.radio.qcrilhook@1.0.so 844-861
/product/lib/vendor.qti.qvirt-V1-ndk.so 862-868
/product/lib64/libandroid_log_sys.dylib.so 869
/product/lib64/libandroid_logger.dylib.so 870-872
/product/lib64/libanyhow.dylib.so 873-876
/product/lib64/libbase.so 877-902
/product/lib64/libbinder_ndk_sys.dylib.so 903
/product/lib64/libbinder_rs.dylib.so 904-911
/product/lib64/libbitflags.dylib.so 912
/product/lib64/libc++.so 913-1021
/product/lib64/libcfg_if.dylib.so 1022
/product/lib64/libcutils.so 1023-1062
/product/lib64/libdowncast_rs.dylib.so 1063
/product/lib64/libenv_logger.dylib.so 1064-1072
/product/lib64/libhidlbase.so 1073-1144
/product/lib64/libitoa.dylib.so 1145
/product/lib64/libjni_aidl_service.so 1146
/product/lib64/libjni_eglfence.so 1147
/product/lib64/libjni_filtershow_filters.so 1148-1153
/product/lib64/libjni_jpegstream.so 1154-1216
/product/lib64/libjni_jpegutil.so 1217-1256
/product/lib64/libjni_latinime.so 1257-1373
/product/lib64/libjni_tinyplanet.so 1374
/product/lib64/libjsoncpp.so 1375-1398
/product/lib64/liblibc.dylib.so 1399-1402
/product/lib64/liblog_rust.dylib.so 1403-1405
/product/lib64/liblogger.dylib.so 1406-1407
/product/lib64/libmemoffset.dylib.so 1408
/product/lib64/libnix.dylib.so 1409-1436
/product/lib64/libonce_cell.dylib.so 1437
/product/lib64/librustutils.dylib.so 1438-1442
/product/lib64/libryu.dylib.so 1443-1447
/product/lib64/libserde.dylib.so 1448-1451
/product/lib64/libserde_json.dylib.so 1452-1465
/product/lib64/libstatic_assertions.dylib.so 1466
/product/lib64/libstd.dylib.so 1467-1574
/product/lib64/libsystem_properties_bindgen_sys.dylib.so 1575
/product/lib64/libthiserror.dylib.so 1576
/product/lib64/libutils.so 1577-1593
/product/lib64/libvendor_qti_qvirt_V1.dylib.so 1594-1600
/product/lib64/vendor.qti.hardware.radio.qcrilhook@1.0.so 1601-1620
/product/lib64/vendor.qti.qvirt-V1-ndk.so 1621-1628
/product/overlay/CaptivePortalLoginFrameworkOverlay.apk 1629-1630
/product/overlay/CarrierConfigResCommon_Sys.apk 1631-1638
/product/overlay/CellBroadcastReceiverResCommon_Sys.apk 1639-1640
/product/overlay/CompanionDeviceManager__nosdcard__auto_generated_characteristics_rro.apk 1641
/product/overlay/FrameworksResCommon_Sys.apk 1642-1644
/product/overlay/GoogleDocumentsUIOverlay.apk 1645-1646
/product/overlay/GoogleExtServicesConfigOverlay.apk 1647-1648
/product/overlay/GoogleHealthFitnessFrameworkOverlay.apk 1649-1650
/product/overlay/GooglePermissionControllerFrameworkOverlay.apk 1651-1652
/product/overlay/GooglePermissionControllerOverlay.apk 1653-1654
/product/overlay/ModuleMetadataGoogleOverlay.apk 1655-1656
/product/overlay/OplusCarrierConfig.apk 1657-1693
/product/overlay/SettingsResCommon_Sys.apk 1694-1695
/product/overlay/SystemUIResCommon_Sys.apk 1696-1697
/product/overlay/TelecommResCommon_Sys.apk 1698-1699
/product/overlay/TelephonyResCommon_Sys.apk 1700-1701
/product/overlay/WifiResCommonMainline_Sys.apk 1702-1703
/product/overlay/WifiResCommon_Sys.apk 1704-1705
/product/overlay/framework-res__nosdcard__auto_generated_characteristics_rro.apk 1706-1773
/product/app/DeviceStatisticsService/DeviceStatisticsService.apk 1774-1784
/product/app/com.google.android.modulemetadata/com.google.android.modulemetadata.apk 1785-1789
/product/app/com.google.mainline.adservices/com.google.mainline.adservices.apk 1790-1792
/product/app/com.google.mainline.telemetry/com.google.mainline.telemetry.apk 1793-1795
/product/app/datastatusnotification/datastatusnotification.apk 1796-1800
/product/app/uimgbaservice/uimgbaservice.apk 1801-1804
/product/app/uimremoteclient/uimremoteclient.apk 1805-1822
/product/app/uimremoteserver/uimremoteserver.apk 1823-1838
/product/etc/init/init.oplus.nandswap.rc 1839
/product/etc/permissions/privapp-permissions-oplus.xml 1840-1841
/product/etc/selinux/product_sepolicy.cil 1842-1844
/product/etc/selinux/product_sepolicy_debug.cil 1845-1847
/product/etc/sysconfig/google.xml 1848
/product/etc/sysconfig/preinstalled-packages-platform-overlays.xml 1849
/product/overlay/DisplayCutoutEmulationCorner/DisplayCutoutEmulationCornerOverlay.apk 1850-1851
/product/overlay/DisplayCutoutEmulationDouble/DisplayCutoutEmulationDoubleOverlay.apk 1852-1853
/product/overlay/DisplayCutoutEmulationHole/DisplayCutoutEmulationHoleOverlay.apk 1854-1855
/product/overlay/DisplayCutoutEmulationTall/DisplayCutoutEmulationTallOverlay.apk 1856-1857
/product/overlay/DisplayCutoutEmulationWaterfall/DisplayCutoutEmulationWaterfallOverlay.apk 1858-1859
/product/overlay/FontNotoSerifSource/FontNotoSerifSourceOverlay.apk 1860-1861
/product/overlay/NavigationBarMode3Button/NavigationBarMode3ButtonOverlay.apk 1862-1863
/product/overlay/NavigationBarModeGestural/NavigationBarModeGesturalOverlay.apk 1864-1865
/product/overlay/NotesRoleEnabled/NotesRoleEnabledOverlay.apk 1866-1867
/product/overlay/TransparentNavigationBar/TransparentNavigationBarOverlay.apk 1868-1869
/product/framework/oat/arm/ims-ext-common.odex 1870
/product/framework/oat/arm/qti-telephony-hidl-wrapper-prd.odex 1871
/product/framework/oat/arm/uimgbalibrary.odex 1872
/product/framework/oat/arm/uimgbamanagerlibrary.odex 1873
/product/framework/oat/arm/uimremoteclientlibrary.odex 1874
/product/framework/oat/arm/uimremoteserverlibrary.odex 1875
/product/framework/oat/arm64/ims-ext-common.odex 1876
/product/framework/oat/arm64/qti-telephony-hidl-wrapper-prd.odex 1877
/product/framework/oat/arm64/uimgbalibrary.odex 1878
/product/framework/oat/arm64/uimgbamanagerlibrary.odex 1879
/product/framework/oat/arm64/uimremoteclientlibrary.odex 1880
/product/framework/oat/arm64/uimremoteserverlibrary.odex 1881
/product/media/audio/ui/Camera_Timer.ogg 1882-1883
/product/media/audio/ui/Camera_Timer_2sec.ogg 1884-1900
/product/media/audio/ui/Dock.ogg 1901
/product/media/audio/ui/Effect_Tick.ogg 1902
/product/media/audio/ui/InCallNotification.ogg 1903
/product/media/audio/ui/KeypressDelete.ogg 1904
/product/media/audio/ui/KeypressInvalid.ogg 1905
/product/media/audio/ui/KeypressReturn.ogg 1906
/product/media/audio/ui/KeypressSpacebar.ogg 1907
/product/media/audio/ui/KeypressStandard.ogg 1908
/product/media/audio/ui/Lock.ogg 1909
/product/media/audio/ui/LowBattery.ogg 1910-1911
/product/media/audio/ui/Screenshots.ogg 1912-1913
/product/media/audio/ui/Undock.ogg 1914-1918
/product/media/audio/ui/Unlock.ogg 1919
/product/media/audio/ui/VideoRecord.ogg 1920-1922
/product/media/audio/ui/camera_click.ogg 1923-1924
/product/media/audio/ui/camera_click_start.ogg 1925-1926
/product/media/audio/ui/camera_click_stop.ogg 1927-1928
/product/media/audio/ui/camera_focus.ogg 1929
/product/media/audio/ui/camera_shutter.ogg 1930-1932
/product/media/audio/ui/charging.ogg 1933-1934
/product/app/DeviceStatisticsService/oat/arm64/DeviceStatisticsService.odex 1935
/product/app/datastatusnotification/oat/arm64/datastatusnotification.odex 1936
/product/app/uimgbaservice/oat/arm64/uimgbaservice.odex 1937
/product/app/uimremoteclient/oat/arm64/uimremoteclient.odex 1938
/product/app/uimremoteserver/oat/arm64/uimremoteserver.odex 1939
